Archive member included because of file (symbol)

c:/program files/atmel/atmel toolchain/avr8 gcc/native/3.4.2.1002/avr8-gnu-toolchain/bin/../lib/gcc/avr/4.7.2/../../../../avr/lib/avr5\libm.a(addsf3.o)
                              SimpleTesting.o (__subsf3)
c:/program files/atmel/atmel toolchain/avr8 gcc/native/3.4.2.1002/avr8-gnu-toolchain/bin/../lib/gcc/avr/4.7.2/../../../../avr/lib/avr5\libm.a(addsf3x.o)
                              c:/program files/atmel/atmel toolchain/avr8 gcc/native/3.4.2.1002/avr8-gnu-toolchain/bin/../lib/gcc/avr/4.7.2/../../../../avr/lib/avr5\libm.a(addsf3.o) (__addsf3x)
c:/program files/atmel/atmel toolchain/avr8 gcc/native/3.4.2.1002/avr8-gnu-toolchain/bin/../lib/gcc/avr/4.7.2/../../../../avr/lib/avr5\libm.a(atan2.o)
                              Magnetometer.o (atan2)
c:/program files/atmel/atmel toolchain/avr8 gcc/native/3.4.2.1002/avr8-gnu-toolchain/bin/../lib/gcc/avr/4.7.2/../../../../avr/lib/avr5\libm.a(atan.o)
                              c:/program files/atmel/atmel toolchain/avr8 gcc/native/3.4.2.1002/avr8-gnu-toolchain/bin/../lib/gcc/avr/4.7.2/../../../../avr/lib/avr5\libm.a(atan2.o) (atan)
c:/program files/atmel/atmel toolchain/avr8 gcc/native/3.4.2.1002/avr8-gnu-toolchain/bin/../lib/gcc/avr/4.7.2/../../../../avr/lib/avr5\libm.a(cmpsf2.o)
                              SimpleTesting.o (__ltsf2)
c:/program files/atmel/atmel toolchain/avr8 gcc/native/3.4.2.1002/avr8-gnu-toolchain/bin/../lib/gcc/avr/4.7.2/../../../../avr/lib/avr5\libm.a(cos.o)
                              Magnetometer.o (cos)
c:/program files/atmel/atmel toolchain/avr8 gcc/native/3.4.2.1002/avr8-gnu-toolchain/bin/../lib/gcc/avr/4.7.2/../../../../avr/lib/avr5\libm.a(divsf3.o)
                              Magnetometer.o (__divsf3)
c:/program files/atmel/atmel toolchain/avr8 gcc/native/3.4.2.1002/avr8-gnu-toolchain/bin/../lib/gcc/avr/4.7.2/../../../../avr/lib/avr5\libm.a(divsf3x.o)
                              c:/program files/atmel/atmel toolchain/avr8 gcc/native/3.4.2.1002/avr8-gnu-toolchain/bin/../lib/gcc/avr/4.7.2/../../../../avr/lib/avr5\libm.a(divsf3.o) (__divsf3x)
c:/program files/atmel/atmel toolchain/avr8 gcc/native/3.4.2.1002/avr8-gnu-toolchain/bin/../lib/gcc/avr/4.7.2/../../../../avr/lib/avr5\libm.a(fixsfsi.o)
                              Gyro.o (__fixsfsi)
c:/program files/atmel/atmel toolchain/avr8 gcc/native/3.4.2.1002/avr8-gnu-toolchain/bin/../lib/gcc/avr/4.7.2/../../../../avr/lib/avr5\libm.a(fixunssfsi.o)
                              c:/program files/atmel/atmel toolchain/avr8 gcc/native/3.4.2.1002/avr8-gnu-toolchain/bin/../lib/gcc/avr/4.7.2/../../../../avr/lib/avr5\libm.a(fixsfsi.o) (__fixunssfsi)
c:/program files/atmel/atmel toolchain/avr8 gcc/native/3.4.2.1002/avr8-gnu-toolchain/bin/../lib/gcc/avr/4.7.2/../../../../avr/lib/avr5\libm.a(floatsisf.o)
                              Gyro.o (__floatsisf)
c:/program files/atmel/atmel toolchain/avr8 gcc/native/3.4.2.1002/avr8-gnu-toolchain/bin/../lib/gcc/avr/4.7.2/../../../../avr/lib/avr5\libm.a(fp_cmp.o)
                              c:/program files/atmel/atmel toolchain/avr8 gcc/native/3.4.2.1002/avr8-gnu-toolchain/bin/../lib/gcc/avr/4.7.2/../../../../avr/lib/avr5\libm.a(cmpsf2.o) (__fp_cmp)
c:/program files/atmel/atmel toolchain/avr8 gcc/native/3.4.2.1002/avr8-gnu-toolchain/bin/../lib/gcc/avr/4.7.2/../../../../avr/lib/avr5\libm.a(fp_inf.o)
                              c:/program files/atmel/atmel toolchain/avr8 gcc/native/3.4.2.1002/avr8-gnu-toolchain/bin/../lib/gcc/avr/4.7.2/../../../../avr/lib/avr5\libm.a(addsf3x.o) (__fp_inf)
c:/program files/atmel/atmel toolchain/avr8 gcc/native/3.4.2.1002/avr8-gnu-toolchain/bin/../lib/gcc/avr/4.7.2/../../../../avr/lib/avr5\libm.a(fp_nan.o)
                              c:/program files/atmel/atmel toolchain/avr8 gcc/native/3.4.2.1002/avr8-gnu-toolchain/bin/../lib/gcc/avr/4.7.2/../../../../avr/lib/avr5\libm.a(addsf3x.o) (__fp_nan)
c:/program files/atmel/atmel toolchain/avr8 gcc/native/3.4.2.1002/avr8-gnu-toolchain/bin/../lib/gcc/avr/4.7.2/../../../../avr/lib/avr5\libm.a(fp_powser.o)
                              c:/program files/atmel/atmel toolchain/avr8 gcc/native/3.4.2.1002/avr8-gnu-toolchain/bin/../lib/gcc/avr/4.7.2/../../../../avr/lib/avr5\libm.a(atan.o) (__fp_powser)
c:/program files/atmel/atmel toolchain/avr8 gcc/native/3.4.2.1002/avr8-gnu-toolchain/bin/../lib/gcc/avr/4.7.2/../../../../avr/lib/avr5\libm.a(fp_pscA.o)
                              c:/program files/atmel/atmel toolchain/avr8 gcc/native/3.4.2.1002/avr8-gnu-toolchain/bin/../lib/gcc/avr/4.7.2/../../../../avr/lib/avr5\libm.a(addsf3x.o) (__fp_pscA)
c:/program files/atmel/atmel toolchain/avr8 gcc/native/3.4.2.1002/avr8-gnu-toolchain/bin/../lib/gcc/avr/4.7.2/../../../../avr/lib/avr5\libm.a(fp_pscB.o)
                              c:/program files/atmel/atmel toolchain/avr8 gcc/native/3.4.2.1002/avr8-gnu-toolchain/bin/../lib/gcc/avr/4.7.2/../../../../avr/lib/avr5\libm.a(addsf3x.o) (__fp_pscB)
[...]
Memory Configuration

Name             Origin             Length             Attributes
text             0x00000000         0x00020000         xr
data             0x00800060         0x0000ffa0         rw !x
eeprom           0x00810000         0x00010000         rw !x
fuse             0x00820000         0x00000400         rw !x
lock             0x00830000         0x00000400         rw !x
signature        0x00840000         0x00000400         rw !x
user_signatures  0x00850000         0x00000400         rw !x
*default*        0x00000000         0xffffffff

Linker script and memory map

LOAD c:/program files/atmel/atmel toolchain/avr8 gcc/native/3.4.2.1002/avr8-gnu-toolchain/bin/../lib/gcc/avr/4.7.2/../../../../avr/lib/avr5/crtm32.o
LOAD Accelerometer.o
LOAD Barometer.o
LOAD ADC_Reading.o
LOAD Gyro.o
LOAD OLED_display.o
LOAD Magnetometer.o
LOAD port.o
LOAD ServoControl.o
LOAD SimpleTesting.o
LOAD uart.o
START GROUP
LOAD c:/program files/atmel/atmel toolchain/avr8 gcc/native/3.4.2.1002/avr8-gnu-toolchain/bin/../lib/gcc/avr/4.7.2/../../../../avr/lib/avr5\libm.a
END GROUP
LOAD c:/program files/atmel/atmel toolchain/avr8 gcc/native/3.4.2.1002/avr8-gnu-toolchain/bin/../lib/gcc/avr/4.7.2/avr5\libgcc.a
LOAD c:/program files/atmel/atmel toolchain/avr8 gcc/native/3.4.2.1002/avr8-gnu-toolchain/bin/../lib/gcc/avr/4.7.2/../../../../avr/lib/avr5\libc.a
LOAD c:/program files/atmel/atmel toolchain/avr8 gcc/native/3.4.2.1002/avr8-gnu-toolchain/bin/../lib/gcc/avr/4.7.2/avr5\libgcc.a

.hash
 *(.hash)

.dynsym
 *(.dynsym)

.dynstr
 *(.dynstr)

.gnu.version
 *(.gnu.version)

.gnu.version_d
 *(.gnu.version_d)

.gnu.version_r
 *(.gnu.version_r)

.rel.init
 *(.rel.init)

.rela.init
 *(.rela.init)

.rel.text
 *(.rel.text)
 *(.rel.text.*)
 *(.rel.gnu.linkonce.t*)

.rela.text
 *(.rela.text)
 *(.rela.text.*)
 *(.rela.gnu.linkonce.t*)

.rel.fini
 *(.rel.fini)

.rela.fini
 *(.rela.fini)

.rel.rodata
 *(.rel.rodata)
 *(.rel.rodata.*)
 *(.rel.gnu.linkonce.r*)

.rela.rodata
 *(.rela.rodata)
 *(.rela.rodata.*)
 *(.rela.gnu.linkonce.r*)

.rel.data
 *(.rel.data)
 *(.rel.data.*)
 *(.rel.gnu.linkonce.d*)

.rela.data
 *(.rela.data)
 *(.rela.data.*)
 *(.rela.gnu.linkonce.d*)

.rel.ctors
 *(.rel.ctors)

.rela.ctors
 *(.rela.ctors)

.rel.dtors
 *(.rel.dtors)

.rela.dtors
 *(.rela.dtors)

.rel.got
 *(.rel.got)

.rela.got
 *(.rela.got)

.rel.bss
 *(.rel.bss)

.rela.bss
 *(.rela.bss)

.rel.plt
 *(.rel.plt)

.rela.plt
 *(.rela.plt)

.text           0x00000000     0x424c
 *(.vectors)
 .vectors       0x00000000       0x54 c:/program files/atmel/atmel toolchain/avr8 gcc/native/3.4.2.1002/avr8-gnu-toolchain/bin/../lib/gcc/avr/4.7.2/../../../../avr/lib/avr5/crtm32.o
                0x00000000                __vector_default
                0x00000000                __vectors
 *(.vectors)
 *(.progmem.gcc*)
 .progmem.gcc_fplib
                0x00000054       0x2d c:/program files/atmel/atmel toolchain/avr8 gcc/native/3.4.2.1002/avr8-gnu-toolchain/bin/../lib/gcc/avr/4.7.2/../../../../avr/lib/avr5\libm.a(atan.o)
 .progmem.gcc_fplib
                0x00000081       0x1e c:/program files/atmel/atmel toolchain/avr8 gcc/native/3.4.2.1002/avr8-gnu-toolchain/bin/../lib/gcc/avr/4.7.2/../../../../avr/lib/avr5\libm.a(fp_sinus.o)
 *(.progmem*)
                0x000000a0                . = ALIGN (0x2)
 *fill*         0x0000009f        0x1 
                0x000000a0                __trampolines_start = .
 *(.trampolines)
 .trampolines   0x000000a0        0x0 linker stubs
 *(.trampolines*)
                0x000000a0                __trampolines_end = .
 *(.jumptables)
 *(.jumptables*)
 *(.lowtext)
 *(.lowtext*)
                0x000000a0                __ctors_start = .
 *(.ctors)
                0x000000a0                __ctors_end = .
                0x000000a0                __dtors_start = .
 *(.dtors)
                0x000000a0                __dtors_end = .
 SORT(*)(.ctors)
 SORT(*)(.dtors)
 *(.init0)
 .init0         0x000000a0        0x0 c:/program files/atmel/atmel toolchain/avr8 gcc/native/3.4.2.1002/avr8-gnu-toolchain/bin/../lib/gcc/avr/4.7.2/../../../../avr/lib/avr5/crtm32.o
                0x000000a0                __init
 *(.init0)
 *(.init1)
 *(.init1)
 *(.init2)
 .init2         0x000000a0        0xc c:/program files/atmel/atmel toolchain/avr8 gcc/native/3.4.2.1002/avr8-gnu-toolchain/bin/../lib/gcc/avr/4.7.2/../../../../avr/lib/avr5/crtm32.o
 *(.init2)
 *(.init3)
 *(.init3)
 *(.init4)
 .init4         0x000000ac       0x16 c:/program files/atmel/atmel toolchain/avr8 gcc/native/3.4.2.1002/avr8-gnu-toolchain/bin/../lib/gcc/avr/4.7.2/avr5\libgcc.a(_copy_data.o)
                0x000000ac                __do_copy_data
 .init4         0x000000c2       0x10 c:/program files/atmel/atmel toolchain/avr8 gcc/native/3.4.2.1002/avr8-gnu-toolchain/bin/../lib/gcc/avr/4.7.2/avr5\libgcc.a(_clear_bss.o)
                0x000000c2                __do_clear_bss
 *(.init4)
 *(.init5)
 *(.init5)
 *(.init6)
 *(.init6)
 *(.init7)
 *(.init7)
 *(.init8)
 *(.init8)
 *(.init9)
 .init9         0x000000d2        0x8 c:/program files/atmel/atmel toolchain/avr8 gcc/native/3.4.2.1002/avr8-gnu-toolchain/bin/../lib/gcc/avr/4.7.2/../../../../avr/lib/avr5/crtm32.o
 *(.init9)
 *(.text)
 .text          0x000000da        0x4 c:/program files/atmel/atmel toolchain/avr8 gcc/native/3.4.2.1002/avr8-gnu-toolchain/bin/../lib/gcc/avr/4.7.2/../../../../avr/lib/avr5/crtm32.o
                0x000000da                __vector_12
                0x000000da                __bad_interrupt
                0x000000da                __vector_6
                0x000000da                __vector_3
                0x000000da                __vector_11
                0x000000da                __vector_17
                0x000000da                __vector_19
                0x000000da                __vector_4
                0x000000da                __vector_9
                0x000000da                __vector_2
                0x000000da                __vector_15
                0x000000da                __vector_8
                0x000000da                __vector_14
                0x000000da                __vector_16
                0x000000da                __vector_18
                0x000000da                __vector_20
                0x000000de                . = ALIGN (0x2)
 *(.text.*)
 .text.write_acc_registry
                0x000000de       0x2e Accelerometer.o
                0x000000de                write_acc_registry
 .text.acc_start
                0x0000010c       0x1a Accelerometer.o
                0x0000010c                acc_start
 .text.acc_reading
                0x00000126      0x142 Accelerometer.o
                0x00000126                acc_reading
 .text.write_baro_registry
                0x00000268       0x2e Barometer.o
                0x00000268                write_baro_registry
 .text.baro_start
                0x00000296       0x32 Barometer.o
                0x00000296                baro_start
 .text.baro_read
                0x000002c8      0x11c Barometer.o
                0x000002c8                baro_read
 .text.baro_calibration
                0x000003e4       0x2a Barometer.o
                0x000003e4                baro_calibration
 .text.ADC_start
                0x0000040e       0x14 ADC_Reading.o
                0x0000040e                ADC_start
 .text.ADC_read_speed
                0x00000422       0x2e ADC_Reading.o
                0x00000422                ADC_read_speed
 .text.write_gyro_registry
                0x00000450       0x2e Gyro.o
                0x00000450                write_gyro_registry
 .text.gyro_start
                0x0000047e       0x22 Gyro.o
                0x0000047e                gyro_start
 .text.gyro_read
                0x000004a0      0x1a6 Gyro.o
                0x000004a0                gyro_read
 .text.gyro_calibration
                0x00000646      0x152 Gyro.o
                0x00000646                gyro_calibration
 .text.OLED_send_cmd
                0x00000798       0x1a OLED_display.o
                0x00000798                OLED_send_cmd
 .text.OLED_send_byte
                0x000007b2       0x1a OLED_display.o
                0x000007b2                OLED_send_byte
 .text.OLED_init
                0x000007cc       0x5c OLED_display.o
                0x000007cc                OLED_init
 .text.OLED_clear
                0x00000828       0x60 OLED_display.o
                0x00000828                OLED_clear
 .text.OLED_set_position
                0x00000888       0x30 OLED_display.o
                0x00000888                OLED_set_position
 .text.OLED_set_pos_0
                0x000008b8       0x14 OLED_display.o
                0x000008b8                OLED_set_pos_0
 .text.OLED_send_string
                0x000008cc       0x7a OLED_display.o
                0x000008cc                OLED_send_string
 .text.OLED_send_num
                0x00000946       0x3c OLED_display.o
                0x00000946                OLED_send_num
 .text.write_mag_registry
                0x00000982       0x2e Magnetometer.o
                0x00000982                write_mag_registry
 .text.mag_start
                0x000009b0       0x12 Magnetometer.o
                0x000009b0                mag_start
 .text.mag_read
                0x000009c2      0x29a Magnetometer.o
                0x000009c2                mag_read
 .text.i2c_initialize
                0x00000c5c        0xc port.o
                0x00000c5c                i2c_initialize
 .text.i2c_start
                0x00000c68       0x14 port.o
                0x00000c68                i2c_start
 .text.i2c_repeated_start
                0x00000c7c        0xc port.o
                0x00000c7c                i2c_repeated_start
 .text.i2c_send_address_read
                0x00000c88       0x18 port.o
                0x00000c88                i2c_send_address_read
 .text.i2c_send_address_write
                0x00000ca0       0x16 port.o
                0x00000ca0                i2c_send_address_write
 .text.i2c_send_registry
                0x00000cb6       0x16 port.o
                0x00000cb6                i2c_send_registry
 .text.i2c_send_data
                0x00000ccc       0x16 port.o
                0x00000ccc                i2c_send_data
 .text.i2c_read_data_nmak
                0x00000ce2       0x10 port.o
                0x00000ce2                i2c_read_data_nmak
 .text.i2c_read_data_mak
                0x00000cf2       0x10 port.o
                0x00000cf2                i2c_read_data_mak
 .text.i2c_stop
                0x00000d02        0xe port.o
                0x00000d02                i2c_stop
 .text.i2c_wait_transmission
                0x00000d10       0x2a port.o
                0x00000d10                i2c_wait_transmission
 .text.i2c_write_val_to_reg_OLED
                0x00000d3a       0x2c port.o
                0x00000d3a                i2c_write_val_to_reg_OLED
 .text.i2c_repeated_start_OLED
                0x00000d66        0xa port.o
                0x00000d66                i2c_repeated_start_OLED
 .text.servo_init
                0x00000d70       0x3e ServoControl.o
                0x00000d70                servo_init
 .text.__vector_7
                0x00000dae      0x2a0 ServoControl.o
                0x00000dae                __vector_7
 .text.__vector_1
                0x0000104e       0x5e ServoControl.o
                0x0000104e                __vector_1
 .text.__vector_5
                0x000010ac       0x2c ServoControl.o
                0x000010ac                __vector_5
 .text.Task_Timer
                0x000010d8       0x2a SimpleTesting.o
                0x000010d8                Task_Timer
 .text.task_flag_set
                0x00001102        0xc SimpleTesting.o
                0x00001102                task_flag_set
 .text.__vector_10
                0x0000110e       0x5a SimpleTesting.o
                0x0000110e                __vector_10
 .text.task_flag_reset
                0x00001168        0xc SimpleTesting.o
                0x00001168                task_flag_reset
 .text.Task_active
                0x00001174       0x8c SimpleTesting.o
                0x00001174                Task_active
 .text.WDT_on   0x00001200        0x8 SimpleTesting.o
                0x00001200                WDT_on
 .text.atol_new
                0x00001208       0x88 SimpleTesting.o
                0x00001208                atol_new
 .text.main     0x00001290     0x260c SimpleTesting.o
                0x00001290                main
 .text.init_uart
                0x0000389c       0x1a uart.o
                0x0000389c                init_uart
 .text.__vector_13
                0x000038b6       0xe4 uart.o
                0x000038b6                __vector_13
 .text.write_char
                0x0000399a        0x8 uart.o
                0x0000399a                write_char
 .text.write_string
                0x000039a2       0x20 uart.o
                0x000039a2                write_string
 .text.write_string_ln
                0x000039c2       0x28 uart.o
                0x000039c2                write_string_ln
 .text.write_var
                0x000039ea       0x3c uart.o
                0x000039ea                write_var
 .text.write_var_ln
                0x00003a26       0x44 uart.o
                0x00003a26                write_var_ln
 .text.avr-libc.fplib
                0x00003a6a        0xa c:/program files/atmel/atmel toolchain/avr8 gcc/native/3.4.2.1002/avr8-gnu-toolchain/bin/../lib/gcc/avr/4.7.2/../../../../avr/lib/avr5\libm.a(addsf3.o)
                0x00003a6a                __subsf3
                0x00003a6c                __addsf3
 .text.avr-libc.fplib
                0x00003a74       0xc0 c:/program files/atmel/atmel toolchain/avr8 gcc/native/3.4.2.1002/avr8-gnu-toolchain/bin/../lib/gcc/avr/4.7.2/../../../../avr/lib/avr5\libm.a(addsf3x.o)
                0x00003a8e                __addsf3x
 .text.avr-libc.fplib
                0x00003b34       0x74 c:/program files/atmel/atmel toolchain/avr8 gcc/native/3.4.2.1002/avr8-gnu-toolchain/bin/../lib/gcc/avr/4.7.2/../../../../avr/lib/avr5\libm.a(atan2.o)
                0x00003b52                atan2
 .text.avr-libc.fplib
                0x00003ba8       0x50 c:/program files/atmel/atmel toolchain/avr8 gcc/native/3.4.2.1002/avr8-gnu-toolchain/bin/../lib/gcc/avr/4.7.2/../../../../avr/lib/avr5\libm.a(atan.o)
                0x00003ba8                atan
 .text.avr-libc.fplib
                0x00003bf8        0x8 c:/program files/atmel/atmel toolchain/avr8 gcc/native/3.4.2.1002/avr8-gnu-toolchain/bin/../lib/gcc/avr/4.7.2/../../../../avr/lib/avr5\libm.a(cmpsf2.o)
                0x00003bf8                __nesf2
                0x00003bf8                __eqsf2
                0x00003bf8                __cmpsf2
                0x00003bf8                __ltsf2
                0x00003bf8                __lesf2
 .text.avr-libc.fplib
                0x00003c00        0x6 c:/program files/atmel/atmel toolchain/avr8 gcc/native/3.4.2.1002/avr8-gnu-toolchain/bin/../lib/gcc/avr/4.7.2/../../../../avr/lib/avr5\libm.a(cos.o)
                0x00003c00                cos
 .text.avr-libc.fplib
                0x00003c06        0x4 c:/program files/atmel/atmel toolchain/avr8 gcc/native/3.4.2.1002/avr8-gnu-toolchain/bin/../lib/gcc/avr/4.7.2/../../../../avr/lib/avr5\libm.a(divsf3.o)
                0x00003c06                __divsf3
 .text.avr-libc.fplib
                0x00003c0a       0xcc c:/program files/atmel/atmel toolchain/avr8 gcc/native/3.4.2.1002/avr8-gnu-toolchain/bin/../lib/gcc/avr/4.7.2/../../../../avr/lib/avr5\libm.a(divsf3x.o)
                0x00003c20                __divsf3x
                0x00003c24                __divsf3_pse
 .text.avr-libc.fplib
                0x00003cd6        0xa c:/program files/atmel/atmel toolchain/avr8 gcc/native/3.4.2.1002/avr8-gnu-toolchain/bin/../lib/gcc/avr/4.7.2/../../../../avr/lib/avr5\libm.a(fixsfsi.o)
                0x00003cd6                __fixsfsi
 .text.avr-libc.fplib
                0x00003ce0       0x58 c:/program files/atmel/atmel toolchain/avr8 gcc/native/3.4.2.1002/avr8-gnu-toolchain/bin/../lib/gcc/avr/4.7.2/../../../../avr/lib/avr5\libm.a(fixunssfsi.o)
                0x00003ce0                __fixunssfsi
 .text.avr-libc.fplib
                0x00003d38       0x7a c:/program files/atmel/atmel toolchain/avr8 gcc/native/3.4.2.1002/avr8-gnu-toolchain/bin/../lib/gcc/avr/4.7.2/../../../../avr/lib/avr5\libm.a(floatsisf.o)
                0x00003d38                __floatunsisf
                0x00003d3c                __floatsisf
 .text.avr-libc.fplib
                0x00003db2       0x48 c:/program files/atmel/atmel toolchain/avr8 gcc/native/3.4.2.1002/avr8-gnu-toolchain/bin/../lib/gcc/avr/4.7.2/../../../../avr/lib/avr5\libm.a(fp_cmp.o)
                0x00003db2                __fp_cmp
 .text.avr-libc.fplib
                0x00003dfa        0xc c:/program files/atmel/atmel toolchain/avr8 gcc/native/3.4.2.1002/avr8-gnu-toolchain/bin/../lib/gcc/avr/4.7.2/../../../../avr/lib/avr5\libm.a(fp_inf.o)
                0x00003dfa                __fp_inf
 .text.avr-libc.fplib
                0x00003e06        0x6 c:/program files/atmel/atmel toolchain/avr8 gcc/native/3.4.2.1002/avr8-gnu-toolchain/bin/../lib/gcc/avr/4.7.2/../../../../avr/lib/avr5\libm.a(fp_nan.o)
                0x00003e06                __fp_nan
 .text.avr-libc.fplib
                0x00003e0c       0x4a c:/program files/atmel/atmel toolchain/avr8 gcc/native/3.4.2.1002/avr8-gnu-toolchain/bin/../lib/gcc/avr/4.7.2/../../../../avr/lib/avr5\libm.a(fp_powser.o)
                0x00003e0c                __fp_powser
 .text.avr-libc.fplib
                0x00003e56        0xe c:/program files/atmel/atmel toolchain/avr8 gcc/native/3.4.2.1002/avr8-gnu-toolchain/bin/../lib/gcc/avr/4.7.2/../../../../avr/lib/avr5\libm.a(fp_pscA.o)
                0x00003e56                __fp_pscA
 .text.avr-libc.fplib
                0x00003e64        0xe c:/program files/atmel/atmel toolchain/avr8 gcc/native/3.4.2.1002/avr8-gnu-toolchain/bin/../lib/gcc/avr/4.7.2/../../../../avr/lib/avr5\libm.a(fp_pscB.o)
                0x00003e64                __fp_pscB
 .text.avr-libc.fplib
                0x00003e72       0x50 c:/program files/atmel/atmel toolchain/avr8 gcc/native/3.4.2.1002/avr8-gnu-toolchain/bin/../lib/gcc/avr/4.7.2/../../../../avr/lib/avr5\libm.a(fp_rempio2.o)
                0x00003e74                __fp_rempio2
 .text.avr-libc.fplib
                0x00003ec2       0x22 c:/program files/atmel/atmel toolchain/avr8 gcc/native/3.4.2.1002/avr8-gnu-toolchain/bin/../lib/gcc/avr/4.7.2/../../../../avr/lib/avr5\libm.a(fp_round.o)
                0x00003ec2                __fp_round
 .text.avr-libc.fplib
                0x00003ee4       0x22 c:/program files/atmel/atmel toolchain/avr8 gcc/native/3.4.2.1002/avr8-gnu-toolchain/bin/../lib/gcc/avr/4.7.2/../../../../avr/lib/avr5\libm.a(fp_sinus.o)
                0x00003ee4                __fp_sinus
 .text.avr-libc.fplib
                0x00003f06       0x44 c:/program files/atmel/atmel toolchain/avr8 gcc/native/3.4.2.1002/avr8-gnu-toolchain/bin/../lib/gcc/avr/4.7.2/../../../../avr/lib/avr5\libm.a(fp_split3.o)
                0x00003f06                __fp_split3
                0x00003f16                __fp_splitA
 .text.avr-libc.fplib
                0x00003f4a        0xe c:/program files/atmel/atmel toolchain/avr8 gcc/native/3.4.2.1002/avr8-gnu-toolchain/bin/../lib/gcc/avr/4.7.2/../../../../avr/lib/avr5\libm.a(fp_zero.o)
                0x00003f4a                __fp_zero
                0x00003f4c                __fp_szero
 .text.avr-libc.fplib
                0x00003f58        0x8 c:/program files/atmel/atmel toolchain/avr8 gcc/native/3.4.2.1002/avr8-gnu-toolchain/bin/../lib/gcc/avr/4.7.2/../../../../avr/lib/avr5\libm.a(gesf2.o)
                0x00003f58                __gesf2
                0x00003f58                __gtsf2
 .text.avr-libc.fplib
                0x00003f60        0xe c:/program files/atmel/atmel toolchain/avr8 gcc/native/3.4.2.1002/avr8-gnu-toolchain/bin/../lib/gcc/avr/4.7.2/../../../../avr/lib/avr5\libm.a(inverse.o)
                0x00003f60                inverse
 .text.avr-libc.fplib
                0x00003f6e        0x4 c:/program files/atmel/atmel toolchain/avr8 gcc/native/3.4.2.1002/avr8-gnu-toolchain/bin/../lib/gcc/avr/4.7.2/../../../../avr/lib/avr5\libm.a(mulsf3.o)
                0x00003f6e                __mulsf3
 .text.avr-libc.fplib
                0x00003f72       0xc2 c:/program files/atmel/atmel toolchain/avr8 gcc/native/3.4.2.1002/avr8-gnu-toolchain/bin/../lib/gcc/avr/4.7.2/../../../../avr/lib/avr5\libm.a(mulsf3x.o)
                0x00003f86                __mulsf3x
                0x00003f8a                __mulsf3_pse
 .text.avr-libc.fplib
                0x00004034        0xc c:/program files/atmel/atmel toolchain/avr8 gcc/native/3.4.2.1002/avr8-gnu-toolchain/bin/../lib/gcc/avr/4.7.2/../../../../avr/lib/avr5\libm.a(sin.o)
                0x00004034                sin
 .text.avr-libc.fplib
                0x00004040        0x6 c:/program files/atmel/atmel toolchain/avr8 gcc/native/3.4.2.1002/avr8-gnu-toolchain/bin/../lib/gcc/avr/4.7.2/../../../../avr/lib/avr5\libm.a(square.o)
                0x00004040                square
 .text.avr-libc.fplib
                0x00004046       0x1c c:/program files/atmel/atmel toolchain/avr8 gcc/native/3.4.2.1002/avr8-gnu-toolchain/bin/../lib/gcc/avr/4.7.2/../../../../avr/lib/avr5\libm.a(fp_mpack.o)
                0x00004046                __fp_mpack
                0x0000404a                __fp_mpack_finite
 .text.avr-libc.fplib
                0x00004062       0x22 c:/program files/atmel/atmel toolchain/avr8 gcc/native/3.4.2.1002/avr8-gnu-toolchain/bin/../lib/gcc/avr/4.7.2/../../../../avr/lib/avr5\libm.a(fp_powsodd.o)
                0x00004062                __fp_powsodd
 .text.libgcc.mul
                0x00004084       0x20 c:/program files/atmel/atmel toolchain/avr8 gcc/native/3.4.2.1002/avr8-gnu-toolchain/bin/../lib/gcc/avr/4.7.2/avr5\libgcc.a(_mulsi3.o)
                0x00004084                __mulsi3
 .text.libgcc.div
                0x000040a4       0x28 c:/program files/atmel/atmel toolchain/avr8 gcc/native/3.4.2.1002/avr8-gnu-toolchain/bin/../lib/gcc/avr/4.7.2/avr5\libgcc.a(_divmodhi4.o)
                0x000040a4                _div
                0x000040a4                __divmodhi4
 .text.libgcc.div
                0x000040cc       0x44 c:/program files/atmel/atmel toolchain/avr8 gcc/native/3.4.2.1002/avr8-gnu-toolchain/bin/../lib/gcc/avr/4.7.2/avr5\libgcc.a(_udivmodsi4.o)
                0x000040cc                __udivmodsi4
 .text.libgcc.div
                0x00004110       0x38 c:/program files/atmel/atmel toolchain/avr8 gcc/native/3.4.2.1002/avr8-gnu-toolchain/bin/../lib/gcc/avr/4.7.2/avr5\libgcc.a(_divmodsi4.o)
                0x00004110                __divmodsi4
 .text.libgcc.mul
                0x00004148       0x16 c:/program files/atmel/atmel toolchain/avr8 gcc/native/3.4.2.1002/avr8-gnu-toolchain/bin/../lib/gcc/avr/4.7.2/avr5\libgcc.a(_muluhisi3.o)
                0x00004148                __muluhisi3
 .text.libgcc.mul
                0x0000415e       0x10 c:/program files/atmel/atmel toolchain/avr8 gcc/native/3.4.2.1002/avr8-gnu-toolchain/bin/../lib/gcc/avr/4.7.2/avr5\libgcc.a(_mulshisi3.o)
                0x0000415e                __mulshisi3
                0x00004164                __mulohisi3
 .text.libgcc.div
                0x0000416e       0x28 c:/program files/atmel/atmel toolchain/avr8 gcc/native/3.4.2.1002/avr8-gnu-toolchain/bin/../lib/gcc/avr/4.7.2/avr5\libgcc.a(_udivmodhi4.o)
                0x0000416e                __udivmodhi4
 .text.libgcc.mul
                0x00004196       0x18 c:/program files/atmel/atmel toolchain/avr8 gcc/native/3.4.2.1002/avr8-gnu-toolchain/bin/../lib/gcc/avr/4.7.2/avr5\libgcc.a(_umulhisi3.o)
                0x00004196                __umulhisi3
 .text.avr-libc
                0x000041ae       0x12 c:/program files/atmel/atmel toolchain/avr8 gcc/native/3.4.2.1002/avr8-gnu-toolchain/bin/../lib/gcc/avr/4.7.2/../../../../avr/lib/avr5\libc.a(strcmp.o)
                0x000041ae                strcmp
 .text.avr-libc
                0x000041c0       0x68 c:/program files/atmel/atmel toolchain/avr8 gcc/native/3.4.2.1002/avr8-gnu-toolchain/bin/../lib/gcc/avr/4.7.2/../../../../avr/lib/avr5\libc.a(ltoa.o)
                0x000041c0                ltoa
 .text.avr-libc
                0x00004228       0x20 c:/program files/atmel/atmel toolchain/avr8 gcc/native/3.4.2.1002/avr8-gnu-toolchain/bin/../lib/gcc/avr/4.7.2/../../../../avr/lib/avr5\libc.a(strrev.o)
                0x00004228                strrev
                0x00004248                . = ALIGN (0x2)
 *(.fini9)
 .fini9         0x00004248        0x0 c:/program files/atmel/atmel toolchain/avr8 gcc/native/3.4.2.1002/avr8-gnu-toolchain/bin/../lib/gcc/avr/4.7.2/avr5\libgcc.a(_exit.o)
                0x00004248                _exit
                0x00004248                exit
 *(.fini9)
 *(.fini8)
 *(.fini8)
 *(.fini7)
 *(.fini7)
 *(.fini6)
 *(.fini6)
 *(.fini5)
 *(.fini5)
 *(.fini4)
 *(.fini4)
 *(.fini3)
 *(.fini3)
 *(.fini2)
 *(.fini2)
 *(.fini1)
 *(.fini1)
 *(.fini0)
 .fini0         0x00004248        0x4 c:/program files/atmel/atmel toolchain/avr8 gcc/native/3.4.2.1002/avr8-gnu-toolchain/bin/../lib/gcc/avr/4.7.2/avr5\libgcc.a(_exit.o)
 *(.fini0)
                0x0000424c                _etext = .

.data           0x00800060      0x3ae load address 0x0000424c
                0x00800060                PROVIDE (__data_start, .)
 *(.data)
 .data          0x00800060        0x0 c:/program files/atmel/atmel toolchain/avr8 gcc/native/3.4.2.1002/avr8-gnu-toolchain/bin/../lib/gcc/avr/4.7.2/../../../../avr/lib/avr5/crtm32.o
 .data          0x00800060        0x0 Accelerometer.o
 .data          0x00800060        0x0 Barometer.o
 .data          0x00800060        0x0 ADC_Reading.o
 .data          0x00800060        0x0 Gyro.o
 .data          0x00800060        0x0 OLED_display.o
 .data          0x00800060        0x0 Magnetometer.o
 .data          0x00800060        0x0 port.o
 .data          0x00800060        0x0 ServoControl.o
 .data          0x00800060        0x0 SimpleTesting.o
 .data          0x00800060        0x0 uart.o
 .data          0x00800060        0x0 c:/program files/atmel/atmel toolchain/avr8 gcc/native/3.4.2.1002/avr8-gnu-toolchain/bin/../lib/gcc/avr/4.7.2/../../../../avr/lib/avr5\libm.a(addsf3.o)
 .data          0x00800060        0x0 c:/program files/atmel/atmel toolchain/avr8 gcc/native/3.4.2.1002/avr8-gnu-toolchain/bin/../lib/gcc/avr/4.7.2/../../../../avr/lib/avr5\libm.a(addsf3x.o)
 .data          0x00800060        0x0 c:/program files/atmel/atmel toolchain/avr8 gcc/native/3.4.2.1002/avr8-gnu-toolchain/bin/../lib/gcc/avr/4.7.2/../../../../avr/lib/avr5\libm.a(atan2.o)
 .data          0x00800060        0x0 c:/program files/atmel/atmel toolchain/avr8 gcc/native/3.4.2.1002/avr8-gnu-toolchain/bin/../lib/gcc/avr/4.7.2/../../../../avr/lib/avr5\libm.a(atan.o)
 .data          0x00800060        0x0 c:/program files/atmel/atmel toolchain/avr8 gcc/native/3.4.2.1002/avr8-gnu-toolchain/bin/../lib/gcc/avr/4.7.2/../../../../avr/lib/avr5\libm.a(cmpsf2.o)
 .data          0x00800060        0x0 c:/program files/atmel/atmel toolchain/avr8 gcc/native/3.4.2.1002/avr8-gnu-toolchain/bin/../lib/gcc/avr/4.7.2/../../../../avr/lib/avr5\libm.a(cos.o)
 .data          0x00800060        0x0 c:/program files/atmel/atmel toolchain/avr8 gcc/native/3.4.2.1002/avr8-gnu-toolchain/bin/../lib/gcc/avr/4.7.2/../../../../avr/lib/avr5\libm.a(divsf3.o)
 .data          0x00800060        0x0 c:/program files/atmel/atmel toolchain/avr8 gcc/native/3.4.2.1002/avr8-gnu-toolchain/bin/../lib/gcc/avr/4.7.2/../../../../avr/lib/avr5\libm.a(divsf3x.o)
 .data          0x00800060        0x0 c:/program files/atmel/atmel toolchain/avr8 gcc/native/3.4.2.1002/avr8-gnu-toolchain/bin/../lib/gcc/avr/4.7.2/../../../../avr/lib/avr5\libm.a(fixsfsi.o)
 .data          0x00800060        0x0 c:/program files/atmel/atmel toolchain/avr8 gcc/native/3.4.2.1002/avr8-gnu-toolchain/bin/../lib/gcc/avr/4.7.2/../../../../avr/lib/avr5\libm.a(fixunssfsi.o)
 .data          0x00800060        0x0 c:/program files/atmel/atmel toolchain/avr8 gcc/native/3.4.2.1002/avr8-gnu-toolchain/bin/../lib/gcc/avr/4.7.2/../../../../avr/lib/avr5\libm.a(floatsisf.o)
 .data          0x00800060        0x0 c:/program files/atmel/atmel toolchain/avr8 gcc/native/3.4.2.1002/avr8-gnu-toolchain/bin/../lib/gcc/avr/4.7.2/../../../../avr/lib/avr5\libm.a(fp_cmp.o)
 .data          0x00800060        0x0 c:/program files/atmel/atmel toolchain/avr8 gcc/native/3.4.2.1002/avr8-gnu-toolchain/bin/../lib/gcc/avr/4.7.2/../../../../avr/lib/avr5\libm.a(fp_inf.o)
 .data          0x00800060        0x0 c:/program files/atmel/atmel toolchain/avr8 gcc/native/3.4.2.1002/avr8-gnu-toolchain/bin/../lib/gcc/avr/4.7.2/../../../../avr/lib/avr5\libm.a(fp_nan.o)
 .data          0x00800060        0x0 c:/program files/atmel/atmel toolchain/avr8 gcc/native/3.4.2.1002/avr8-gnu-toolchain/bin/../lib/gcc/avr/4.7.2/../../../../avr/lib/avr5\libm.a(fp_powser.o)
 .data          0x00800060        0x0 c:/program files/atmel/atmel toolchain/avr8 gcc/native/3.4.2.1002/avr8-gnu-toolchain/bin/../lib/gcc/avr/4.7.2/../../../../avr/lib/avr5\libm.a(fp_pscA.o)
 .data          0x00800060        0x0 c:/program files/atmel/atmel toolchain/avr8 gcc/native/3.4.2.1002/avr8-gnu-toolchain/bin/../lib/gcc/avr/4.7.2/../../../../avr/lib/avr5\libm.a(fp_pscB.o)
 .data          0x00800060        0x0 c:/program files/atmel/atmel toolchain/avr8 gcc/native/3.4.2.1002/avr8-gnu-toolchain/bin/../lib/gcc/avr/4.7.2/../../../../avr/lib/avr5\libm.a(fp_rempio2.o)
 .data          0x00800060        0x0 c:/program files/atmel/atmel toolchain/avr8 gcc/native/3.4.2.1002/avr8-gnu-toolchain/bin/../lib/gcc/avr/4.7.2/../../../../avr/lib/avr5\libm.a(fp_round.o)
 .data          0x00800060        0x0 c:/program files/atmel/atmel toolchain/avr8 gcc/native/3.4.2.1002/avr8-gnu-toolchain/bin/../lib/gcc/avr/4.7.2/../../../../avr/lib/avr5\libm.a(fp_sinus.o)
 .data          0x00800060        0x0 c:/program files/atmel/atmel toolchain/avr8 gcc/native/3.4.2.1002/avr8-gnu-toolchain/bin/../lib/gcc/avr/4.7.2/../../../../avr/lib/avr5\libm.a(fp_split3.o)
 .data          0x00800060        0x0 c:/program files/atmel/atmel toolchain/avr8 gcc/native/3.4.2.1002/avr8-gnu-toolchain/bin/../lib/gcc/avr/4.7.2/../../../../avr/lib/avr5\libm.a(fp_zero.o)
 .data          0x00800060        0x0 c:/program files/atmel/atmel toolchain/avr8 gcc/native/3.4.2.1002/avr8-gnu-toolchain/bin/../lib/gcc/avr/4.7.2/../../../../avr/lib/avr5\libm.a(gesf2.o)
 .data          0x00800060        0x0 c:/program files/atmel/atmel toolchain/avr8 gcc/native/3.4.2.1002/avr8-gnu-toolchain/bin/../lib/gcc/avr/4.7.2/../../../../avr/lib/avr5\libm.a(inverse.o)
 .data          0x00800060        0x0 c:/program files/atmel/atmel toolchain/avr8 gcc/native/3.4.2.1002/avr8-gnu-toolchain/bin/../lib/gcc/avr/4.7.2/../../../../avr/lib/avr5\libm.a(mulsf3.o)
 .data          0x00800060        0x0 c:/program files/atmel/atmel toolchain/avr8 gcc/native/3.4.2.1002/avr8-gnu-toolchain/bin/../lib/gcc/avr/4.7.2/../../../../avr/lib/avr5\libm.a(mulsf3x.o)
 .data          0x00800060        0x0 c:/program files/atmel/atmel toolchain/avr8 gcc/native/3.4.2.1002/avr8-gnu-toolchain/bin/../lib/gcc/avr/4.7.2/../../../../avr/lib/avr5\libm.a(sin.o)
 .data          0x00800060        0x0 c:/program files/atmel/atmel toolchain/avr8 gcc/native/3.4.2.1002/avr8-gnu-toolchain/bin/../lib/gcc/avr/4.7.2/../../../../avr/lib/avr5\libm.a(square.o)
 .data          0x00800060        0x0 c:/program files/atmel/atmel toolchain/avr8 gcc/native/3.4.2.1002/avr8-gnu-toolchain/bin/../lib/gcc/avr/4.7.2/../../../../avr/lib/avr5\libm.a(fp_mpack.o)
 .data          0x00800060        0x0 c:/program files/atmel/atmel toolchain/avr8 gcc/native/3.4.2.1002/avr8-gnu-toolchain/bin/../lib/gcc/avr/4.7.2/../../../../avr/lib/avr5\libm.a(fp_powsodd.o)
 .data          0x00800060        0x0 c:/program files/atmel/atmel toolchain/avr8 gcc/native/3.4.2.1002/avr8-gnu-toolchain/bin/../lib/gcc/avr/4.7.2/avr5\libgcc.a(_mulsi3.o)
 .data          0x00800060        0x0 c:/program files/atmel/atmel toolchain/avr8 gcc/native/3.4.2.1002/avr8-gnu-toolchain/bin/../lib/gcc/avr/4.7.2/avr5\libgcc.a(_divmodhi4.o)
 .data          0x00800060        0x0 c:/program files/atmel/atmel toolchain/avr8 gcc/native/3.4.2.1002/avr8-gnu-toolchain/bin/../lib/gcc/avr/4.7.2/avr5\libgcc.a(_udivmodsi4.o)
 .data          0x00800060        0x0 c:/program files/atmel/atmel toolchain/avr8 gcc/native/3.4.2.1002/avr8-gnu-toolchain/bin/../lib/gcc/avr/4.7.2/avr5\libgcc.a(_divmodsi4.o)
 .data          0x00800060        0x0 c:/program files/atmel/atmel toolchain/avr8 gcc/native/3.4.2.1002/avr8-gnu-toolchain/bin/../lib/gcc/avr/4.7.2/avr5\libgcc.a(_exit.o)
 .data          0x00800060        0x0 c:/program files/atmel/atmel toolchain/avr8 gcc/native/3.4.2.1002/avr8-gnu-toolchain/bin/../lib/gcc/avr/4.7.2/avr5\libgcc.a(_copy_data.o)
 .data          0x00800060        0x0 c:/program files/atmel/atmel toolchain/avr8 gcc/native/3.4.2.1002/avr8-gnu-toolchain/bin/../lib/gcc/avr/4.7.2/avr5\libgcc.a(_clear_bss.o)
 .data          0x00800060        0x0 c:/program files/atmel/atmel toolchain/avr8 gcc/native/3.4.2.1002/avr8-gnu-toolchain/bin/../lib/gcc/avr/4.7.2/avr5\libgcc.a(_muluhisi3.o)
 .data          0x00800060        0x0 c:/program files/atmel/atmel toolchain/avr8 gcc/native/3.4.2.1002/avr8-gnu-toolchain/bin/../lib/gcc/avr/4.7.2/avr5\libgcc.a(_mulshisi3.o)
 .data          0x00800060        0x0 c:/program files/atmel/atmel toolchain/avr8 gcc/native/3.4.2.1002/avr8-gnu-toolchain/bin/../lib/gcc/avr/4.7.2/avr5\libgcc.a(_udivmodhi4.o)
 .data          0x00800060        0x0 c:/program files/atmel/atmel toolchain/avr8 gcc/native/3.4.2.1002/avr8-gnu-toolchain/bin/../lib/gcc/avr/4.7.2/avr5\libgcc.a(_umulhisi3.o)
 .data          0x00800060        0x0 c:/program files/atmel/atmel toolchain/avr8 gcc/native/3.4.2.1002/avr8-gnu-toolchain/bin/../lib/gcc/avr/4.7.2/../../../../avr/lib/avr5\libc.a(strcmp.o)
 .data          0x00800060        0x0 c:/program files/atmel/atmel toolchain/avr8 gcc/native/3.4.2.1002/avr8-gnu-toolchain/bin/../lib/gcc/avr/4.7.2/../../../../avr/lib/avr5\libc.a(itoa.o)
 .data          0x00800060        0x0 c:/program files/atmel/atmel toolchain/avr8 gcc/native/3.4.2.1002/avr8-gnu-toolchain/bin/../lib/gcc/avr/4.7.2/../../../../avr/lib/avr5\libc.a(ltoa.o)
 .data          0x00800060        0x0 c:/program files/atmel/atmel toolchain/avr8 gcc/native/3.4.2.1002/avr8-gnu-toolchain/bin/../lib/gcc/avr/4.7.2/../../../../avr/lib/avr5\libc.a(strrev.o)
 *(.data*)
 .data.ctrl_out
                0x00800060       0x1c ServoControl.o
                0x00800060                ctrl_out
 .data.Kd_head  0x0080007c        0x1 SimpleTesting.o
                0x0080007c                Kd_head
 .data.Kp_head  0x0080007d        0x1 SimpleTesting.o
                0x0080007d                Kp_head
 .data.R_angle  0x0080007e        0x4 SimpleTesting.o
                0x0080007e                R_angle
 .data.Q_gyro   0x00800082        0x4 SimpleTesting.o
                0x00800082                Q_gyro
 .data.Q_angle  0x00800086        0x4 SimpleTesting.o
                0x00800086                Q_angle
 .data.Ki_Phi   0x0080008a        0x1 SimpleTesting.o
                0x0080008a                Ki_Phi
 .data.Kd_Phi   0x0080008b        0x1 SimpleTesting.o
                0x0080008b                Kd_Phi
 .data.Kp_Phi   0x0080008c        0x1 SimpleTesting.o
                0x0080008c                Kp_Phi
 .data.K_p_q    0x0080008d        0x1 SimpleTesting.o
                0x0080008d                K_p_q
 .data.Ki_Theta
                0x0080008e        0x1 SimpleTesting.o
                0x0080008e                Ki_Theta
 .data.Kd_Theta
                0x0080008f        0x1 SimpleTesting.o
                0x0080008f                Kd_Theta
 .data.Kp_Theta
                0x00800090        0x1 SimpleTesting.o
                0x00800090                Kp_Theta
 .data.alpha_turn
                0x00800091        0x4 SimpleTesting.o
                0x00800091                alpha_turn
 .data.Ki_speed
                0x00800095        0x1 SimpleTesting.o
                0x00800095                Ki_speed
 .data.Kp_speed
                0x00800096        0x1 SimpleTesting.o
                0x00800096                Kp_speed
 .data.Kp_alt   0x00800097        0x1 SimpleTesting.o
                0x00800097                Kp_alt
 .data.alpha_alt
                0x00800098        0x4 SimpleTesting.o
                0x00800098                alpha_alt
 .data.flap_delta
                0x0080009c        0x1 SimpleTesting.o
                0x0080009c                flap_delta
 .data.flap_setpoint
                0x0080009d        0x2 SimpleTesting.o
                0x0080009d                flap_setpoint
 .data.task_t   0x0080009f        0x1 SimpleTesting.o
                0x0080009f                task_t
 *(.rodata)
 *(.rodata*)
 .rodata.str1.1
                0x008000a0        0xc Accelerometer.o
 .rodata.str1.1
                0x008000ac       0x1a Barometer.o
 .rodata.str1.1
                0x008000c6       0x14 ADC_Reading.o
 .rodata.str1.1
                0x008000da       0x39 Gyro.o
 .rodata.Font_Lookup
                0x00800113      0x1c7 OLED_display.o
                0x00800113                Font_Lookup
 .rodata.str1.1
                0x008002da        0xc Magnetometer.o
 .rodata.str1.1
                0x008002e6       0x11 port.o
 .rodata.str1.1
                0x008002f7       0x12 ServoControl.o
 .rodata.str1.1
                0x00800309      0x102 SimpleTesting.o
 .rodata.str1.1
                0x0080040b        0x3 uart.o
 *(.gnu.linkonce.d*)
                0x0080040e                . = ALIGN (0x2)
                0x0080040e                _edata = .
                0x0080040e                PROVIDE (__data_end, .)

.bss            0x0080040e      0x42d
                0x0080040e                PROVIDE (__bss_start, .)
 *(.bss)
 *(.bss*)
 .bss.acc_z_g   0x0080040e        0x2 Accelerometer.o
                0x0080040e                acc_z_g
 .bss.acc_z     0x00800410        0x2 Accelerometer.o
                0x00800410                acc_z
 .bss.acc_z_l   0x00800412        0x1 Accelerometer.o
                0x00800412                acc_z_l
 .bss.acc_z_h   0x00800413        0x1 Accelerometer.o
                0x00800413                acc_z_h
 .bss.acc_y_g   0x00800414        0x2 Accelerometer.o
                0x00800414                acc_y_g
 .bss.acc_y     0x00800416        0x2 Accelerometer.o
                0x00800416                acc_y
 .bss.acc_y_l   0x00800418        0x1 Accelerometer.o
                0x00800418                acc_y_l
 .bss.acc_y_h   0x00800419        0x1 Accelerometer.o
                0x00800419                acc_y_h
 .bss.acc_x_g   0x0080041a        0x2 Accelerometer.o
                0x0080041a                acc_x_g
 .bss.acc_x     0x0080041c        0x2 Accelerometer.o
                0x0080041c                acc_x
 .bss.acc_x_l   0x0080041e        0x1 Accelerometer.o
                0x0080041e                acc_x_l
 .bss.acc_x_h   0x0080041f        0x1 Accelerometer.o
                0x0080041f                acc_x_h
 .bss.baro_previous
                0x00800420        0x2 Barometer.o
                0x00800420                baro_previous
 .bss.baro_p    0x00800422        0x2 Barometer.o
                0x00800422                baro_p
 .bss.baro_offset
                0x00800424        0x2 Barometer.o
                0x00800424                baro_offset
 .bss.baro_cal_flag
                0x00800426        0x1 Barometer.o
                0x00800426                baro_cal_flag
 .bss.baro_p_l  0x00800427        0x1 Barometer.o
                0x00800427                baro_p_l
 .bss.baro_p_c  0x00800428        0x1 Barometer.o
                0x00800428                baro_p_c
 .bss.baro_p_h  0x00800429        0x1 Barometer.o
                0x00800429                baro_p_h
 .bss.speed     0x0080042a        0x4 ADC_Reading.o
                0x0080042a                speed
 .bss.v_raw     0x0080042e        0x2 ADC_Reading.o
                0x0080042e                v_raw
 .bss.cal_complete
                0x00800430        0x1 Gyro.o
                0x00800430                cal_complete
 .bss.gyro_r_offset
                0x00800431        0x2 Gyro.o
                0x00800431                gyro_r_offset
 .bss.gyro_q_offset
                0x00800433        0x2 Gyro.o
                0x00800433                gyro_q_offset
 .bss.gyro_p_offset
                0x00800435        0x2 Gyro.o
                0x00800435                gyro_p_offset
 .bss.cal_count
                0x00800437        0x1 Gyro.o
                0x00800437                cal_count
 .bss.gyro_z    0x00800438        0x2 Gyro.o
                0x00800438                gyro_z
 .bss.gyro_z_l  0x0080043a        0x1 Gyro.o
                0x0080043a                gyro_z_l
 .bss.gyro_z_h  0x0080043b        0x1 Gyro.o
                0x0080043b                gyro_z_h
 .bss.gyro_y    0x0080043c        0x2 Gyro.o
                0x0080043c                gyro_y
 .bss.gyro_y_l  0x0080043e        0x1 Gyro.o
                0x0080043e                gyro_y_l
 .bss.gyro_y_h  0x0080043f        0x1 Gyro.o
                0x0080043f                gyro_y_h
 .bss.gyro_x    0x00800440        0x2 Gyro.o
                0x00800440                gyro_x
 .bss.gyro_x_l  0x00800442        0x1 Gyro.o
                0x00800442                gyro_x_l
 .bss.gyro_x_h  0x00800443        0x1 Gyro.o
                0x00800443                gyro_x_h
 .bss.mag_heading
                0x00800444        0x2 Magnetometer.o
                0x00800444                mag_heading
 .bss.mag_z_meas
                0x00800446        0x2 Magnetometer.o
                0x00800446                mag_z_meas
 .bss.mag_z_l   0x00800448        0x1 Magnetometer.o
                0x00800448                mag_z_l
 .bss.mag_z_h   0x00800449        0x1 Magnetometer.o
                0x00800449                mag_z_h
 .bss.max_y_geo_z
                0x0080044a        0x2 Magnetometer.o
                0x0080044a                max_y_geo_z
 .bss.mag_y_geo
                0x0080044c        0x2 Magnetometer.o
                0x0080044c                mag_y_geo
 .bss.mag_y_meas
                0x0080044e        0x2 Magnetometer.o
                0x0080044e                mag_y_meas
 .bss.mag_y_l   0x00800450        0x1 Magnetometer.o
                0x00800450                mag_y_l
 .bss.mag_y_h   0x00800451        0x1 Magnetometer.o
                0x00800451                mag_y_h
 .bss.max_x_geo_z
                0x00800452        0x2 Magnetometer.o
                0x00800452                max_x_geo_z
 .bss.mag_x_geo
                0x00800454        0x2 Magnetometer.o
                0x00800454                mag_x_geo
 .bss.mag_x_meas
                0x00800456        0x2 Magnetometer.o
                0x00800456                mag_x_meas
 .bss.mag_x_l   0x00800458        0x1 Magnetometer.o
                0x00800458                mag_x_l
 .bss.mag_x_h   0x00800459        0x1 Magnetometer.o
                0x00800459                mag_x_h
 .bss.first_pulse
                0x0080045a        0x2 ServoControl.o
                0x0080045a                first_pulse
 .bss.channel   0x0080045c        0x1 ServoControl.o
                0x0080045c                channel
 .bss.ctrl      0x0080045d        0x1 ServoControl.o
                0x0080045d                ctrl
 .bss.ctrl_out_DAMP
                0x0080045e       0x1c ServoControl.o
                0x0080045e                ctrl_out_DAMP
 .bss.ctrl_out_PID
                0x0080047a       0x1c ServoControl.o
                0x0080047a                ctrl_out_PID
 .bss.ctrl_in   0x00800496       0x12 ServoControl.o
                0x00800496                ctrl_in
 .bss.sample_time
                0x008004a8        0x4 SimpleTesting.o
                0x008004a8                sample_time
 .bss.comp_count
                0x008004ac        0x1 SimpleTesting.o
                0x008004ac                comp_count
 .bss.task_flag
                0x008004ad        0x1 SimpleTesting.o
                0x008004ad                task_flag
 .bss.cal_cnt   0x008004ae        0x1 SimpleTesting.o
                0x008004ae                cal_cnt
 .bss.test_cnt  0x008004af        0x1 SimpleTesting.o
                0x008004af                test_cnt
 .bss.flash_count
                0x008004b0        0x1 SimpleTesting.o
                0x008004b0                flash_count
 .bss.lights_commanded
                0x008004b1        0x1 SimpleTesting.o
                0x008004b1                lights_commanded
 .bss.lights_enabled
                0x008004b2        0x1 SimpleTesting.o
                0x008004b2                lights_enabled
 .bss.GPS_home_set
                0x008004b3        0x1 SimpleTesting.o
                0x008004b3                GPS_home_set
 .bss.GPS_DIS_TO_GOAL
                0x008004b4        0x4 SimpleTesting.o
                0x008004b4                GPS_DIS_TO_GOAL
 .bss.GPS_POS_LAT_SEC
                0x008004b8        0x4 SimpleTesting.o
                0x008004b8                GPS_POS_LAT_SEC
 .bss.GPS_POS_LAT_MIN
                0x008004bc        0x1 SimpleTesting.o
                0x008004bc                GPS_POS_LAT_MIN
 .bss.GPS_POS_DIF_Y
                0x008004bd        0x4 SimpleTesting.o
                0x008004bd                GPS_POS_DIF_Y
 .bss.heading_error_sum
                0x008004c1        0x2 SimpleTesting.o
                0x008004c1                heading_error_sum
 .bss.heading_goal
                0x008004c3        0x2 SimpleTesting.o
                0x008004c3                heading_goal
 .bss.heading_GPS
                0x008004c5        0x2 SimpleTesting.o
                0x008004c5                heading_GPS
 .bss.K_1_Phi   0x008004c7        0x4 SimpleTesting.o
                0x008004c7                K_1_Phi
 .bss.P_11_Phi  0x008004cb        0x4 SimpleTesting.o
                0x008004cb                P_11_Phi
 .bss.p_bias    0x008004cf        0x4 SimpleTesting.o
                0x008004cf                p_bias
 .bss.K_1_Theta
                0x008004d3        0x4 SimpleTesting.o
                0x008004d3                K_1_Theta
 .bss.P_11_Theta
                0x008004d7        0x4 SimpleTesting.o
                0x008004d7                P_11_Theta
 .bss.q_bias    0x008004db        0x4 SimpleTesting.o
                0x008004db                q_bias
 .bss.Phi_acc   0x008004df        0x4 SimpleTesting.o
                0x008004df                Phi_acc
 .bss.Theta_acc
                0x008004e3        0x4 SimpleTesting.o
                0x008004e3                Theta_acc
 .bss.Phi_error_prev
                0x008004e7        0x4 SimpleTesting.o
                0x008004e7                Phi_error_prev
 .bss.Phi_error_sum
                0x008004eb        0x4 SimpleTesting.o
                0x008004eb                Phi_error_sum
 .bss.Phi_error
                0x008004ef        0x4 SimpleTesting.o
                0x008004ef                Phi_error
 .bss.Phi_hold_0
                0x008004f3        0x4 SimpleTesting.o
                0x008004f3                Phi_hold_0
 .bss.Phi       0x008004f7        0x4 SimpleTesting.o
                0x008004f7                Phi
 .bss.Theta_error_prev
                0x008004fb        0x4 SimpleTesting.o
                0x008004fb                Theta_error_prev
 .bss.r_filt_prev
                0x008004ff        0x1 SimpleTesting.o
                0x008004ff                r_filt_prev
 .bss.speed_cnt
                0x00800500        0x1 SimpleTesting.o
                0x00800500                speed_cnt
 .bss.speed_error_prev
                0x00800501        0x4 SimpleTesting.o
                0x00800501                speed_error_prev
 .bss.speed_cal
                0x00800505        0x4 SimpleTesting.o
                0x00800505                speed_cal
 .bss.speed_filt_1
                0x00800509        0x2 SimpleTesting.o
                0x00800509                speed_filt_1
 .bss.alt_error_prev
                0x0080050b        0x2 SimpleTesting.o
                0x0080050b                alt_error_prev
 .bss.alt_error_sum
                0x0080050d        0x2 SimpleTesting.o
                0x0080050d                alt_error_sum
 .bss.alt_error
                0x0080050f        0x2 SimpleTesting.o
                0x0080050f                alt_error
 .bss.alt_hold_0
                0x00800511        0x2 SimpleTesting.o
                0x00800511                alt_hold_0
 .bss.trimmed_rudder
                0x00800513        0x4 SimpleTesting.o
                0x00800513                trimmed_rudder
 .bss.trimmed_aileron
                0x00800517        0x4 SimpleTesting.o
                0x00800517                trimmed_aileron
 .bss.trimmed_motor
                0x0080051b        0x4 SimpleTesting.o
                0x0080051b                trimmed_motor
 .bss.trimmed_elevator
                0x0080051f        0x4 SimpleTesting.o
                0x0080051f                trimmed_elevator
 .bss.knob_flag
                0x00800523        0x1 SimpleTesting.o
                0x00800523                knob_flag
 .bss.state_change
                0x00800524        0x1 SimpleTesting.o
                0x00800524                state_change
 .bss.Ctrl_Mode_prev
                0x00800525        0x1 SimpleTesting.o
                0x00800525                Ctrl_Mode_prev
 .bss.Ctrl_Mode
                0x00800526        0x1 SimpleTesting.o
                0x00800526                Ctrl_Mode
 .bss.GPS_param
                0x00800527        0x1 uart.o
                0x00800527                GPS_param
 .bss.UART_READY_FLAG
                0x00800528        0x1 uart.o
                0x00800528                UART_READY_FLAG
 *(COMMON)
 COMMON         0x00800529      0x23e Accelerometer.o
                0x00800529                GPS_RMC
                0x008005d9                GPS_GGA
                0x00800689                uart_reading
                0x0080068a                uart_reading_ascii
                0x0080068c                GPS_string
                0x0080073c                uart_word_reset
                0x0080073d                uart_counter
                0x0080073f                uart_word
 COMMON         0x00800767       0x24 OLED_display.o
                0x00800767                ctrl_in_prev
                0x00800779                ctrl_in_offset
 COMMON         0x0080078b       0xaf SimpleTesting.o
                0x0080078b                K_0_Theta
                0x0080078f                GPS_POS_DIF_X
                0x00800793                GPS_POS_HOME_X
                0x00800797                GPS_POS_GOAL_X
                0x0080079b                acc_y_filt
                0x0080079d                S_Theta
                0x008007a1                acc_z_filt
                0x008007a3                speed_raw
                0x008007a5                heading_error
                0x008007a7                speed_filt
                0x008007a9                alt_hold
                0x008007ab                Phi_hold
                0x008007af                P_00_Phi
                0x008007b3                Theta_error
                0x008007b7                P_00_Psi
                0x008007bb                GPS_POS_HOME_Y
                0x008007bf                P_01_Psi
                0x008007c3                speed_error
                0x008007c7                P_01_Theta
                0x008007cb                Theta_hold
                0x008007cf                p_filt_prev
                0x008007d0                acc_x_filt
                0x008007d2                acc_y_filt_prev
                0x008007d4                heading_error_prev
                0x008007d6                P_10_Theta
                0x008007da                r_raw
                0x008007db                GPS_POS_LAT_DEG
                0x008007dc                acc_x_raw
                0x008007de                Theta_temp
                0x008007e2                GPS_POS_CURRENT_Y
                0x008007e6                p_raw
                0x008007e7                P_00_Theta
                0x008007eb                Psi_temp
                0x008007ef                acc_z_raw
                0x008007f1                GPS_POS_GOAL_Y
                0x008007f5                q_filt
                0x008007f6                Theta_error_sum
                0x008007fa                altitude_filt
                0x008007fc                GPS_POS_CURRENT_X
                0x00800800                speed_error_sum
                0x00800804                altitude_raw
                0x00800806                S_Phi
                0x0080080a                p_filt
                0x0080080b                Theta
                0x0080080f                P_10_Phi
                0x00800813                P_01_Phi
                0x00800817                acc_x_filt_prev
                0x00800819                K_0_Psi
                0x0080081d                acc_y_raw
                0x0080081f                Phi_temp
                0x00800823                heading_hold
                0x00800825                q_raw
                0x00800826                r_filt
                0x00800827                K_0_Phi
                0x0080082b                speed_hold
                0x0080082f                S_Psi
                0x00800833                P_10_Psi
                0x00800837                q_filt_prev
                0x00800838                heading
 COMMON         0x0080083a        0x1 uart.o
                0x0080083a                GPS_char
                0x0080083b                PROVIDE (__bss_end, .)
                0x0000424c                __data_load_start = LOADADDR (.data)
                0x000045fa                __data_load_end = (__data_load_start + SIZEOF (.data))

.noinit         0x0080083b        0x0
                0x0080083b                PROVIDE (__noinit_start, .)
 *(.noinit*)
                0x0080083b                PROVIDE (__noinit_end, .)
                0x0080083b                _end = .
                0x0080083b                PROVIDE (__heap_start, .)

.eeprom         0x00810000        0x0
 *(.eeprom*)
                0x00810000                __eeprom_end = .

.fuse
 *(.fuse)
 *(.lfuse)
 *(.hfuse)
 *(.efuse)

.lock
 *(.lock*)

.signature
 *(.signature*)

.user_signatures
 *(.user_signatures*)

.stab           0x00000000     0x35dc
 *(.stab)
 .stab          0x00000000      0x6cc c:/program files/atmel/atmel toolchain/avr8 gcc/native/3.4.2.1002/avr8-gnu-toolchain/bin/../lib/gcc/avr/4.7.2/../../../../avr/lib/avr5/crtm32.o
 .stab          0x000006cc       0x78 c:/program files/atmel/atmel toolchain/avr8 gcc/native/3.4.2.1002/avr8-gnu-toolchain/bin/../lib/gcc/avr/4.7.2/../../../../avr/lib/avr5\libm.a(addsf3.o)
                                 0x84 (size before relaxing)
 .stab          0x00000744      0x4bc c:/program files/atmel/atmel toolchain/avr8 gcc/native/3.4.2.1002/avr8-gnu-toolchain/bin/../lib/gcc/avr/4.7.2/../../../../avr/lib/avr5\libm.a(addsf3x.o)
                                0x4c8 (size before relaxing)
 .stab          0x00000c00      0x2f4 c:/program files/atmel/atmel toolchain/avr8 gcc/native/3.4.2.1002/avr8-gnu-toolchain/bin/../lib/gcc/avr/4.7.2/../../../../avr/lib/avr5\libm.a(atan2.o)
                                0x300 (size before relaxing)
 .stab          0x00000ef4      0x210 c:/program files/atmel/atmel toolchain/avr8 gcc/native/3.4.2.1002/avr8-gnu-toolchain/bin/../lib/gcc/avr/4.7.2/../../../../avr/lib/avr5\libm.a(atan.o)
                                0x21c (size before relaxing)
 .stab          0x00001104       0x90 c:/program files/atmel/atmel toolchain/avr8 gcc/native/3.4.2.1002/avr8-gnu-toolchain/bin/../lib/gcc/avr/4.7.2/../../../../avr/lib/avr5\libm.a(cmpsf2.o)
                                 0x9c (size before relaxing)
 .stab          0x00001194       0x54 c:/program files/atmel/atmel toolchain/avr8 gcc/native/3.4.2.1002/avr8-gnu-toolchain/bin/../lib/gcc/avr/4.7.2/../../../../avr/lib/avr5\libm.a(cos.o)
                                 0x60 (size before relaxing)
 .stab          0x000011e8       0x48 c:/program files/atmel/atmel toolchain/avr8 gcc/native/3.4.2.1002/avr8-gnu-toolchain/bin/../lib/gcc/avr/4.7.2/../../../../avr/lib/avr5\libm.a(divsf3.o)
                                 0x54 (size before relaxing)
 .stab          0x00001230      0x510 c:/program files/atmel/atmel toolchain/avr8 gcc/native/3.4.2.1002/avr8-gnu-toolchain/bin/../lib/gcc/avr/4.7.2/../../../../avr/lib/avr5\libm.a(divsf3x.o)
                                0x51c (size before relaxing)
 .stab          0x00001740       0x6c c:/program files/atmel/atmel toolchain/avr8 gcc/native/3.4.2.1002/avr8-gnu-toolchain/bin/../lib/gcc/avr/4.7.2/../../../../avr/lib/avr5\libm.a(fixsfsi.o)
                                 0x78 (size before relaxing)
 .stab          0x000017ac      0x240 c:/program files/atmel/atmel toolchain/avr8 gcc/native/3.4.2.1002/avr8-gnu-toolchain/bin/../lib/gcc/avr/4.7.2/../../../../avr/lib/avr5\libm.a(fixunssfsi.o)
                                0x24c (size before relaxing)
 .stab          0x000019ec      0x318 c:/program files/atmel/atmel toolchain/avr8 gcc/native/3.4.2.1002/avr8-gnu-toolchain/bin/../lib/gcc/avr/4.7.2/../../../../avr/lib/avr5\libm.a(floatsisf.o)
                                0x324 (size before relaxing)
 .stab          0x00001d04      0x1e0 c:/program files/atmel/atmel toolchain/avr8 gcc/native/3.4.2.1002/avr8-gnu-toolchain/bin/../lib/gcc/avr/4.7.2/../../../../avr/lib/avr5\libm.a(fp_cmp.o)
                                0x1ec (size before relaxing)
 .stab          0x00001ee4       0x78 c:/program files/atmel/atmel toolchain/avr8 gcc/native/3.4.2.1002/avr8-gnu-toolchain/bin/../lib/gcc/avr/4.7.2/../../../../avr/lib/avr5\libm.a(fp_inf.o)
                                 0x84 (size before relaxing)
 .stab          0x00001f5c       0x54 c:/program files/atmel/atmel toolchain/avr8 gcc/native/3.4.2.1002/avr8-gnu-toolchain/bin/../lib/gcc/avr/4.7.2/../../../../avr/lib/avr5\libm.a(fp_nan.o)
                                 0x60 (size before relaxing)
 .stab          0x00001fb0      0x1ec c:/program files/atmel/atmel toolchain/avr8 gcc/native/3.4.2.1002/avr8-gnu-toolchain/bin/../lib/gcc/avr/4.7.2/../../../../avr/lib/avr5\libm.a(fp_powser.o)
                                0x1f8 (size before relaxing)
 .stab          0x0000219c       0x84 c:/program files/atmel/atmel toolchain/avr8 gcc/native/3.4.2.1002/avr8-gnu-toolchain/bin/../lib/gcc/avr/4.7.2/../../../../avr/lib/avr5\libm.a(fp_pscA.o)
                                 0x90 (size before relaxing)
 .stab          0x00002220       0x84 c:/program files/atmel/atmel toolchain/avr8 gcc/native/3.4.2.1002/avr8-gnu-toolchain/bin/../lib/gcc/avr/4.7.2/../../../../avr/lib/avr5\libm.a(fp_pscB.o)
                                 0x90 (size before relaxing)
 .stab          0x000022a4      0x21c c:/program files/atmel/atmel toolchain/avr8 gcc/native/3.4.2.1002/avr8-gnu-toolchain/bin/../lib/gcc/avr/4.7.2/../../../../avr/lib/avr5\libm.a(fp_rempio2.o)
                                0x228 (size before relaxing)
 .stab          0x000024c0       0xfc c:/program files/atmel/atmel toolchain/avr8 gcc/native/3.4.2.1002/avr8-gnu-toolchain/bin/../lib/gcc/avr/4.7.2/../../../../avr/lib/avr5\libm.a(fp_round.o)
                                0x108 (size before relaxing)
 .stab          0x000025bc       0xfc c:/program files/atmel/atmel toolchain/avr8 gcc/native/3.4.2.1002/avr8-gnu-toolchain/bin/../lib/gcc/avr/4.7.2/../../../../avr/lib/avr5\libm.a(fp_sinus.o)
                                0x108 (size before relaxing)
 .stab          0x000026b8      0x1d4 c:/program files/atmel/atmel toolchain/avr8 gcc/native/3.4.2.1002/avr8-gnu-toolchain/bin/../lib/gcc/avr/4.7.2/../../../../avr/lib/avr5\libm.a(fp_split3.o)
                                0x1e0 (size before relaxing)
 .stab          0x0000288c       0x90 c:/program files/atmel/atmel toolchain/avr8 gcc/native/3.4.2.1002/avr8-gnu-toolchain/bin/../lib/gcc/avr/4.7.2/../../../../avr/lib/avr5\libm.a(fp_zero.o)
                                 0x9c (size before relaxing)
 .stab          0x0000291c       0x6c c:/program files/atmel/atmel toolchain/avr8 gcc/native/3.4.2.1002/avr8-gnu-toolchain/bin/../lib/gcc/avr/4.7.2/../../../../avr/lib/avr5\libm.a(gesf2.o)
                                 0x78 (size before relaxing)
 .stab          0x00002988       0x84 c:/program files/atmel/atmel toolchain/avr8 gcc/native/3.4.2.1002/avr8-gnu-toolchain/bin/../lib/gcc/avr/4.7.2/../../../../avr/lib/avr5\libm.a(inverse.o)
                                 0x90 (size before relaxing)
 .stab          0x00002a0c       0x48 c:/program files/atmel/atmel toolchain/avr8 gcc/native/3.4.2.1002/avr8-gnu-toolchain/bin/../lib/gcc/avr/4.7.2/../../../../avr/lib/avr5\libm.a(mulsf3.o)
                                 0x54 (size before relaxing)
 .stab          0x00002a54      0x4d4 c:/program files/atmel/atmel toolchain/avr8 gcc/native/3.4.2.1002/avr8-gnu-toolchain/bin/../lib/gcc/avr/4.7.2/../../../../avr/lib/avr5\libm.a(mulsf3x.o)
                                0x4e0 (size before relaxing)
 .stab          0x00002f28       0x78 c:/program files/atmel/atmel toolchain/avr8 gcc/native/3.4.2.1002/avr8-gnu-toolchain/bin/../lib/gcc/avr/4.7.2/../../../../avr/lib/avr5\libm.a(sin.o)
                                 0x84 (size before relaxing)
 .stab          0x00002fa0       0x54 c:/program files/atmel/atmel toolchain/avr8 gcc/native/3.4.2.1002/avr8-gnu-toolchain/bin/../lib/gcc/avr/4.7.2/../../../../avr/lib/avr5\libm.a(square.o)
                                 0x60 (size before relaxing)
 .stab          0x00002ff4       0xe4 c:/program files/atmel/atmel toolchain/avr8 gcc/native/3.4.2.1002/avr8-gnu-toolchain/bin/../lib/gcc/avr/4.7.2/../../../../avr/lib/avr5\libm.a(fp_mpack.o)
                                 0xf0 (size before relaxing)
 .stab          0x000030d8       0xfc c:/program files/atmel/atmel toolchain/avr8 gcc/native/3.4.2.1002/avr8-gnu-toolchain/bin/../lib/gcc/avr/4.7.2/../../../../avr/lib/avr5\libm.a(fp_powsodd.o)
                                0x108 (size before relaxing)
 .stab          0x000031d4       0x84 c:/program files/atmel/atmel toolchain/avr8 gcc/native/3.4.2.1002/avr8-gnu-toolchain/bin/../lib/gcc/avr/4.7.2/../../../../avr/lib/avr5\libc.a(strcmp.o)
                                 0x90 (size before relaxing)
 .stab          0x00003258       0x18 c:/program files/atmel/atmel toolchain/avr8 gcc/native/3.4.2.1002/avr8-gnu-toolchain/bin/../lib/gcc/avr/4.7.2/../../../../avr/lib/avr5\libc.a(itoa.o)
                                0x1bc (size before relaxing)
 .stab          0x00003270      0x294 c:/program files/atmel/atmel toolchain/avr8 gcc/native/3.4.2.1002/avr8-gnu-toolchain/bin/../lib/gcc/avr/4.7.2/../../../../avr/lib/avr5\libc.a(ltoa.o)
                                0x2a0 (size before relaxing)
 .stab          0x00003504       0xd8 c:/program files/atmel/atmel toolchain/avr8 gcc/native/3.4.2.1002/avr8-gnu-toolchain/bin/../lib/gcc/avr/4.7.2/../../../../avr/lib/avr5\libc.a(strrev.o)
                                 0xe4 (size before relaxing)

.stabstr        0x00000000     0x1002
 *(.stabstr)
 .stabstr       0x00000000     0x1002 c:/program files/atmel/atmel toolchain/avr8 gcc/native/3.4.2.1002/avr8-gnu-toolchain/bin/../lib/gcc/avr/4.7.2/../../../../avr/lib/avr5/crtm32.o

.stab.excl
 *(.stab.excl)

.stab.exclstr
 *(.stab.exclstr)

.stab.index
 *(.stab.index)

.stab.indexstr
 *(.stab.indexstr)

.comment        0x00000000       0x2f
 *(.comment)
 .comment       0x00000000       0x2f Accelerometer.o
                                 0x30 (size before relaxing)
 .comment       0x00000000       0x30 Barometer.o
 .comment       0x00000000       0x30 ADC_Reading.o
 .comment       0x00000000       0x30 Gyro.o
 .comment       0x00000000       0x30 OLED_display.o
 .comment       0x00000000       0x30 Magnetometer.o
 .comment       0x00000000       0x30 port.o
 .comment       0x00000000       0x30 ServoControl.o
 .comment       0x00000000       0x30 SimpleTesting.o
 .comment       0x00000000       0x30 uart.o

.debug
 *(.debug)

.line
 *(.line)

.debug_srcinfo
 *(.debug_srcinfo)

.debug_sfnames
 *(.debug_sfnames)

.debug_aranges  0x00000000      0x328
 *(.debug_aranges)
 .debug_aranges
                0x00000000       0x30 Accelerometer.o
 .debug_aranges
                0x00000030       0x38 Barometer.o
 .debug_aranges
                0x00000068       0x40 ADC_Reading.o
 .debug_aranges
                0x000000a8       0x40 Gyro.o
 .debug_aranges
                0x000000e8       0x68 OLED_display.o
 .debug_aranges
                0x00000150       0x30 Magnetometer.o
 .debug_aranges
                0x00000180       0x80 port.o
 .debug_aranges
                0x00000200       0x38 ServoControl.o
 .debug_aranges
                0x00000238       0x60 SimpleTesting.o
 .debug_aranges
                0x00000298       0x90 uart.o

.debug_pubnames
 *(.debug_pubnames)

.debug_info     0x00000000     0x55c5
 *(.debug_info)
 .debug_info    0x00000000      0x5d9 Accelerometer.o
 .debug_info    0x000005d9      0x748 Barometer.o
 .debug_info    0x00000d21      0x443 ADC_Reading.o
 .debug_info    0x00001164      0x93c Gyro.o
 .debug_info    0x00001aa0      0x90b OLED_display.o
 .debug_info    0x000023ab      0x667 Magnetometer.o
 .debug_info    0x00002a12      0x2e1 port.o
 .debug_info    0x00002cf3      0x292 ServoControl.o
 .debug_info    0x00002f85     0x1e9e SimpleTesting.o
 .debug_info    0x00004e23      0x7a2 uart.o
 *(.gnu.linkonce.wi.*)

.debug_abbrev   0x00000000     0x1066
 *(.debug_abbrev)
 .debug_abbrev  0x00000000      0x158 Accelerometer.o
 .debug_abbrev  0x00000158      0x14c Barometer.o
 .debug_abbrev  0x000002a4      0x1a6 ADC_Reading.o
 .debug_abbrev  0x0000044a      0x1f7 Gyro.o
 .debug_abbrev  0x00000641      0x1f0 OLED_display.o
 .debug_abbrev  0x00000831      0x149 Magnetometer.o
 .debug_abbrev  0x0000097a      0x15b port.o
 .debug_abbrev  0x00000ad5       0xe9 ServoControl.o
 .debug_abbrev  0x00000bbe      0x326 SimpleTesting.o
 .debug_abbrev  0x00000ee4      0x182 uart.o

.debug_line     0x00000000     0x1512
 *(.debug_line)
 .debug_line    0x00000000      0x132 Accelerometer.o
 .debug_line    0x00000132      0x153 Barometer.o
 .debug_line    0x00000285      0x208 ADC_Reading.o
 .debug_line    0x0000048d      0x202 Gyro.o
 .debug_line    0x0000068f      0x28a OLED_display.o
 .debug_line    0x00000919      0x12d Magnetometer.o
 .debug_line    0x00000a46      0x206 port.o
 .debug_line    0x00000c4c      0x166 ServoControl.o
 .debug_line    0x00000db2      0x553 SimpleTesting.o
 .debug_line    0x00001305      0x20d uart.o

.debug_frame    0x00000000      0x838
 *(.debug_frame)
 .debug_frame   0x00000000       0x64 Accelerometer.o
 .debug_frame   0x00000064       0x68 Barometer.o
 .debug_frame   0x000000cc       0x70 ADC_Reading.o
 .debug_frame   0x0000013c       0xc8 Gyro.o
 .debug_frame   0x00000204      0x11c OLED_display.o
 .debug_frame   0x00000320       0xb0 Magnetometer.o
 .debug_frame   0x000003d0      0x100 port.o
 .debug_frame   0x000004d0       0xc0 ServoControl.o
 .debug_frame   0x00000590      0x108 SimpleTesting.o
 .debug_frame   0x00000698      0x1a0 uart.o

.debug_str      0x00000000     0x1278
 *(.debug_str)
 .debug_str     0x00000000      0x254 Accelerometer.o
                                0x2b3 (size before relaxing)
 .debug_str     0x00000254       0xe9 Barometer.o
                                0x2f0 (size before relaxing)
 .debug_str     0x0000033d       0xef ADC_Reading.o
                                0x273 (size before relaxing)
 .debug_str     0x0000042c      0x11e Gyro.o
                                0x3a5 (size before relaxing)
 .debug_str     0x0000054a      0x163 OLED_display.o
                                0x30a (size before relaxing)
 .debug_str     0x000006ad       0xe3 Magnetometer.o
                                0x2ef (size before relaxing)
 .debug_str     0x00000790       0x50 port.o
                                0x1ee (size before relaxing)
 .debug_str     0x000007e0       0x6b ServoControl.o
                                0x1eb (size before relaxing)
 .debug_str     0x0000084b      0x976 SimpleTesting.o
                                0xd4d (size before relaxing)
 .debug_str     0x000011c1       0xb7 uart.o
                                0x25d (size before relaxing)

.debug_loc      0x00000000     0x1679
 *(.debug_loc)
 .debug_loc     0x00000000      0x1e8 Accelerometer.o
 .debug_loc     0x000001e8       0xd3 Barometer.o
 .debug_loc     0x000002bb       0x50 ADC_Reading.o
 .debug_loc     0x0000030b      0x342 Gyro.o
 .debug_loc     0x0000064d      0x2f3 OLED_display.o
 .debug_loc     0x00000940      0x226 Magnetometer.o
 .debug_loc     0x00000b66      0x1b6 port.o
 .debug_loc     0x00000d1c      0x150 ServoControl.o
 .debug_loc     0x00000e6c      0x349 SimpleTesting.o
 .debug_loc     0x000011b5      0x4c4 uart.o

.debug_macinfo
 *(.debug_macinfo)

.debug_pubtypes
 *(.debug_pubtypes)

.debug_ranges   0x00000000      0x2b8
 *(.debug_ranges)
 .debug_ranges  0x00000000       0x20 Accelerometer.o
 .debug_ranges  0x00000020       0x28 Barometer.o
 .debug_ranges  0x00000048       0x30 ADC_Reading.o
 .debug_ranges  0x00000078       0x30 Gyro.o
 .debug_ranges  0x000000a8       0x58 OLED_display.o
 .debug_ranges  0x00000100       0x20 Magnetometer.o
 .debug_ranges  0x00000120       0x88 port.o
 .debug_ranges  0x000001a8       0x28 ServoControl.o
 .debug_ranges  0x000001d0       0x68 SimpleTesting.o
 .debug_ranges  0x00000238       0x80 uart.o

.debug_macro
 *(.debug_macro)
OUTPUT(SimpleTesting.elf elf32-avr)
LOAD linker stubs
