Archive member included because of file (symbol)

e:/programme/atmel/atmel toolchain/avr8 gcc/native/3.4.2.1002/avr8-gnu-toolchain/bin/../lib/gcc/avr/4.7.2/../../../../avr/lib/avr5\libm.a(addsf3.o)
                              SimpleTesting.o (__subsf3)
e:/programme/atmel/atmel toolchain/avr8 gcc/native/3.4.2.1002/avr8-gnu-toolchain/bin/../lib/gcc/avr/4.7.2/../../../../avr/lib/avr5\libm.a(addsf3x.o)
                              e:/programme/atmel/atmel toolchain/avr8 gcc/native/3.4.2.1002/avr8-gnu-toolchain/bin/../lib/gcc/avr/4.7.2/../../../../avr/lib/avr5\libm.a(addsf3.o) (__addsf3x)
e:/programme/atmel/atmel toolchain/avr8 gcc/native/3.4.2.1002/avr8-gnu-toolchain/bin/../lib/gcc/avr/4.7.2/../../../../avr/lib/avr5\libm.a(atan2.o)
                              Magnetometer.o (atan2)
e:/programme/atmel/atmel toolchain/avr8 gcc/native/3.4.2.1002/avr8-gnu-toolchain/bin/../lib/gcc/avr/4.7.2/../../../../avr/lib/avr5\libm.a(atan.o)
                              e:/programme/atmel/atmel toolchain/avr8 gcc/native/3.4.2.1002/avr8-gnu-toolchain/bin/../lib/gcc/avr/4.7.2/../../../../avr/lib/avr5\libm.a(atan2.o) (atan)
e:/programme/atmel/atmel toolchain/avr8 gcc/native/3.4.2.1002/avr8-gnu-toolchain/bin/../lib/gcc/avr/4.7.2/../../../../avr/lib/avr5\libm.a(cmpsf2.o)
                              SimpleTesting.o (__ltsf2)
e:/programme/atmel/atmel toolchain/avr8 gcc/native/3.4.2.1002/avr8-gnu-toolchain/bin/../lib/gcc/avr/4.7.2/../../../../avr/lib/avr5\libm.a(cos.o)
                              Magnetometer.o (cos)
e:/programme/atmel/atmel toolchain/avr8 gcc/native/3.4.2.1002/avr8-gnu-toolchain/bin/../lib/gcc/avr/4.7.2/../../../../avr/lib/avr5\libm.a(divsf3.o)
                              Magnetometer.o (__divsf3)
e:/programme/atmel/atmel toolchain/avr8 gcc/native/3.4.2.1002/avr8-gnu-toolchain/bin/../lib/gcc/avr/4.7.2/../../../../avr/lib/avr5\libm.a(divsf3x.o)
                              e:/programme/atmel/atmel toolchain/avr8 gcc/native/3.4.2.1002/avr8-gnu-toolchain/bin/../lib/gcc/avr/4.7.2/../../../../avr/lib/avr5\libm.a(divsf3.o) (__divsf3x)
e:/programme/atmel/atmel toolchain/avr8 gcc/native/3.4.2.1002/avr8-gnu-toolchain/bin/../lib/gcc/avr/4.7.2/../../../../avr/lib/avr5\libm.a(fixsfsi.o)
                              Gyro.o (__fixsfsi)
e:/programme/atmel/atmel toolchain/avr8 gcc/native/3.4.2.1002/avr8-gnu-toolchain/bin/../lib/gcc/avr/4.7.2/../../../../avr/lib/avr5\libm.a(fixunssfsi.o)
                              e:/programme/atmel/atmel toolchain/avr8 gcc/native/3.4.2.1002/avr8-gnu-toolchain/bin/../lib/gcc/avr/4.7.2/../../../../avr/lib/avr5\libm.a(fixsfsi.o) (__fixunssfsi)
e:/programme/atmel/atmel toolchain/avr8 gcc/native/3.4.2.1002/avr8-gnu-toolchain/bin/../lib/gcc/avr/4.7.2/../../../../avr/lib/avr5\libm.a(floatsisf.o)
                              Gyro.o (__floatsisf)
e:/programme/atmel/atmel toolchain/avr8 gcc/native/3.4.2.1002/avr8-gnu-toolchain/bin/../lib/gcc/avr/4.7.2/../../../../avr/lib/avr5\libm.a(fp_cmp.o)
                              e:/programme/atmel/atmel toolchain/avr8 gcc/native/3.4.2.1002/avr8-gnu-toolchain/bin/../lib/gcc/avr/4.7.2/../../../../avr/lib/avr5\libm.a(cmpsf2.o) (__fp_cmp)
e:/programme/atmel/atmel toolchain/avr8 gcc/native/3.4.2.1002/avr8-gnu-toolchain/bin/../lib/gcc/avr/4.7.2/../../../../avr/lib/avr5\libm.a(fp_inf.o)
                              e:/programme/atmel/atmel toolchain/avr8 gcc/native/3.4.2.1002/avr8-gnu-toolchain/bin/../lib/gcc/avr/4.7.2/../../../../avr/lib/avr5\libm.a(addsf3x.o) (__fp_inf)
e:/programme/atmel/atmel toolchain/avr8 gcc/native/3.4.2.1002/avr8-gnu-toolchain/bin/../lib/gcc/avr/4.7.2/../../../../avr/lib/avr5\libm.a(fp_nan.o)
                              e:/programme/atmel/atmel toolchain/avr8 gcc/native/3.4.2.1002/avr8-gnu-toolchain/bin/../lib/gcc/avr/4.7.2/../../../../avr/lib/avr5\libm.a(addsf3x.o) (__fp_nan)
e:/programme/atmel/atmel toolchain/avr8 gcc/native/3.4.2.1002/avr8-gnu-toolchain/bin/../lib/gcc/avr/4.7.2/../../../../avr/lib/avr5\libm.a(fp_powser.o)
                              e:/programme/atmel/atmel toolchain/avr8 gcc/native/3.4.2.1002/avr8-gnu-toolchain/bin/../lib/gcc/avr/4.7.2/../../../../avr/lib/avr5\libm.a(atan.o) (__fp_powser)
e:/programme/atmel/atmel toolchain/avr8 gcc/native/3.4.2.1002/avr8-gnu-toolchain/bin/../lib/gcc/avr/4.7.2/../../../../avr/lib/avr5\libm.a(fp_pscA.o)
                              e:/programme/atmel/atmel toolchain/avr8 gcc/native/3.4.2.1002/avr8-gnu-toolchain/bin/../lib/gcc/avr/4.7.2/../../../../avr/lib/avr5\libm.a(addsf3x.o) (__fp_pscA)
e:/programme/atmel/atmel toolchain/avr8 gcc/native/3.4.2.1002/avr8-gnu-toolchain/bin/../lib/gcc/avr/4.7.2/../../../../avr/lib/avr5\libm.a(fp_pscB.o)
                              e:/programme/atmel/atmel toolchain/avr8 gcc/native/3.4.2.1002/avr8-gnu-toolchain/bin/../lib/gcc/avr/4.7.2/../../../../avr/lib/avr5\libm.a(addsf3x.o) (__fp_pscB)
e:/programme/atmel/atmel toolchain/avr8 gcc/native/3.4.2.1002/avr8-gnu-toolchain/bin/../lib/gcc/avr/4.7.2/../../../../avr/lib/avr5\libm.a(fp_rempio2.o)
[...]
Memory Configuration

Name             Origin             Length             Attributes
text             0x00000000         0x00020000         xr
data             0x00800060         0x0000ffa0         rw !x
eeprom           0x00810000         0x00010000         rw !x
fuse             0x00820000         0x00000400         rw !x
lock             0x00830000         0x00000400         rw !x
signature        0x00840000         0x00000400         rw !x
user_signatures  0x00850000         0x00000400         rw !x
*default*        0x00000000         0xffffffff

Linker script and memory map

LOAD e:/programme/atmel/atmel toolchain/avr8 gcc/native/3.4.2.1002/avr8-gnu-toolchain/bin/../lib/gcc/avr/4.7.2/../../../../avr/lib/avr5/crtm32.o
LOAD Accelerometer.o
LOAD Barometer.o
LOAD ADC_Reading.o
LOAD Gyro.o
LOAD OLED_display.o
LOAD Magnetometer.o
LOAD port.o
LOAD ServoControl.o
LOAD SimpleTesting.o
LOAD uart.o
START GROUP
LOAD e:/programme/atmel/atmel toolchain/avr8 gcc/native/3.4.2.1002/avr8-gnu-toolchain/bin/../lib/gcc/avr/4.7.2/../../../../avr/lib/avr5\libm.a
END GROUP
LOAD e:/programme/atmel/atmel toolchain/avr8 gcc/native/3.4.2.1002/avr8-gnu-toolchain/bin/../lib/gcc/avr/4.7.2/avr5\libgcc.a
LOAD e:/programme/atmel/atmel toolchain/avr8 gcc/native/3.4.2.1002/avr8-gnu-toolchain/bin/../lib/gcc/avr/4.7.2/../../../../avr/lib/avr5\libc.a
LOAD e:/programme/atmel/atmel toolchain/avr8 gcc/native/3.4.2.1002/avr8-gnu-toolchain/bin/../lib/gcc/avr/4.7.2/avr5\libgcc.a

.hash
 *(.hash)

.dynsym
 *(.dynsym)

.dynstr
 *(.dynstr)

.gnu.version
 *(.gnu.version)

.gnu.version_d
 *(.gnu.version_d)

.gnu.version_r
 *(.gnu.version_r)

.rel.init
 *(.rel.init)

.rela.init
 *(.rela.init)

.rel.text
 *(.rel.text)
 *(.rel.text.*)
 *(.rel.gnu.linkonce.t*)

.rela.text
 *(.rela.text)
 *(.rela.text.*)
 *(.rela.gnu.linkonce.t*)

.rel.fini
 *(.rel.fini)

.rela.fini
 *(.rela.fini)

.rel.rodata
 *(.rel.rodata)
 *(.rel.rodata.*)
 *(.rel.gnu.linkonce.r*)

.rela.rodata
 *(.rela.rodata)
 *(.rela.rodata.*)
 *(.rela.gnu.linkonce.r*)

.rel.data
 *(.rel.data)
 *(.rel.data.*)
 *(.rel.gnu.linkonce.d*)

.rela.data
 *(.rela.data)
 *(.rela.data.*)
 *(.rela.gnu.linkonce.d*)

.rel.ctors
 *(.rel.ctors)

.rela.ctors
 *(.rela.ctors)

.rel.dtors
 *(.rel.dtors)

.rela.dtors
 *(.rela.dtors)

.rel.got
 *(.rel.got)

.rela.got
 *(.rela.got)

.rel.bss
 *(.rel.bss)

.rela.bss
 *(.rela.bss)

.rel.plt
 *(.rel.plt)

.rela.plt
 *(.rela.plt)

.text           0x00000000     0x38d6
 *(.vectors)
 .vectors       0x00000000       0x54 e:/programme/atmel/atmel toolchain/avr8 gcc/native/3.4.2.1002/avr8-gnu-toolchain/bin/../lib/gcc/avr/4.7.2/../../../../avr/lib/avr5/crtm32.o
                0x00000000                __vector_default
                0x00000000                __vectors
 *(.vectors)
 *(.progmem.gcc*)
 .progmem.gcc_fplib
                0x00000054       0x2d e:/programme/atmel/atmel toolchain/avr8 gcc/native/3.4.2.1002/avr8-gnu-toolchain/bin/../lib/gcc/avr/4.7.2/../../../../avr/lib/avr5\libm.a(atan.o)
 *(.progmem*)
                0x00000082                . = ALIGN (0x2)
 *fill*         0x00000081        0x1 
                0x00000082                __trampolines_start = .
 *(.trampolines)
 .trampolines   0x00000082        0x0 linker stubs
 *(.trampolines*)
                0x00000082                __trampolines_end = .
 *(.jumptables)
 *(.jumptables*)
 *(.lowtext)
 *(.lowtext*)
                0x00000082                __ctors_start = .
 *(.ctors)
                0x00000082                __ctors_end = .
                0x00000082                __dtors_start = .
 *(.dtors)
                0x00000082                __dtors_end = .
 SORT(*)(.ctors)
 SORT(*)(.dtors)
 *(.init0)
 .init0         0x00000082        0x0 e:/programme/atmel/atmel toolchain/avr8 gcc/native/3.4.2.1002/avr8-gnu-toolchain/bin/../lib/gcc/avr/4.7.2/../../../../avr/lib/avr5/crtm32.o
                0x00000082                __init
 *(.init0)
 *(.init1)
 *(.init1)
 *(.init2)
 .init2         0x00000082        0xc e:/programme/atmel/atmel toolchain/avr8 gcc/native/3.4.2.1002/avr8-gnu-toolchain/bin/../lib/gcc/avr/4.7.2/../../../../avr/lib/avr5/crtm32.o
 *(.init2)
 *(.init3)
 *(.init3)
 *(.init4)
 .init4         0x0000008e       0x16 e:/programme/atmel/atmel toolchain/avr8 gcc/native/3.4.2.1002/avr8-gnu-toolchain/bin/../lib/gcc/avr/4.7.2/avr5\libgcc.a(_copy_data.o)
                0x0000008e                __do_copy_data
 .init4         0x000000a4       0x10 e:/programme/atmel/atmel toolchain/avr8 gcc/native/3.4.2.1002/avr8-gnu-toolchain/bin/../lib/gcc/avr/4.7.2/avr5\libgcc.a(_clear_bss.o)
                0x000000a4                __do_clear_bss
 *(.init4)
 *(.init5)
 *(.init5)
 *(.init6)
 *(.init6)
 *(.init7)
 *(.init7)
 *(.init8)
 *(.init8)
 *(.init9)
 .init9         0x000000b4        0x8 e:/programme/atmel/atmel toolchain/avr8 gcc/native/3.4.2.1002/avr8-gnu-toolchain/bin/../lib/gcc/avr/4.7.2/../../../../avr/lib/avr5/crtm32.o
 *(.init9)
 *(.text)
 .text          0x000000bc        0x4 e:/programme/atmel/atmel toolchain/avr8 gcc/native/3.4.2.1002/avr8-gnu-toolchain/bin/../lib/gcc/avr/4.7.2/../../../../avr/lib/avr5/crtm32.o
                0x000000bc                __vector_12
                0x000000bc                __bad_interrupt
                0x000000bc                __vector_6
                0x000000bc                __vector_3
                0x000000bc                __vector_11
                0x000000bc                __vector_17
                0x000000bc                __vector_19
                0x000000bc                __vector_4
                0x000000bc                __vector_9
                0x000000bc                __vector_2
                0x000000bc                __vector_15
                0x000000bc                __vector_8
                0x000000bc                __vector_14
                0x000000bc                __vector_16
                0x000000bc                __vector_18
                0x000000bc                __vector_20
                0x000000c0                . = ALIGN (0x2)
 *(.text.*)
 .text.write_acc_registry
                0x000000c0       0x2e Accelerometer.o
                0x000000c0                write_acc_registry
 .text.acc_start
                0x000000ee       0x1a Accelerometer.o
                0x000000ee                acc_start
 .text.acc_reading
                0x00000108      0x142 Accelerometer.o
                0x00000108                acc_reading
 .text.write_baro_registry
                0x0000024a       0x2e Barometer.o
                0x0000024a                write_baro_registry
 .text.baro_start
                0x00000278       0x32 Barometer.o
                0x00000278                baro_start
 .text.baro_read
                0x000002aa      0x11c Barometer.o
                0x000002aa                baro_read
 .text.baro_calibration
                0x000003c6       0x2a Barometer.o
                0x000003c6                baro_calibration
 .text.ADC_start
                0x000003f0       0x14 ADC_Reading.o
                0x000003f0                ADC_start
 .text.ADC_read_speed
                0x00000404       0x2e ADC_Reading.o
                0x00000404                ADC_read_speed
 .text.write_gyro_registry
                0x00000432       0x2e Gyro.o
                0x00000432                write_gyro_registry
 .text.gyro_start
                0x00000460       0x22 Gyro.o
                0x00000460                gyro_start
 .text.gyro_read
                0x00000482      0x1ac Gyro.o
                0x00000482                gyro_read
 .text.gyro_calibration
                0x0000062e      0x148 Gyro.o
                0x0000062e                gyro_calibration
 .text.OLED_send_cmd
                0x00000776       0x1a OLED_display.o
                0x00000776                OLED_send_cmd
 .text.OLED_send_byte
                0x00000790       0x1a OLED_display.o
                0x00000790                OLED_send_byte
 .text.OLED_set_position
                0x000007aa       0x30 OLED_display.o
                0x000007aa                OLED_set_position
 .text.OLED_send_char_D
                0x000007da       0x2c OLED_display.o
                0x000007da                OLED_send_char_D
 .text.OLED_send_char_E
                0x00000806       0x2c OLED_display.o
                0x00000806                OLED_send_char_E
 .text.OLED_send_char_H
                0x00000832       0x2c OLED_display.o
                0x00000832                OLED_send_char_H
 .text.OLED_send_char_L
                0x0000085e       0x2c OLED_display.o
                0x0000085e                OLED_send_char_L
 .text.OLED_send_char_M
                0x0000088a       0x2c OLED_display.o
                0x0000088a                OLED_send_char_M
 .text.OLED_send_char_O
                0x000008b6       0x2c OLED_display.o
                0x000008b6                OLED_send_char_O
 .text.i2c_initialize
                0x000008e2        0xc port.o
                0x000008e2                i2c_initialize
 .text.i2c_start
                0x000008ee       0x14 port.o
                0x000008ee                i2c_start
 .text.i2c_repeated_start
                0x00000902        0xc port.o
                0x00000902                i2c_repeated_start
 .text.i2c_send_address_read
                0x0000090e       0x18 port.o
                0x0000090e                i2c_send_address_read
 .text.i2c_send_address_write
                0x00000926       0x16 port.o
                0x00000926                i2c_send_address_write
 .text.i2c_send_registry
                0x0000093c       0x16 port.o
                0x0000093c                i2c_send_registry
 .text.i2c_send_data
                0x00000952       0x16 port.o
                0x00000952                i2c_send_data
 .text.i2c_read_data_nmak
                0x00000968       0x10 port.o
                0x00000968                i2c_read_data_nmak
 .text.i2c_read_data_mak
                0x00000978       0x10 port.o
                0x00000978                i2c_read_data_mak
 .text.i2c_stop
                0x00000988       0x10 port.o
                0x00000988                i2c_stop
 .text.i2c_wait_transmission
                0x00000998        0x8 port.o
                0x00000998                i2c_wait_transmission
 .text.i2c_write_val_to_reg_OLED
                0x000009a0       0x2c port.o
                0x000009a0                i2c_write_val_to_reg_OLED
 .text.i2c_repeated_start_OLED
                0x000009cc        0xa port.o
                0x000009cc                i2c_repeated_start_OLED
 .text.servo_init
                0x000009d6       0x3e ServoControl.o
                0x000009d6                servo_init
 .text.__vector_7
                0x00000a14      0x2a0 ServoControl.o
                0x00000a14                __vector_7
 .text.__vector_1
                0x00000cb4       0x5e ServoControl.o
                0x00000cb4                __vector_1
 .text.__vector_5
                0x00000d12       0x2c ServoControl.o
                0x00000d12                __vector_5
 .text.Task_Timer
                0x00000d3e       0x2a SimpleTesting.o
                0x00000d3e                Task_Timer
 .text.__vector_10
                0x00000d68       0x30 SimpleTesting.o
                0x00000d68                __vector_10
 .text.WDT_on   0x00000d98        0x8 SimpleTesting.o
                0x00000d98                WDT_on
 .text.atol_new
                0x00000da0       0x88 SimpleTesting.o
                0x00000da0                atol_new
 .text.main     0x00000e28     0x2186 SimpleTesting.o
                0x00000e28                main
 .text.init_uart
                0x00002fae       0x1a uart.o
                0x00002fae                init_uart
 .text.__vector_13
                0x00002fc8       0xe4 uart.o
                0x00002fc8                __vector_13
 .text.write_char
                0x000030ac        0x8 uart.o
                0x000030ac                write_char
 .text.write_string
                0x000030b4       0x20 uart.o
                0x000030b4                write_string
 .text.write_string_ln
                0x000030d4       0x28 uart.o
                0x000030d4                write_string_ln
 .text.write_var
                0x000030fc       0x3c uart.o
                0x000030fc                write_var
 .text.write_var_ln
                0x00003138       0x44 uart.o
                0x00003138                write_var_ln
 .text.send_sbyte
                0x0000317c        0x8 uart.o
                0x0000317c                send_sbyte
 .text.send_ubyte
                0x00003184        0x8 uart.o
                0x00003184                send_ubyte
 .text.send_sshort_tel
                0x0000318c       0x12 uart.o
                0x0000318c                send_sshort_tel
 .text.send_ushort_tel
                0x0000319e       0x12 uart.o
                0x0000319e                send_ushort_tel
 .text.avr-libc.fplib
                0x000031b0        0xa e:/programme/atmel/atmel toolchain/avr8 gcc/native/3.4.2.1002/avr8-gnu-toolchain/bin/../lib/gcc/avr/4.7.2/../../../../avr/lib/avr5\libm.a(addsf3.o)
                0x000031b0                __subsf3
                0x000031b2                __addsf3
 .text.avr-libc.fplib
                0x000031ba       0xc0 e:/programme/atmel/atmel toolchain/avr8 gcc/native/3.4.2.1002/avr8-gnu-toolchain/bin/../lib/gcc/avr/4.7.2/../../../../avr/lib/avr5\libm.a(addsf3x.o)
                0x000031d4                __addsf3x
 .text.avr-libc.fplib
                0x0000327a       0x74 e:/programme/atmel/atmel toolchain/avr8 gcc/native/3.4.2.1002/avr8-gnu-toolchain/bin/../lib/gcc/avr/4.7.2/../../../../avr/lib/avr5\libm.a(atan2.o)
                0x00003298                atan2
 .text.avr-libc.fplib
                0x000032ee       0x50 e:/programme/atmel/atmel toolchain/avr8 gcc/native/3.4.2.1002/avr8-gnu-toolchain/bin/../lib/gcc/avr/4.7.2/../../../../avr/lib/avr5\libm.a(atan.o)
                0x000032ee                atan
 .text.avr-libc.fplib
                0x0000333e        0x8 e:/programme/atmel/atmel toolchain/avr8 gcc/native/3.4.2.1002/avr8-gnu-toolchain/bin/../lib/gcc/avr/4.7.2/../../../../avr/lib/avr5\libm.a(cmpsf2.o)
                0x0000333e                __nesf2
                0x0000333e                __eqsf2
                0x0000333e                __cmpsf2
                0x0000333e                __ltsf2
                0x0000333e                __lesf2
 .text.avr-libc.fplib
                0x00003346        0x4 e:/programme/atmel/atmel toolchain/avr8 gcc/native/3.4.2.1002/avr8-gnu-toolchain/bin/../lib/gcc/avr/4.7.2/../../../../avr/lib/avr5\libm.a(divsf3.o)
                0x00003346                __divsf3
 .text.avr-libc.fplib
                0x0000334a       0xcc e:/programme/atmel/atmel toolchain/avr8 gcc/native/3.4.2.1002/avr8-gnu-toolchain/bin/../lib/gcc/avr/4.7.2/../../../../avr/lib/avr5\libm.a(divsf3x.o)
                0x00003360                __divsf3x
                0x00003364                __divsf3_pse
 .text.avr-libc.fplib
                0x00003416        0xa e:/programme/atmel/atmel toolchain/avr8 gcc/native/3.4.2.1002/avr8-gnu-toolchain/bin/../lib/gcc/avr/4.7.2/../../../../avr/lib/avr5\libm.a(fixsfsi.o)
                0x00003416                __fixsfsi
 .text.avr-libc.fplib
                0x00003420       0x58 e:/programme/atmel/atmel toolchain/avr8 gcc/native/3.4.2.1002/avr8-gnu-toolchain/bin/../lib/gcc/avr/4.7.2/../../../../avr/lib/avr5\libm.a(fixunssfsi.o)
                0x00003420                __fixunssfsi
 .text.avr-libc.fplib
                0x00003478       0x7a e:/programme/atmel/atmel toolchain/avr8 gcc/native/3.4.2.1002/avr8-gnu-toolchain/bin/../lib/gcc/avr/4.7.2/../../../../avr/lib/avr5\libm.a(floatsisf.o)
                0x00003478                __floatunsisf
                0x0000347c                __floatsisf
 .text.avr-libc.fplib
                0x000034f2       0x48 e:/programme/atmel/atmel toolchain/avr8 gcc/native/3.4.2.1002/avr8-gnu-toolchain/bin/../lib/gcc/avr/4.7.2/../../../../avr/lib/avr5\libm.a(fp_cmp.o)
                0x000034f2                __fp_cmp
 .text.avr-libc.fplib
                0x0000353a        0xc e:/programme/atmel/atmel toolchain/avr8 gcc/native/3.4.2.1002/avr8-gnu-toolchain/bin/../lib/gcc/avr/4.7.2/../../../../avr/lib/avr5\libm.a(fp_inf.o)
                0x0000353a                __fp_inf
 .text.avr-libc.fplib
                0x00003546        0x6 e:/programme/atmel/atmel toolchain/avr8 gcc/native/3.4.2.1002/avr8-gnu-toolchain/bin/../lib/gcc/avr/4.7.2/../../../../avr/lib/avr5\libm.a(fp_nan.o)
                0x00003546                __fp_nan
 .text.avr-libc.fplib
                0x0000354c       0x4a e:/programme/atmel/atmel toolchain/avr8 gcc/native/3.4.2.1002/avr8-gnu-toolchain/bin/../lib/gcc/avr/4.7.2/../../../../avr/lib/avr5\libm.a(fp_powser.o)
                0x0000354c                __fp_powser
 .text.avr-libc.fplib
                0x00003596        0xe e:/programme/atmel/atmel toolchain/avr8 gcc/native/3.4.2.1002/avr8-gnu-toolchain/bin/../lib/gcc/avr/4.7.2/../../../../avr/lib/avr5\libm.a(fp_pscA.o)
                0x00003596                __fp_pscA
 .text.avr-libc.fplib
                0x000035a4        0xe e:/programme/atmel/atmel toolchain/avr8 gcc/native/3.4.2.1002/avr8-gnu-toolchain/bin/../lib/gcc/avr/4.7.2/../../../../avr/lib/avr5\libm.a(fp_pscB.o)
                0x000035a4                __fp_pscB
 .text.avr-libc.fplib
                0x000035b2       0x22 e:/programme/atmel/atmel toolchain/avr8 gcc/native/3.4.2.1002/avr8-gnu-toolchain/bin/../lib/gcc/avr/4.7.2/../../../../avr/lib/avr5\libm.a(fp_round.o)
                0x000035b2                __fp_round
 .text.avr-libc.fplib
                0x000035d4       0x44 e:/programme/atmel/atmel toolchain/avr8 gcc/native/3.4.2.1002/avr8-gnu-toolchain/bin/../lib/gcc/avr/4.7.2/../../../../avr/lib/avr5\libm.a(fp_split3.o)
                0x000035d4                __fp_split3
                0x000035e4                __fp_splitA
 .text.avr-libc.fplib
                0x00003618        0xe e:/programme/atmel/atmel toolchain/avr8 gcc/native/3.4.2.1002/avr8-gnu-toolchain/bin/../lib/gcc/avr/4.7.2/../../../../avr/lib/avr5\libm.a(fp_zero.o)
                0x00003618                __fp_zero
                0x0000361a                __fp_szero
 .text.avr-libc.fplib
                0x00003626        0x8 e:/programme/atmel/atmel toolchain/avr8 gcc/native/3.4.2.1002/avr8-gnu-toolchain/bin/../lib/gcc/avr/4.7.2/../../../../avr/lib/avr5\libm.a(gesf2.o)
                0x00003626                __gesf2
                0x00003626                __gtsf2
 .text.avr-libc.fplib
                0x0000362e        0xe e:/programme/atmel/atmel toolchain/avr8 gcc/native/3.4.2.1002/avr8-gnu-toolchain/bin/../lib/gcc/avr/4.7.2/../../../../avr/lib/avr5\libm.a(inverse.o)
                0x0000362e                inverse
 .text.avr-libc.fplib
                0x0000363c        0x4 e:/programme/atmel/atmel toolchain/avr8 gcc/native/3.4.2.1002/avr8-gnu-toolchain/bin/../lib/gcc/avr/4.7.2/../../../../avr/lib/avr5\libm.a(mulsf3.o)
                0x0000363c                __mulsf3
 .text.avr-libc.fplib
                0x00003640       0xc2 e:/programme/atmel/atmel toolchain/avr8 gcc/native/3.4.2.1002/avr8-gnu-toolchain/bin/../lib/gcc/avr/4.7.2/../../../../avr/lib/avr5\libm.a(mulsf3x.o)
                0x00003654                __mulsf3x
                0x00003658                __mulsf3_pse
 .text.avr-libc.fplib
                0x00003702       0x84 e:/programme/atmel/atmel toolchain/avr8 gcc/native/3.4.2.1002/avr8-gnu-toolchain/bin/../lib/gcc/avr/4.7.2/../../../../avr/lib/avr5\libm.a(sqrt.o)
                0x0000370a                sqrt
 .text.avr-libc.fplib
                0x00003786        0x6 e:/programme/atmel/atmel toolchain/avr8 gcc/native/3.4.2.1002/avr8-gnu-toolchain/bin/../lib/gcc/avr/4.7.2/../../../../avr/lib/avr5\libm.a(square.o)
                0x00003786                square
 .text.avr-libc.fplib
                0x0000378c       0x1c e:/programme/atmel/atmel toolchain/avr8 gcc/native/3.4.2.1002/avr8-gnu-toolchain/bin/../lib/gcc/avr/4.7.2/../../../../avr/lib/avr5\libm.a(fp_mpack.o)
                0x0000378c                __fp_mpack
                0x00003790                __fp_mpack_finite
 .text.avr-libc.fplib
                0x000037a8        0xe e:/programme/atmel/atmel toolchain/avr8 gcc/native/3.4.2.1002/avr8-gnu-toolchain/bin/../lib/gcc/avr/4.7.2/../../../../avr/lib/avr5\libm.a(fp_norm2.o)
                0x000037a8                __fp_norm2
 .text.libgcc.div
                0x000037b6       0x28 e:/programme/atmel/atmel toolchain/avr8 gcc/native/3.4.2.1002/avr8-gnu-toolchain/bin/../lib/gcc/avr/4.7.2/avr5\libgcc.a(_divmodhi4.o)
                0x000037b6                _div
                0x000037b6                __divmodhi4
 .text.libgcc.div
                0x000037de       0x44 e:/programme/atmel/atmel toolchain/avr8 gcc/native/3.4.2.1002/avr8-gnu-toolchain/bin/../lib/gcc/avr/4.7.2/avr5\libgcc.a(_udivmodsi4.o)
                0x000037de                __udivmodsi4
 .text.libgcc.div
                0x00003822       0x28 e:/programme/atmel/atmel toolchain/avr8 gcc/native/3.4.2.1002/avr8-gnu-toolchain/bin/../lib/gcc/avr/4.7.2/avr5\libgcc.a(_udivmodhi4.o)
                0x00003822                __udivmodhi4
 .text.avr-libc
                0x0000384a       0x68 e:/programme/atmel/atmel toolchain/avr8 gcc/native/3.4.2.1002/avr8-gnu-toolchain/bin/../lib/gcc/avr/4.7.2/../../../../avr/lib/avr5\libc.a(ltoa.o)
                0x0000384a                ltoa
 .text.avr-libc
                0x000038b2       0x20 e:/programme/atmel/atmel toolchain/avr8 gcc/native/3.4.2.1002/avr8-gnu-toolchain/bin/../lib/gcc/avr/4.7.2/../../../../avr/lib/avr5\libc.a(strrev.o)
                0x000038b2                strrev
                0x000038d2                . = ALIGN (0x2)
 *(.fini9)
 .fini9         0x000038d2        0x0 e:/programme/atmel/atmel toolchain/avr8 gcc/native/3.4.2.1002/avr8-gnu-toolchain/bin/../lib/gcc/avr/4.7.2/avr5\libgcc.a(_exit.o)
                0x000038d2                _exit
                0x000038d2                exit
 *(.fini9)
 *(.fini8)
 *(.fini8)
 *(.fini7)
 *(.fini7)
 *(.fini6)
 *(.fini6)
 *(.fini5)
 *(.fini5)
 *(.fini4)
 *(.fini4)
 *(.fini3)
 *(.fini3)
 *(.fini2)
 *(.fini2)
 *(.fini1)
 *(.fini1)
 *(.fini0)
 .fini0         0x000038d2        0x4 e:/programme/atmel/atmel toolchain/avr8 gcc/native/3.4.2.1002/avr8-gnu-toolchain/bin/../lib/gcc/avr/4.7.2/avr5\libgcc.a(_exit.o)
 *(.fini0)
                0x000038d6                _etext = .

.data           0x00800060      0x1a6 load address 0x000038d6
                0x00800060                PROVIDE (__data_start, .)
 *(.data)
 .data          0x00800060        0x0 e:/programme/atmel/atmel toolchain/avr8 gcc/native/3.4.2.1002/avr8-gnu-toolchain/bin/../lib/gcc/avr/4.7.2/../../../../avr/lib/avr5/crtm32.o
 .data          0x00800060        0x0 Accelerometer.o
 .data          0x00800060        0x0 Barometer.o
 .data          0x00800060        0x0 ADC_Reading.o
 .data          0x00800060        0x0 Gyro.o
 .data          0x00800060        0x0 OLED_display.o
 .data          0x00800060        0x0 Magnetometer.o
 .data          0x00800060        0x0 port.o
 .data          0x00800060        0x0 ServoControl.o
 .data          0x00800060        0x0 SimpleTesting.o
 .data          0x00800060        0x0 uart.o
 .data          0x00800060        0x0 e:/programme/atmel/atmel toolchain/avr8 gcc/native/3.4.2.1002/avr8-gnu-toolchain/bin/../lib/gcc/avr/4.7.2/../../../../avr/lib/avr5\libm.a(addsf3.o)
 .data          0x00800060        0x0 e:/programme/atmel/atmel toolchain/avr8 gcc/native/3.4.2.1002/avr8-gnu-toolchain/bin/../lib/gcc/avr/4.7.2/../../../../avr/lib/avr5\libm.a(addsf3x.o)
 .data          0x00800060        0x0 e:/programme/atmel/atmel toolchain/avr8 gcc/native/3.4.2.1002/avr8-gnu-toolchain/bin/../lib/gcc/avr/4.7.2/../../../../avr/lib/avr5\libm.a(atan2.o)
 .data          0x00800060        0x0 e:/programme/atmel/atmel toolchain/avr8 gcc/native/3.4.2.1002/avr8-gnu-toolchain/bin/../lib/gcc/avr/4.7.2/../../../../avr/lib/avr5\libm.a(atan.o)
 .data          0x00800060        0x0 e:/programme/atmel/atmel toolchain/avr8 gcc/native/3.4.2.1002/avr8-gnu-toolchain/bin/../lib/gcc/avr/4.7.2/../../../../avr/lib/avr5\libm.a(cmpsf2.o)
 .data          0x00800060        0x0 e:/programme/atmel/atmel toolchain/avr8 gcc/native/3.4.2.1002/avr8-gnu-toolchain/bin/../lib/gcc/avr/4.7.2/../../../../avr/lib/avr5\libm.a(cos.o)
 .data          0x00800060        0x0 e:/programme/atmel/atmel toolchain/avr8 gcc/native/3.4.2.1002/avr8-gnu-toolchain/bin/../lib/gcc/avr/4.7.2/../../../../avr/lib/avr5\libm.a(divsf3.o)
 .data          0x00800060        0x0 e:/programme/atmel/atmel toolchain/avr8 gcc/native/3.4.2.1002/avr8-gnu-toolchain/bin/../lib/gcc/avr/4.7.2/../../../../avr/lib/avr5\libm.a(divsf3x.o)
 .data          0x00800060        0x0 e:/programme/atmel/atmel toolchain/avr8 gcc/native/3.4.2.1002/avr8-gnu-toolchain/bin/../lib/gcc/avr/4.7.2/../../../../avr/lib/avr5\libm.a(fixsfsi.o)
 .data          0x00800060        0x0 e:/programme/atmel/atmel toolchain/avr8 gcc/native/3.4.2.1002/avr8-gnu-toolchain/bin/../lib/gcc/avr/4.7.2/../../../../avr/lib/avr5\libm.a(fixunssfsi.o)
 .data          0x00800060        0x0 e:/programme/atmel/atmel toolchain/avr8 gcc/native/3.4.2.1002/avr8-gnu-toolchain/bin/../lib/gcc/avr/4.7.2/../../../../avr/lib/avr5\libm.a(floatsisf.o)
 .data          0x00800060        0x0 e:/programme/atmel/atmel toolchain/avr8 gcc/native/3.4.2.1002/avr8-gnu-toolchain/bin/../lib/gcc/avr/4.7.2/../../../../avr/lib/avr5\libm.a(fp_cmp.o)
 .data          0x00800060        0x0 e:/programme/atmel/atmel toolchain/avr8 gcc/native/3.4.2.1002/avr8-gnu-toolchain/bin/../lib/gcc/avr/4.7.2/../../../../avr/lib/avr5\libm.a(fp_inf.o)
 .data          0x00800060        0x0 e:/programme/atmel/atmel toolchain/avr8 gcc/native/3.4.2.1002/avr8-gnu-toolchain/bin/../lib/gcc/avr/4.7.2/../../../../avr/lib/avr5\libm.a(fp_nan.o)
 .data          0x00800060        0x0 e:/programme/atmel/atmel toolchain/avr8 gcc/native/3.4.2.1002/avr8-gnu-toolchain/bin/../lib/gcc/avr/4.7.2/../../../../avr/lib/avr5\libm.a(fp_powser.o)
 .data          0x00800060        0x0 e:/programme/atmel/atmel toolchain/avr8 gcc/native/3.4.2.1002/avr8-gnu-toolchain/bin/../lib/gcc/avr/4.7.2/../../../../avr/lib/avr5\libm.a(fp_pscA.o)
 .data          0x00800060        0x0 e:/programme/atmel/atmel toolchain/avr8 gcc/native/3.4.2.1002/avr8-gnu-toolchain/bin/../lib/gcc/avr/4.7.2/../../../../avr/lib/avr5\libm.a(fp_pscB.o)
 .data          0x00800060        0x0 e:/programme/atmel/atmel toolchain/avr8 gcc/native/3.4.2.1002/avr8-gnu-toolchain/bin/../lib/gcc/avr/4.7.2/../../../../avr/lib/avr5\libm.a(fp_rempio2.o)
 .data          0x00800060        0x0 e:/programme/atmel/atmel toolchain/avr8 gcc/native/3.4.2.1002/avr8-gnu-toolchain/bin/../lib/gcc/avr/4.7.2/../../../../avr/lib/avr5\libm.a(fp_round.o)
 .data          0x00800060        0x0 e:/programme/atmel/atmel toolchain/avr8 gcc/native/3.4.2.1002/avr8-gnu-toolchain/bin/../lib/gcc/avr/4.7.2/../../../../avr/lib/avr5\libm.a(fp_sinus.o)
 .data          0x00800060        0x0 e:/programme/atmel/atmel toolchain/avr8 gcc/native/3.4.2.1002/avr8-gnu-toolchain/bin/../lib/gcc/avr/4.7.2/../../../../avr/lib/avr5\libm.a(fp_split3.o)
 .data          0x00800060        0x0 e:/programme/atmel/atmel toolchain/avr8 gcc/native/3.4.2.1002/avr8-gnu-toolchain/bin/../lib/gcc/avr/4.7.2/../../../../avr/lib/avr5\libm.a(fp_zero.o)
 .data          0x00800060        0x0 e:/programme/atmel/atmel toolchain/avr8 gcc/native/3.4.2.1002/avr8-gnu-toolchain/bin/../lib/gcc/avr/4.7.2/../../../../avr/lib/avr5\libm.a(gesf2.o)
 .data          0x00800060        0x0 e:/programme/atmel/atmel toolchain/avr8 gcc/native/3.4.2.1002/avr8-gnu-toolchain/bin/../lib/gcc/avr/4.7.2/../../../../avr/lib/avr5\libm.a(inverse.o)
 .data          0x00800060        0x0 e:/programme/atmel/atmel toolchain/avr8 gcc/native/3.4.2.1002/avr8-gnu-toolchain/bin/../lib/gcc/avr/4.7.2/../../../../avr/lib/avr5\libm.a(mulsf3.o)
 .data          0x00800060        0x0 e:/programme/atmel/atmel toolchain/avr8 gcc/native/3.4.2.1002/avr8-gnu-toolchain/bin/../lib/gcc/avr/4.7.2/../../../../avr/lib/avr5\libm.a(mulsf3x.o)
 .data          0x00800060        0x0 e:/programme/atmel/atmel toolchain/avr8 gcc/native/3.4.2.1002/avr8-gnu-toolchain/bin/../lib/gcc/avr/4.7.2/../../../../avr/lib/avr5\libm.a(sin.o)
 .data          0x00800060        0x0 e:/programme/atmel/atmel toolchain/avr8 gcc/native/3.4.2.1002/avr8-gnu-toolchain/bin/../lib/gcc/avr/4.7.2/../../../../avr/lib/avr5\libm.a(sqrt.o)
 .data          0x00800060        0x0 e:/programme/atmel/atmel toolchain/avr8 gcc/native/3.4.2.1002/avr8-gnu-toolchain/bin/../lib/gcc/avr/4.7.2/../../../../avr/lib/avr5\libm.a(square.o)
 .data          0x00800060        0x0 e:/programme/atmel/atmel toolchain/avr8 gcc/native/3.4.2.1002/avr8-gnu-toolchain/bin/../lib/gcc/avr/4.7.2/../../../../avr/lib/avr5\libm.a(fp_mpack.o)
 .data          0x00800060        0x0 e:/programme/atmel/atmel toolchain/avr8 gcc/native/3.4.2.1002/avr8-gnu-toolchain/bin/../lib/gcc/avr/4.7.2/../../../../avr/lib/avr5\libm.a(fp_norm2.o)
 .data          0x00800060        0x0 e:/programme/atmel/atmel toolchain/avr8 gcc/native/3.4.2.1002/avr8-gnu-toolchain/bin/../lib/gcc/avr/4.7.2/../../../../avr/lib/avr5\libm.a(fp_powsodd.o)
 .data          0x00800060        0x0 e:/programme/atmel/atmel toolchain/avr8 gcc/native/3.4.2.1002/avr8-gnu-toolchain/bin/../lib/gcc/avr/4.7.2/avr5\libgcc.a(_divmodhi4.o)
 .data          0x00800060        0x0 e:/programme/atmel/atmel toolchain/avr8 gcc/native/3.4.2.1002/avr8-gnu-toolchain/bin/../lib/gcc/avr/4.7.2/avr5\libgcc.a(_udivmodsi4.o)
 .data          0x00800060        0x0 e:/programme/atmel/atmel toolchain/avr8 gcc/native/3.4.2.1002/avr8-gnu-toolchain/bin/../lib/gcc/avr/4.7.2/avr5\libgcc.a(_exit.o)
 .data          0x00800060        0x0 e:/programme/atmel/atmel toolchain/avr8 gcc/native/3.4.2.1002/avr8-gnu-toolchain/bin/../lib/gcc/avr/4.7.2/avr5\libgcc.a(_copy_data.o)
 .data          0x00800060        0x0 e:/programme/atmel/atmel toolchain/avr8 gcc/native/3.4.2.1002/avr8-gnu-toolchain/bin/../lib/gcc/avr/4.7.2/avr5\libgcc.a(_clear_bss.o)
 .data          0x00800060        0x0 e:/programme/atmel/atmel toolchain/avr8 gcc/native/3.4.2.1002/avr8-gnu-toolchain/bin/../lib/gcc/avr/4.7.2/avr5\libgcc.a(_udivmodhi4.o)
 .data          0x00800060        0x0 e:/programme/atmel/atmel toolchain/avr8 gcc/native/3.4.2.1002/avr8-gnu-toolchain/bin/../lib/gcc/avr/4.7.2/../../../../avr/lib/avr5\libc.a(itoa.o)
 .data          0x00800060        0x0 e:/programme/atmel/atmel toolchain/avr8 gcc/native/3.4.2.1002/avr8-gnu-toolchain/bin/../lib/gcc/avr/4.7.2/../../../../avr/lib/avr5\libc.a(ltoa.o)
 .data          0x00800060        0x0 e:/programme/atmel/atmel toolchain/avr8 gcc/native/3.4.2.1002/avr8-gnu-toolchain/bin/../lib/gcc/avr/4.7.2/../../../../avr/lib/avr5\libc.a(strrev.o)
 *(.data*)
 .data.ctrl_out
                0x00800060       0x1c ServoControl.o
                0x00800060                ctrl_out
 .data.R_angle  0x0080007c        0x4 SimpleTesting.o
                0x0080007c                R_angle
 .data.Q_gyro   0x00800080        0x4 SimpleTesting.o
                0x00800080                Q_gyro
 .data.Q_angle  0x00800084        0x4 SimpleTesting.o
                0x00800084                Q_angle
 .data.K_d_p    0x00800088        0x1 SimpleTesting.o
                0x00800088                K_d_p
 .data.K_d_r    0x00800089        0x1 SimpleTesting.o
                0x00800089                K_d_r
 .data.K_d_q    0x0080008a        0x1 SimpleTesting.o
                0x0080008a                K_d_q
 .data.alpha_alt
                0x0080008b        0x4 SimpleTesting.o
                0x0080008b                alpha_alt
 .data.flap_setpoint
                0x0080008f        0x2 SimpleTesting.o
                0x0080008f                flap_setpoint
 *(.rodata)
 *(.rodata*)
 .rodata.str1.1
                0x00800091        0xc Accelerometer.o
 .rodata.str1.1
                0x0080009d       0x1a Barometer.o
 .rodata.str1.1
                0x008000b7       0x14 ADC_Reading.o
 .rodata.str1.1
                0x008000cb       0x39 Gyro.o
 .rodata.str1.1
                0x00800104       0x12 ServoControl.o
 .rodata.str1.1
                0x00800116       0xed SimpleTesting.o
 .rodata.str1.1
                0x00800203        0x3 uart.o
 *(.gnu.linkonce.d*)
                0x00800206                . = ALIGN (0x2)
                0x00800206                _edata = .
                0x00800206                PROVIDE (__data_end, .)

.bss            0x00800206      0x3ec
                0x00800206                PROVIDE (__bss_start, .)
 *(.bss)
 *(.bss*)
 .bss.acc_z_g   0x00800206        0x2 Accelerometer.o
                0x00800206                acc_z_g
 .bss.acc_z     0x00800208        0x2 Accelerometer.o
                0x00800208                acc_z
 .bss.acc_z_l   0x0080020a        0x1 Accelerometer.o
                0x0080020a                acc_z_l
 .bss.acc_z_h   0x0080020b        0x1 Accelerometer.o
                0x0080020b                acc_z_h
 .bss.acc_y_g   0x0080020c        0x2 Accelerometer.o
                0x0080020c                acc_y_g
 .bss.acc_y     0x0080020e        0x2 Accelerometer.o
                0x0080020e                acc_y
 .bss.acc_y_l   0x00800210        0x1 Accelerometer.o
                0x00800210                acc_y_l
 .bss.acc_y_h   0x00800211        0x1 Accelerometer.o
                0x00800211                acc_y_h
 .bss.acc_x_g   0x00800212        0x2 Accelerometer.o
                0x00800212                acc_x_g
 .bss.acc_x     0x00800214        0x2 Accelerometer.o
                0x00800214                acc_x
 .bss.acc_x_l   0x00800216        0x1 Accelerometer.o
                0x00800216                acc_x_l
 .bss.acc_x_h   0x00800217        0x1 Accelerometer.o
                0x00800217                acc_x_h
 .bss.baro_previous
                0x00800218        0x2 Barometer.o
                0x00800218                baro_previous
 .bss.baro_p    0x0080021a        0x2 Barometer.o
                0x0080021a                baro_p
 .bss.baro_offset
                0x0080021c        0x2 Barometer.o
                0x0080021c                baro_offset
 .bss.baro_cal_flag
                0x0080021e        0x1 Barometer.o
                0x0080021e                baro_cal_flag
 .bss.baro_p_l  0x0080021f        0x1 Barometer.o
                0x0080021f                baro_p_l
 .bss.baro_p_c  0x00800220        0x1 Barometer.o
                0x00800220                baro_p_c
 .bss.baro_p_h  0x00800221        0x1 Barometer.o
                0x00800221                baro_p_h
 .bss.v_raw     0x00800222        0x2 ADC_Reading.o
                0x00800222                v_raw
 .bss.cal_complete
                0x00800224        0x2 Gyro.o
                0x00800224                cal_complete
 .bss.gyro_r_offset
                0x00800226        0x2 Gyro.o
                0x00800226                gyro_r_offset
 .bss.gyro_q_offset
                0x00800228        0x2 Gyro.o
                0x00800228                gyro_q_offset
 .bss.gyro_p_offset
                0x0080022a        0x2 Gyro.o
                0x0080022a                gyro_p_offset
 .bss.gyro_z    0x0080022c        0x2 Gyro.o
                0x0080022c                gyro_z
 .bss.gyro_z_l  0x0080022e        0x1 Gyro.o
                0x0080022e                gyro_z_l
 .bss.gyro_z_h  0x0080022f        0x1 Gyro.o
                0x0080022f                gyro_z_h
 .bss.gyro_y    0x00800230        0x2 Gyro.o
                0x00800230                gyro_y
 .bss.gyro_y_l  0x00800232        0x1 Gyro.o
                0x00800232                gyro_y_l
 .bss.gyro_y_h  0x00800233        0x1 Gyro.o
                0x00800233                gyro_y_h
 .bss.gyro_x    0x00800234        0x2 Gyro.o
                0x00800234                gyro_x
 .bss.gyro_x_l  0x00800236        0x1 Gyro.o
                0x00800236                gyro_x_l
 .bss.gyro_x_h  0x00800237        0x1 Gyro.o
                0x00800237                gyro_x_h
 .bss.first_pulse
                0x00800238        0x2 ServoControl.o
                0x00800238                first_pulse
 .bss.channel   0x0080023a        0x1 ServoControl.o
                0x0080023a                channel
 .bss.ctrl      0x0080023b        0x1 ServoControl.o
                0x0080023b                ctrl
 .bss.ctrl_out_DAMP
                0x0080023c       0x1c ServoControl.o
                0x0080023c                ctrl_out_DAMP
 .bss.ctrl_out_PID
                0x00800258       0x1c ServoControl.o
                0x00800258                ctrl_out_PID
 .bss.ctrl_in   0x00800274       0x12 ServoControl.o
                0x00800274                ctrl_in
 .bss.sample_time
                0x00800286        0x4 SimpleTesting.o
                0x00800286                sample_time
 .bss.comp_count
                0x0080028a        0x1 SimpleTesting.o
                0x0080028a                comp_count
 .bss.task_flag
                0x0080028b        0x1 SimpleTesting.o
                0x0080028b                task_flag
 .bss.cal_cnt   0x0080028c        0x1 SimpleTesting.o
                0x0080028c                cal_cnt
 .bss.test_cnt2
                0x0080028d        0x1 SimpleTesting.o
                0x0080028d                test_cnt2
 .bss.tune_cnt  0x0080028e        0x1 SimpleTesting.o
                0x0080028e                tune_cnt
 .bss.telemetry_cnt
                0x0080028f        0x1 SimpleTesting.o
                0x0080028f                telemetry_cnt
 .bss.flash_count
                0x00800290        0x1 SimpleTesting.o
                0x00800290                flash_count
 .bss.lights_commanded
                0x00800291        0x1 SimpleTesting.o
                0x00800291                lights_commanded
 .bss.lights_enabled
                0x00800292        0x1 SimpleTesting.o
                0x00800292                lights_enabled
 .bss.GPS_home_comm
                0x00800293        0x1 SimpleTesting.o
                0x00800293                GPS_home_comm
 .bss.GPS_home_set
                0x00800294        0x1 SimpleTesting.o
                0x00800294                GPS_home_set
 .bss.GPS_POS_DIF_Y
                0x00800295        0x4 SimpleTesting.o
                0x00800295                GPS_POS_DIF_Y
 .bss.heading_error_sum
                0x00800299        0x2 SimpleTesting.o
                0x00800299                heading_error_sum
 .bss.heading_goal
                0x0080029b        0x2 SimpleTesting.o
                0x0080029b                heading_goal
 .bss.heading_GPS_tel
                0x0080029d        0x2 SimpleTesting.o
                0x0080029d                heading_GPS_tel
 .bss.heading_GPS
                0x0080029f        0x2 SimpleTesting.o
                0x0080029f                heading_GPS
 .bss.K_1_Phi   0x008002a1        0x4 SimpleTesting.o
                0x008002a1                K_1_Phi
 .bss.P_11_Phi  0x008002a5        0x4 SimpleTesting.o
                0x008002a5                P_11_Phi
 .bss.p_bias    0x008002a9        0x4 SimpleTesting.o
                0x008002a9                p_bias
 .bss.K_1_Theta
                0x008002ad        0x4 SimpleTesting.o
                0x008002ad                K_1_Theta
 .bss.P_11_Theta
                0x008002b1        0x4 SimpleTesting.o
                0x008002b1                P_11_Theta
 .bss.q_bias    0x008002b5        0x4 SimpleTesting.o
                0x008002b5                q_bias
 .bss.Phi_acc   0x008002b9        0x4 SimpleTesting.o
                0x008002b9                Phi_acc
 .bss.Theta_acc
                0x008002bd        0x4 SimpleTesting.o
                0x008002bd                Theta_acc
 .bss.Phi_error_prev
                0x008002c1        0x4 SimpleTesting.o
                0x008002c1                Phi_error_prev
 .bss.Phi_error_sum
                0x008002c5        0x4 SimpleTesting.o
                0x008002c5                Phi_error_sum
 .bss.Phi_error
                0x008002c9        0x4 SimpleTesting.o
                0x008002c9                Phi_error
 .bss.Phi_hold_0
                0x008002cd        0x2 SimpleTesting.o
                0x008002cd                Phi_hold_0
 .bss.Phi_hold  0x008002cf        0x4 SimpleTesting.o
                0x008002cf                Phi_hold
 .bss.Phi_command
                0x008002d3        0x1 SimpleTesting.o
                0x008002d3                Phi_command
 .bss.Phi       0x008002d4        0x2 SimpleTesting.o
                0x008002d4                Phi
 .bss.Theta_error_prev
                0x008002d6        0x2 SimpleTesting.o
                0x008002d6                Theta_error_prev
 .bss.r_filt    0x008002d8        0x1 SimpleTesting.o
                0x008002d8                r_filt
 .bss.speed_cnt
                0x008002d9        0x1 SimpleTesting.o
                0x008002d9                speed_cnt
 .bss.speed_error_prev
                0x008002da        0x4 SimpleTesting.o
                0x008002da                speed_error_prev
 .bss.speed_cal
                0x008002de        0x4 SimpleTesting.o
                0x008002de                speed_cal
 .bss.speed_filt_prev
                0x008002e2        0x2 SimpleTesting.o
                0x008002e2                speed_filt_prev
 .bss.alt_error_prev
                0x008002e4        0x2 SimpleTesting.o
                0x008002e4                alt_error_prev
 .bss.alt_error_sum
                0x008002e6        0x2 SimpleTesting.o
                0x008002e6                alt_error_sum
 .bss.alt_error
                0x008002e8        0x2 SimpleTesting.o
                0x008002e8                alt_error
 .bss.alt_hold_0
                0x008002ea        0x2 SimpleTesting.o
                0x008002ea                alt_hold_0
 .bss.trimmed_rudder
                0x008002ec        0x4 SimpleTesting.o
                0x008002ec                trimmed_rudder
 .bss.trimmed_aileron
                0x008002f0        0x4 SimpleTesting.o
                0x008002f0                trimmed_aileron
 .bss.trimmed_motor
                0x008002f4        0x4 SimpleTesting.o
                0x008002f4                trimmed_motor
 .bss.trimmed_elevator
                0x008002f8        0x4 SimpleTesting.o
                0x008002f8                trimmed_elevator
 .bss.knob_flag
                0x008002fc        0x1 SimpleTesting.o
                0x008002fc                knob_flag
 .bss.state_change
                0x008002fd        0x1 SimpleTesting.o
                0x008002fd                state_change
 .bss.Ctrl_Mode_prev
                0x008002fe        0x1 SimpleTesting.o
                0x008002fe                Ctrl_Mode_prev
 .bss.Ctrl_Mode
                0x008002ff        0x1 SimpleTesting.o
                0x008002ff                Ctrl_Mode
 .bss.GPS_param
                0x00800300        0x1 uart.o
                0x00800300                GPS_param
 .bss.UART_READY_FLAG
                0x00800301        0x1 uart.o
                0x00800301                UART_READY_FLAG
 *(COMMON)
 COMMON         0x00800302      0x23e Accelerometer.o
                0x00800302                GPS_RMC
                0x008003b2                GPS_GGA
                0x00800462                uart_reading
                0x00800463                uart_reading_ascii
                0x00800465                GPS_string
                0x00800515                uart_word_reset
                0x00800516                uart_counter
                0x00800518                uart_word
 COMMON         0x00800540       0x24 OLED_display.o
                0x00800540                ctrl_in_prev
                0x00800552                ctrl_in_offset
 COMMON         0x00800564       0x8d SimpleTesting.o
                0x00800564                K_0_Theta
                0x00800568                GPS_POS_DIF_X
                0x0080056c                GPS_POS_HOME_X
                0x00800570                GPS_POS_GOAL_X
                0x00800574                acc_y_filt
                0x00800576                S_Theta
                0x0080057a                acc_z_filt
                0x0080057c                speed_raw
                0x0080057e                heading_error
                0x00800580                speed_filt
                0x00800582                alt_hold
                0x00800584                acc_z_filt_prev
                0x00800586                P_00_Phi
                0x0080058a                Theta_error
                0x0080058c                GPS_POS_HOME_Y
                0x00800590                speed_error
                0x00800594                P_01_Theta
                0x00800598                Theta_hold
                0x0080059a                acc_x_filt
                0x0080059c                acc_y_filt_prev
                0x0080059e                heading_error_prev
                0x008005a0                P_10_Theta
                0x008005a4                r_raw
                0x008005a5                GPS_POS_LAT_DEG
                0x008005a6                acc_x_raw
                0x008005a8                Theta_temp
                0x008005ac                GPS_POS_CURRENT_Y
                0x008005b0                p_raw
                0x008005b1                P_00_Theta
                0x008005b5                acc_z_raw
                0x008005b7                GPS_POS_GOAL_Y
                0x008005bb                q_filt
                0x008005bc                Theta_error_sum
                0x008005be                altitude_filt
                0x008005c0                GPS_POS_CURRENT_X
                0x008005c4                speed_error_sum
                0x008005c8                altitude_raw
                0x008005ca                S_Phi
                0x008005ce                p_filt
                0x008005cf                Theta
                0x008005d1                P_10_Phi
                0x008005d5                flap_command
                0x008005d6                P_01_Phi
                0x008005da                acc_x_filt_prev
                0x008005dc                acc_y_raw
                0x008005de                Phi_temp
                0x008005e2                heading_hold
                0x008005e4                q_raw
                0x008005e5                K_0_Phi
                0x008005e9                speed_hold
                0x008005ed                test_cnt
                0x008005ee                send_cnt
                0x008005ef                heading
 COMMON         0x008005f1        0x1 uart.o
                0x008005f1                GPS_char
                0x008005f2                PROVIDE (__bss_end, .)
                0x000038d6                __data_load_start = LOADADDR (.data)
                0x00003a7c                __data_load_end = (__data_load_start + SIZEOF (.data))

.noinit         0x008005f2        0x0
                0x008005f2                PROVIDE (__noinit_start, .)
 *(.noinit*)
                0x008005f2                PROVIDE (__noinit_end, .)
                0x008005f2                _end = .
                0x008005f2                PROVIDE (__heap_start, .)

.eeprom         0x00810000        0x0
 *(.eeprom*)
                0x00810000                __eeprom_end = .

.fuse
 *(.fuse)
 *(.lfuse)
 *(.hfuse)
 *(.efuse)

.lock
 *(.lock*)

.signature
 *(.signature*)

.user_signatures
 *(.user_signatures*)

.stab           0x00000000     0x3930
 *(.stab)
 .stab          0x00000000      0x6cc e:/programme/atmel/atmel toolchain/avr8 gcc/native/3.4.2.1002/avr8-gnu-toolchain/bin/../lib/gcc/avr/4.7.2/../../../../avr/lib/avr5/crtm32.o
 .stab          0x000006cc       0x78 e:/programme/atmel/atmel toolchain/avr8 gcc/native/3.4.2.1002/avr8-gnu-toolchain/bin/../lib/gcc/avr/4.7.2/../../../../avr/lib/avr5\libm.a(addsf3.o)
                                 0x84 (size before relaxing)
 .stab          0x00000744      0x4bc e:/programme/atmel/atmel toolchain/avr8 gcc/native/3.4.2.1002/avr8-gnu-toolchain/bin/../lib/gcc/avr/4.7.2/../../../../avr/lib/avr5\libm.a(addsf3x.o)
                                0x4c8 (size before relaxing)
 .stab          0x00000c00      0x2f4 e:/programme/atmel/atmel toolchain/avr8 gcc/native/3.4.2.1002/avr8-gnu-toolchain/bin/../lib/gcc/avr/4.7.2/../../../../avr/lib/avr5\libm.a(atan2.o)
                                0x300 (size before relaxing)
 .stab          0x00000ef4      0x210 e:/programme/atmel/atmel toolchain/avr8 gcc/native/3.4.2.1002/avr8-gnu-toolchain/bin/../lib/gcc/avr/4.7.2/../../../../avr/lib/avr5\libm.a(atan.o)
                                0x21c (size before relaxing)
 .stab          0x00001104       0x90 e:/programme/atmel/atmel toolchain/avr8 gcc/native/3.4.2.1002/avr8-gnu-toolchain/bin/../lib/gcc/avr/4.7.2/../../../../avr/lib/avr5\libm.a(cmpsf2.o)
                                 0x9c (size before relaxing)
 .stab          0x00001194       0x54 e:/programme/atmel/atmel toolchain/avr8 gcc/native/3.4.2.1002/avr8-gnu-toolchain/bin/../lib/gcc/avr/4.7.2/../../../../avr/lib/avr5\libm.a(cos.o)
                                 0x60 (size before relaxing)
 .stab          0x000011e8       0x48 e:/programme/atmel/atmel toolchain/avr8 gcc/native/3.4.2.1002/avr8-gnu-toolchain/bin/../lib/gcc/avr/4.7.2/../../../../avr/lib/avr5\libm.a(divsf3.o)
                                 0x54 (size before relaxing)
 .stab          0x00001230      0x510 e:/programme/atmel/atmel toolchain/avr8 gcc/native/3.4.2.1002/avr8-gnu-toolchain/bin/../lib/gcc/avr/4.7.2/../../../../avr/lib/avr5\libm.a(divsf3x.o)
                                0x51c (size before relaxing)
 .stab          0x00001740       0x6c e:/programme/atmel/atmel toolchain/avr8 gcc/native/3.4.2.1002/avr8-gnu-toolchain/bin/../lib/gcc/avr/4.7.2/../../../../avr/lib/avr5\libm.a(fixsfsi.o)
                                 0x78 (size before relaxing)
 .stab          0x000017ac      0x240 e:/programme/atmel/atmel toolchain/avr8 gcc/native/3.4.2.1002/avr8-gnu-toolchain/bin/../lib/gcc/avr/4.7.2/../../../../avr/lib/avr5\libm.a(fixunssfsi.o)
                                0x24c (size before relaxing)
 .stab          0x000019ec      0x318 e:/programme/atmel/atmel toolchain/avr8 gcc/native/3.4.2.1002/avr8-gnu-toolchain/bin/../lib/gcc/avr/4.7.2/../../../../avr/lib/avr5\libm.a(floatsisf.o)
                                0x324 (size before relaxing)
 .stab          0x00001d04      0x1e0 e:/programme/atmel/atmel toolchain/avr8 gcc/native/3.4.2.1002/avr8-gnu-toolchain/bin/../lib/gcc/avr/4.7.2/../../../../avr/lib/avr5\libm.a(fp_cmp.o)
                                0x1ec (size before relaxing)
 .stab          0x00001ee4       0x78 e:/programme/atmel/atmel toolchain/avr8 gcc/native/3.4.2.1002/avr8-gnu-toolchain/bin/../lib/gcc/avr/4.7.2/../../../../avr/lib/avr5\libm.a(fp_inf.o)
                                 0x84 (size before relaxing)
 .stab          0x00001f5c       0x54 e:/programme/atmel/atmel toolchain/avr8 gcc/native/3.4.2.1002/avr8-gnu-toolchain/bin/../lib/gcc/avr/4.7.2/../../../../avr/lib/avr5\libm.a(fp_nan.o)
                                 0x60 (size before relaxing)
 .stab          0x00001fb0      0x1ec e:/programme/atmel/atmel toolchain/avr8 gcc/native/3.4.2.1002/avr8-gnu-toolchain/bin/../lib/gcc/avr/4.7.2/../../../../avr/lib/avr5\libm.a(fp_powser.o)
                                0x1f8 (size before relaxing)
 .stab          0x0000219c       0x84 e:/programme/atmel/atmel toolchain/avr8 gcc/native/3.4.2.1002/avr8-gnu-toolchain/bin/../lib/gcc/avr/4.7.2/../../../../avr/lib/avr5\libm.a(fp_pscA.o)
                                 0x90 (size before relaxing)
 .stab          0x00002220       0x84 e:/programme/atmel/atmel toolchain/avr8 gcc/native/3.4.2.1002/avr8-gnu-toolchain/bin/../lib/gcc/avr/4.7.2/../../../../avr/lib/avr5\libm.a(fp_pscB.o)
                                 0x90 (size before relaxing)
 .stab          0x000022a4      0x21c e:/programme/atmel/atmel toolchain/avr8 gcc/native/3.4.2.1002/avr8-gnu-toolchain/bin/../lib/gcc/avr/4.7.2/../../../../avr/lib/avr5\libm.a(fp_rempio2.o)
                                0x228 (size before relaxing)
 .stab          0x000024c0       0xfc e:/programme/atmel/atmel toolchain/avr8 gcc/native/3.4.2.1002/avr8-gnu-toolchain/bin/../lib/gcc/avr/4.7.2/../../../../avr/lib/avr5\libm.a(fp_round.o)
                                0x108 (size before relaxing)
 .stab          0x000025bc       0xfc e:/programme/atmel/atmel toolchain/avr8 gcc/native/3.4.2.1002/avr8-gnu-toolchain/bin/../lib/gcc/avr/4.7.2/../../../../avr/lib/avr5\libm.a(fp_sinus.o)
                                0x108 (size before relaxing)
 .stab          0x000026b8      0x1d4 e:/programme/atmel/atmel toolchain/avr8 gcc/native/3.4.2.1002/avr8-gnu-toolchain/bin/../lib/gcc/avr/4.7.2/../../../../avr/lib/avr5\libm.a(fp_split3.o)
                                0x1e0 (size before relaxing)
 .stab          0x0000288c       0x90 e:/programme/atmel/atmel toolchain/avr8 gcc/native/3.4.2.1002/avr8-gnu-toolchain/bin/../lib/gcc/avr/4.7.2/../../../../avr/lib/avr5\libm.a(fp_zero.o)
                                 0x9c (size before relaxing)
 .stab          0x0000291c       0x6c e:/programme/atmel/atmel toolchain/avr8 gcc/native/3.4.2.1002/avr8-gnu-toolchain/bin/../lib/gcc/avr/4.7.2/../../../../avr/lib/avr5\libm.a(gesf2.o)
                                 0x78 (size before relaxing)
 .stab          0x00002988       0x84 e:/programme/atmel/atmel toolchain/avr8 gcc/native/3.4.2.1002/avr8-gnu-toolchain/bin/../lib/gcc/avr/4.7.2/../../../../avr/lib/avr5\libm.a(inverse.o)
                                 0x90 (size before relaxing)
 .stab          0x00002a0c       0x48 e:/programme/atmel/atmel toolchain/avr8 gcc/native/3.4.2.1002/avr8-gnu-toolchain/bin/../lib/gcc/avr/4.7.2/../../../../avr/lib/avr5\libm.a(mulsf3.o)
                                 0x54 (size before relaxing)
 .stab          0x00002a54      0x4d4 e:/programme/atmel/atmel toolchain/avr8 gcc/native/3.4.2.1002/avr8-gnu-toolchain/bin/../lib/gcc/avr/4.7.2/../../../../avr/lib/avr5\libm.a(mulsf3x.o)
                                0x4e0 (size before relaxing)
 .stab          0x00002f28       0x78 e:/programme/atmel/atmel toolchain/avr8 gcc/native/3.4.2.1002/avr8-gnu-toolchain/bin/../lib/gcc/avr/4.7.2/../../../../avr/lib/avr5\libm.a(sin.o)
                                 0x84 (size before relaxing)
 .stab          0x00002fa0      0x354 e:/programme/atmel/atmel toolchain/avr8 gcc/native/3.4.2.1002/avr8-gnu-toolchain/bin/../lib/gcc/avr/4.7.2/../../../../avr/lib/avr5\libm.a(sqrt.o)
                                0x360 (size before relaxing)
 .stab          0x000032f4       0x54 e:/programme/atmel/atmel toolchain/avr8 gcc/native/3.4.2.1002/avr8-gnu-toolchain/bin/../lib/gcc/avr/4.7.2/../../../../avr/lib/avr5\libm.a(square.o)
                                 0x60 (size before relaxing)
 .stab          0x00003348       0xe4 e:/programme/atmel/atmel toolchain/avr8 gcc/native/3.4.2.1002/avr8-gnu-toolchain/bin/../lib/gcc/avr/4.7.2/../../../../avr/lib/avr5\libm.a(fp_mpack.o)
                                 0xf0 (size before relaxing)
 .stab          0x0000342c       0x84 e:/programme/atmel/atmel toolchain/avr8 gcc/native/3.4.2.1002/avr8-gnu-toolchain/bin/../lib/gcc/avr/4.7.2/../../../../avr/lib/avr5\libm.a(fp_norm2.o)
                                 0x90 (size before relaxing)
 .stab          0x000034b0       0xfc e:/programme/atmel/atmel toolchain/avr8 gcc/native/3.4.2.1002/avr8-gnu-toolchain/bin/../lib/gcc/avr/4.7.2/../../../../avr/lib/avr5\libm.a(fp_powsodd.o)
                                0x108 (size before relaxing)
 .stab          0x000035ac       0x18 e:/programme/atmel/atmel toolchain/avr8 gcc/native/3.4.2.1002/avr8-gnu-toolchain/bin/../lib/gcc/avr/4.7.2/../../../../avr/lib/avr5\libc.a(itoa.o)
                                0x1bc (size before relaxing)
 .stab          0x000035c4      0x294 e:/programme/atmel/atmel toolchain/avr8 gcc/native/3.4.2.1002/avr8-gnu-toolchain/bin/../lib/gcc/avr/4.7.2/../../../../avr/lib/avr5\libc.a(ltoa.o)
                                0x2a0 (size before relaxing)
 .stab          0x00003858       0xd8 e:/programme/atmel/atmel toolchain/avr8 gcc/native/3.4.2.1002/avr8-gnu-toolchain/bin/../lib/gcc/avr/4.7.2/../../../../avr/lib/avr5\libc.a(strrev.o)
                                 0xe4 (size before relaxing)

.stabstr        0x00000000     0x1074
 *(.stabstr)
 .stabstr       0x00000000     0x1074 e:/programme/atmel/atmel toolchain/avr8 gcc/native/3.4.2.1002/avr8-gnu-toolchain/bin/../lib/gcc/avr/4.7.2/../../../../avr/lib/avr5/crtm32.o

.stab.excl
 *(.stab.excl)

.stab.exclstr
 *(.stab.exclstr)

.stab.index
 *(.stab.index)

.stab.indexstr
 *(.stab.indexstr)

.comment        0x00000000       0x2f
 *(.comment)
 .comment       0x00000000       0x2f Accelerometer.o
                                 0x30 (size before relaxing)
 .comment       0x00000000       0x30 Barometer.o
 .comment       0x00000000       0x30 ADC_Reading.o
 .comment       0x00000000       0x30 Gyro.o
 .comment       0x00000000       0x30 OLED_display.o
 .comment       0x00000000       0x30 Magnetometer.o
 .comment       0x00000000       0x30 port.o
 .comment       0x00000000       0x30 ServoControl.o
 .comment       0x00000000       0x30 SimpleTesting.o
 .comment       0x00000000       0x30 uart.o

.debug
 *(.debug)

.line
 *(.line)

.debug_srcinfo
 *(.debug_srcinfo)

.debug_sfnames
 *(.debug_sfnames)

.debug_aranges  0x00000000      0x440
 *(.debug_aranges)
 .debug_aranges
                0x00000000       0x30 Accelerometer.o
 .debug_aranges
                0x00000030       0x38 Barometer.o
 .debug_aranges
                0x00000068       0x40 ADC_Reading.o
 .debug_aranges
                0x000000a8       0x48 Gyro.o
 .debug_aranges
                0x000000f0      0x180 OLED_display.o
 .debug_aranges
                0x00000270       0x30 Magnetometer.o
 .debug_aranges
                0x000002a0       0x80 port.o
 .debug_aranges
                0x00000320       0x38 ServoControl.o
 .debug_aranges
                0x00000358       0x48 SimpleTesting.o
 .debug_aranges
                0x000003a0       0xa0 uart.o

.debug_pubnames
 *(.debug_pubnames)

.debug_info     0x00000000     0x740c
 *(.debug_info)
 .debug_info    0x00000000      0x5d9 Accelerometer.o
 .debug_info    0x000005d9      0x748 Barometer.o
 .debug_info    0x00000d21      0x3f6 ADC_Reading.o
 .debug_info    0x00001117      0xa75 Gyro.o
 .debug_info    0x00001b8c     0x2c44 OLED_display.o
 .debug_info    0x000047d0      0x667 Magnetometer.o
 .debug_info    0x00004e37      0x27a port.o
 .debug_info    0x000050b1      0x2a4 ServoControl.o
 .debug_info    0x00005355     0x1851 SimpleTesting.o
 .debug_info    0x00006ba6      0x866 uart.o
 *(.gnu.linkonce.wi.*)

.debug_abbrev   0x00000000     0x1052
 *(.debug_abbrev)
 .debug_abbrev  0x00000000      0x158 Accelerometer.o
 .debug_abbrev  0x00000158      0x14c Barometer.o
 .debug_abbrev  0x000002a4      0x1a6 ADC_Reading.o
 .debug_abbrev  0x0000044a      0x1f7 Gyro.o
 .debug_abbrev  0x00000641      0x269 OLED_display.o
 .debug_abbrev  0x000008aa      0x149 Magnetometer.o
 .debug_abbrev  0x000009f3      0x103 port.o
 .debug_abbrev  0x00000af6       0xe9 ServoControl.o
 .debug_abbrev  0x00000bdf      0x2e2 SimpleTesting.o
 .debug_abbrev  0x00000ec1      0x191 uart.o

.debug_line     0x00000000     0x18bc
 *(.debug_line)
 .debug_line    0x00000000      0x12e Accelerometer.o
 .debug_line    0x0000012e      0x14f Barometer.o
 .debug_line    0x0000027d      0x200 ADC_Reading.o
 .debug_line    0x0000047d      0x211 Gyro.o
 .debug_line    0x0000068e      0x642 OLED_display.o
 .debug_line    0x00000cd0      0x129 Magnetometer.o
 .debug_line    0x00000df9      0x1f4 port.o
 .debug_line    0x00000fed      0x162 ServoControl.o
 .debug_line    0x0000114f      0x540 SimpleTesting.o
 .debug_line    0x0000168f      0x22d uart.o

.debug_frame    0x00000000      0xa68
 *(.debug_frame)
 .debug_frame   0x00000000       0x64 Accelerometer.o
 .debug_frame   0x00000064       0x68 Barometer.o
 .debug_frame   0x000000cc       0x70 ADC_Reading.o
 .debug_frame   0x0000013c       0xe0 Gyro.o
 .debug_frame   0x0000021c      0x378 OLED_display.o
 .debug_frame   0x00000594       0xb0 Magnetometer.o
 .debug_frame   0x00000644       0xf4 port.o
 .debug_frame   0x00000738       0xc0 ServoControl.o
 .debug_frame   0x000007f8       0xa0 SimpleTesting.o
 .debug_frame   0x00000898      0x1d0 uart.o

.debug_str      0x00000000     0x140e
 *(.debug_str)
 .debug_str     0x00000000      0x258 Accelerometer.o
                                0x2ae (size before relaxing)
 .debug_str     0x00000258       0xe9 Barometer.o
                                0x2eb (size before relaxing)
 .debug_str     0x00000341       0xd6 ADC_Reading.o
                                0x24f (size before relaxing)
 .debug_str     0x00000417      0x142 Gyro.o
                                0x3c4 (size before relaxing)
 .debug_str     0x00000559      0x3b0 OLED_display.o
                                0x557 (size before relaxing)
 .debug_str     0x00000909       0xe3 Magnetometer.o
                                0x2ea (size before relaxing)
 .debug_str     0x000009ec       0x39 port.o
                                0x1c2 (size before relaxing)
 .debug_str     0x00000a25       0x76 ServoControl.o
                                0x1f1 (size before relaxing)
 .debug_str     0x00000a9b      0x8c7 SimpleTesting.o
                                0xc9d (size before relaxing)
 .debug_str     0x00001362       0xac uart.o
                                0x278 (size before relaxing)

.debug_loc      0x00000000     0x1835
 *(.debug_loc)
 .debug_loc     0x00000000      0x1e8 Accelerometer.o
 .debug_loc     0x000001e8       0xd3 Barometer.o
 .debug_loc     0x000002bb       0x50 ADC_Reading.o
 .debug_loc     0x0000030b      0x363 Gyro.o
 .debug_loc     0x0000066e      0x5b3 OLED_display.o
 .debug_loc     0x00000c21      0x226 Magnetometer.o
 .debug_loc     0x00000e47      0x131 port.o
 .debug_loc     0x00000f78      0x150 ServoControl.o
 .debug_loc     0x000010c8      0x1c2 SimpleTesting.o
 .debug_loc     0x0000128a      0x5ab uart.o

.debug_macinfo
 *(.debug_macinfo)

.debug_pubtypes
 *(.debug_pubtypes)

.debug_ranges   0x00000000      0x3a0
 *(.debug_ranges)
 .debug_ranges  0x00000000       0x20 Accelerometer.o
 .debug_ranges  0x00000020       0x28 Barometer.o
 .debug_ranges  0x00000048       0x30 ADC_Reading.o
 .debug_ranges  0x00000078       0x38 Gyro.o
 .debug_ranges  0x000000b0      0x170 OLED_display.o
 .debug_ranges  0x00000220       0x20 Magnetometer.o
 .debug_ranges  0x00000240       0x70 port.o
 .debug_ranges  0x000002b0       0x28 ServoControl.o
 .debug_ranges  0x000002d8       0x38 SimpleTesting.o
 .debug_ranges  0x00000310       0x90 uart.o

.debug_macro
 *(.debug_macro)
OUTPUT(SimpleTesting.elf elf32-avr)
LOAD linker stubs
