Archive member included because of file (symbol)

e:/programme/atmel/atmel toolchain/avr8 gcc/native/3.4.2.1002/avr8-gnu-toolchain/bin/../lib/gcc/avr/4.7.2/../../../../avr/lib/avr5\libm.a(addsf3.o)
                              SimpleTesting.o (__subsf3)
e:/programme/atmel/atmel toolchain/avr8 gcc/native/3.4.2.1002/avr8-gnu-toolchain/bin/../lib/gcc/avr/4.7.2/../../../../avr/lib/avr5\libm.a(addsf3x.o)
                              e:/programme/atmel/atmel toolchain/avr8 gcc/native/3.4.2.1002/avr8-gnu-toolchain/bin/../lib/gcc/avr/4.7.2/../../../../avr/lib/avr5\libm.a(addsf3.o) (__addsf3x)
e:/programme/atmel/atmel toolchain/avr8 gcc/native/3.4.2.1002/avr8-gnu-toolchain/bin/../lib/gcc/avr/4.7.2/../../../../avr/lib/avr5\libm.a(atan2.o)
                              Magnetometer.o (atan2)
e:/programme/atmel/atmel toolchain/avr8 gcc/native/3.4.2.1002/avr8-gnu-toolchain/bin/../lib/gcc/avr/4.7.2/../../../../avr/lib/avr5\libm.a(atan.o)
                              e:/programme/atmel/atmel toolchain/avr8 gcc/native/3.4.2.1002/avr8-gnu-toolchain/bin/../lib/gcc/avr/4.7.2/../../../../avr/lib/avr5\libm.a(atan2.o) (atan)
e:/programme/atmel/atmel toolchain/avr8 gcc/native/3.4.2.1002/avr8-gnu-toolchain/bin/../lib/gcc/avr/4.7.2/../../../../avr/lib/avr5\libm.a(cmpsf2.o)
                              SimpleTesting.o (__ltsf2)
e:/programme/atmel/atmel toolchain/avr8 gcc/native/3.4.2.1002/avr8-gnu-toolchain/bin/../lib/gcc/avr/4.7.2/../../../../avr/lib/avr5\libm.a(cos.o)
                              Magnetometer.o (cos)
e:/programme/atmel/atmel toolchain/avr8 gcc/native/3.4.2.1002/avr8-gnu-toolchain/bin/../lib/gcc/avr/4.7.2/../../../../avr/lib/avr5\libm.a(divsf3.o)
                              Magnetometer.o (__divsf3)
e:/programme/atmel/atmel toolchain/avr8 gcc/native/3.4.2.1002/avr8-gnu-toolchain/bin/../lib/gcc/avr/4.7.2/../../../../avr/lib/avr5\libm.a(divsf3x.o)
                              e:/programme/atmel/atmel toolchain/avr8 gcc/native/3.4.2.1002/avr8-gnu-toolchain/bin/../lib/gcc/avr/4.7.2/../../../../avr/lib/avr5\libm.a(divsf3.o) (__divsf3x)
e:/programme/atmel/atmel toolchain/avr8 gcc/native/3.4.2.1002/avr8-gnu-toolchain/bin/../lib/gcc/avr/4.7.2/../../../../avr/lib/avr5\libm.a(fixsfsi.o)
                              Gyro.o (__fixsfsi)
e:/programme/atmel/atmel toolchain/avr8 gcc/native/3.4.2.1002/avr8-gnu-toolchain/bin/../lib/gcc/avr/4.7.2/../../../../avr/lib/avr5\libm.a(fixunssfsi.o)
                              e:/programme/atmel/atmel toolchain/avr8 gcc/native/3.4.2.1002/avr8-gnu-toolchain/bin/../lib/gcc/avr/4.7.2/../../../../avr/lib/avr5\libm.a(fixsfsi.o) (__fixunssfsi)
e:/programme/atmel/atmel toolchain/avr8 gcc/native/3.4.2.1002/avr8-gnu-toolchain/bin/../lib/gcc/avr/4.7.2/../../../../avr/lib/avr5\libm.a(floatsisf.o)
                              Gyro.o (__floatsisf)
e:/programme/atmel/atmel toolchain/avr8 gcc/native/3.4.2.1002/avr8-gnu-toolchain/bin/../lib/gcc/avr/4.7.2/../../../../avr/lib/avr5\libm.a(fp_cmp.o)
                              e:/programme/atmel/atmel toolchain/avr8 gcc/native/3.4.2.1002/avr8-gnu-toolchain/bin/../lib/gcc/avr/4.7.2/../../../../avr/lib/avr5\libm.a(cmpsf2.o) (__fp_cmp)
e:/programme/atmel/atmel toolchain/avr8 gcc/native/3.4.2.1002/avr8-gnu-toolchain/bin/../lib/gcc/avr/4.7.2/../../../../avr/lib/avr5\libm.a(fp_inf.o)
                              e:/programme/atmel/atmel toolchain/avr8 gcc/native/3.4.2.1002/avr8-gnu-toolchain/bin/../lib/gcc/avr/4.7.2/../../../../avr/lib/avr5\libm.a(addsf3x.o) (__fp_inf)
e:/programme/atmel/atmel toolchain/avr8 gcc/native/3.4.2.1002/avr8-gnu-toolchain/bin/../lib/gcc/avr/4.7.2/../../../../avr/lib/avr5\libm.a(fp_nan.o)
                              e:/programme/atmel/atmel toolchain/avr8 gcc/native/3.4.2.1002/avr8-gnu-toolchain/bin/../lib/gcc/avr/4.7.2/../../../../avr/lib/avr5\libm.a(addsf3x.o) (__fp_nan)
e:/programme/atmel/atmel toolchain/avr8 gcc/native/3.4.2.1002/avr8-gnu-toolchain/bin/../lib/gcc/avr/4.7.2/../../../../avr/lib/avr5\libm.a(fp_powser.o)
                              e:/programme/atmel/atmel toolchain/avr8 gcc/native/3.4.2.1002/avr8-gnu-toolchain/bin/../lib/gcc/avr/4.7.2/../../../../avr/lib/avr5\libm.a(atan.o) (__fp_powser)
e:/programme/atmel/atmel toolchain/avr8 gcc/native/3.4.2.1002/avr8-gnu-toolchain/bin/../lib/gcc/avr/4.7.2/../../../../avr/lib/avr5\libm.a(fp_pscA.o)
                              e:/programme/atmel/atmel toolchain/avr8 gcc/native/3.4.2.1002/avr8-gnu-toolchain/bin/../lib/gcc/avr/4.7.2/../../../../avr/lib/avr5\libm.a(addsf3x.o) (__fp_pscA)
e:/programme/atmel/atmel toolchain/avr8 gcc/native/3.4.2.1002/avr8-gnu-toolchain/bin/../lib/gcc/avr/4.7.2/../../../../avr/lib/avr5\libm.a(fp_pscB.o)
                              e:/programme/atmel/atmel toolchain/avr8 gcc/native/3.4.2.1002/avr8-gnu-toolchain/bin/../lib/gcc/avr/4.7.2/../../../../avr/lib/avr5\libm.a(addsf3x.o) (__fp_pscB)
e:/programme/atmel/atmel toolchain/avr8 gcc/native/3.4.2.1002/avr8-gnu-toolchain/bin/../lib/gcc/avr/4.7.2/../../../../avr/lib/avr5\libm.a(fp_rempio2.o)
[...]
Memory Configuration

Name             Origin             Length             Attributes
text             0x00000000         0x00020000         xr
data             0x00800060         0x0000ffa0         rw !x
eeprom           0x00810000         0x00010000         rw !x
fuse             0x00820000         0x00000400         rw !x
lock             0x00830000         0x00000400         rw !x
signature        0x00840000         0x00000400         rw !x
user_signatures  0x00850000         0x00000400         rw !x
*default*        0x00000000         0xffffffff

Linker script and memory map

LOAD e:/programme/atmel/atmel toolchain/avr8 gcc/native/3.4.2.1002/avr8-gnu-toolchain/bin/../lib/gcc/avr/4.7.2/../../../../avr/lib/avr5/crtm32.o
LOAD Accelerometer.o
LOAD Barometer.o
LOAD ADC_Reading.o
LOAD Gyro.o
LOAD OLED_display.o
LOAD Magnetometer.o
LOAD port.o
LOAD ServoControl.o
LOAD SimpleTesting.o
LOAD uart.o
START GROUP
LOAD e:/programme/atmel/atmel toolchain/avr8 gcc/native/3.4.2.1002/avr8-gnu-toolchain/bin/../lib/gcc/avr/4.7.2/../../../../avr/lib/avr5\libm.a
END GROUP
LOAD e:/programme/atmel/atmel toolchain/avr8 gcc/native/3.4.2.1002/avr8-gnu-toolchain/bin/../lib/gcc/avr/4.7.2/avr5\libgcc.a
LOAD e:/programme/atmel/atmel toolchain/avr8 gcc/native/3.4.2.1002/avr8-gnu-toolchain/bin/../lib/gcc/avr/4.7.2/../../../../avr/lib/avr5\libc.a
LOAD e:/programme/atmel/atmel toolchain/avr8 gcc/native/3.4.2.1002/avr8-gnu-toolchain/bin/../lib/gcc/avr/4.7.2/avr5\libgcc.a

.hash
 *(.hash)

.dynsym
 *(.dynsym)

.dynstr
 *(.dynstr)

.gnu.version
 *(.gnu.version)

.gnu.version_d
 *(.gnu.version_d)

.gnu.version_r
 *(.gnu.version_r)

.rel.init
 *(.rel.init)

.rela.init
 *(.rela.init)

.rel.text
 *(.rel.text)
 *(.rel.text.*)
 *(.rel.gnu.linkonce.t*)

.rela.text
 *(.rela.text)
 *(.rela.text.*)
 *(.rela.gnu.linkonce.t*)

.rel.fini
 *(.rel.fini)

.rela.fini
 *(.rela.fini)

.rel.rodata
 *(.rel.rodata)
 *(.rel.rodata.*)
 *(.rel.gnu.linkonce.r*)

.rela.rodata
 *(.rela.rodata)
 *(.rela.rodata.*)
 *(.rela.gnu.linkonce.r*)

.rel.data
 *(.rel.data)
 *(.rel.data.*)
 *(.rel.gnu.linkonce.d*)

.rela.data
 *(.rela.data)
 *(.rela.data.*)
 *(.rela.gnu.linkonce.d*)

.rel.ctors
 *(.rel.ctors)

.rela.ctors
 *(.rela.ctors)

.rel.dtors
 *(.rel.dtors)

.rela.dtors
 *(.rela.dtors)

.rel.got
 *(.rel.got)

.rela.got
 *(.rela.got)

.rel.bss
 *(.rel.bss)

.rela.bss
 *(.rela.bss)

.rel.plt
 *(.rel.plt)

.rela.plt
 *(.rela.plt)

.text           0x00000000     0x41f0
 *(.vectors)
 .vectors       0x00000000       0x54 e:/programme/atmel/atmel toolchain/avr8 gcc/native/3.4.2.1002/avr8-gnu-toolchain/bin/../lib/gcc/avr/4.7.2/../../../../avr/lib/avr5/crtm32.o
                0x00000000                __vector_default
                0x00000000                __vectors
 *(.vectors)
 *(.progmem.gcc*)
 .progmem.gcc_fplib
                0x00000054       0x2d e:/programme/atmel/atmel toolchain/avr8 gcc/native/3.4.2.1002/avr8-gnu-toolchain/bin/../lib/gcc/avr/4.7.2/../../../../avr/lib/avr5\libm.a(atan.o)
 *(.progmem*)
                0x00000082                . = ALIGN (0x2)
 *fill*         0x00000081        0x1 
                0x00000082                __trampolines_start = .
 *(.trampolines)
 .trampolines   0x00000082        0x0 linker stubs
 *(.trampolines*)
                0x00000082                __trampolines_end = .
 *(.jumptables)
 *(.jumptables*)
 *(.lowtext)
 *(.lowtext*)
                0x00000082                __ctors_start = .
 *(.ctors)
                0x00000082                __ctors_end = .
                0x00000082                __dtors_start = .
 *(.dtors)
                0x00000082                __dtors_end = .
 SORT(*)(.ctors)
 SORT(*)(.dtors)
 *(.init0)
 .init0         0x00000082        0x0 e:/programme/atmel/atmel toolchain/avr8 gcc/native/3.4.2.1002/avr8-gnu-toolchain/bin/../lib/gcc/avr/4.7.2/../../../../avr/lib/avr5/crtm32.o
                0x00000082                __init
 *(.init0)
 *(.init1)
 *(.init1)
 *(.init2)
 .init2         0x00000082        0xc e:/programme/atmel/atmel toolchain/avr8 gcc/native/3.4.2.1002/avr8-gnu-toolchain/bin/../lib/gcc/avr/4.7.2/../../../../avr/lib/avr5/crtm32.o
 *(.init2)
 *(.init3)
 *(.init3)
 *(.init4)
 .init4         0x0000008e       0x16 e:/programme/atmel/atmel toolchain/avr8 gcc/native/3.4.2.1002/avr8-gnu-toolchain/bin/../lib/gcc/avr/4.7.2/avr5\libgcc.a(_copy_data.o)
                0x0000008e                __do_copy_data
 .init4         0x000000a4       0x10 e:/programme/atmel/atmel toolchain/avr8 gcc/native/3.4.2.1002/avr8-gnu-toolchain/bin/../lib/gcc/avr/4.7.2/avr5\libgcc.a(_clear_bss.o)
                0x000000a4                __do_clear_bss
 *(.init4)
 *(.init5)
 *(.init5)
 *(.init6)
 *(.init6)
 *(.init7)
 *(.init7)
 *(.init8)
 *(.init8)
 *(.init9)
 .init9         0x000000b4        0x8 e:/programme/atmel/atmel toolchain/avr8 gcc/native/3.4.2.1002/avr8-gnu-toolchain/bin/../lib/gcc/avr/4.7.2/../../../../avr/lib/avr5/crtm32.o
 *(.init9)
 *(.text)
 .text          0x000000bc        0x4 e:/programme/atmel/atmel toolchain/avr8 gcc/native/3.4.2.1002/avr8-gnu-toolchain/bin/../lib/gcc/avr/4.7.2/../../../../avr/lib/avr5/crtm32.o
                0x000000bc                __vector_12
                0x000000bc                __bad_interrupt
                0x000000bc                __vector_6
                0x000000bc                __vector_3
                0x000000bc                __vector_11
                0x000000bc                __vector_17
                0x000000bc                __vector_19
                0x000000bc                __vector_4
                0x000000bc                __vector_9
                0x000000bc                __vector_2
                0x000000bc                __vector_15
                0x000000bc                __vector_8
                0x000000bc                __vector_14
                0x000000bc                __vector_16
                0x000000bc                __vector_18
                0x000000bc                __vector_20
                0x000000c0                . = ALIGN (0x2)
 *(.text.*)
 .text.write_acc_registry
                0x000000c0       0x2e Accelerometer.o
                0x000000c0                write_acc_registry
 .text.acc_start
                0x000000ee       0x1a Accelerometer.o
                0x000000ee                acc_start
 .text.acc_reading
                0x00000108      0x142 Accelerometer.o
                0x00000108                acc_reading
 .text.write_baro_registry
                0x0000024a       0x2e Barometer.o
                0x0000024a                write_baro_registry
 .text.baro_start
                0x00000278       0x32 Barometer.o
                0x00000278                baro_start
 .text.baro_read
                0x000002aa      0x11c Barometer.o
                0x000002aa                baro_read
 .text.baro_calibration
                0x000003c6       0x2a Barometer.o
                0x000003c6                baro_calibration
 .text.ADC_start
                0x000003f0       0x14 ADC_Reading.o
                0x000003f0                ADC_start
 .text.ADC_read_speed
                0x00000404       0x2e ADC_Reading.o
                0x00000404                ADC_read_speed
 .text.write_gyro_registry
                0x00000432       0x2e Gyro.o
                0x00000432                write_gyro_registry
 .text.gyro_start
                0x00000460       0x22 Gyro.o
                0x00000460                gyro_start
 .text.gyro_read
                0x00000482      0x1ac Gyro.o
                0x00000482                gyro_read
 .text.gyro_calibration
                0x0000062e      0x148 Gyro.o
                0x0000062e                gyro_calibration
 .text.OLED_send_cmd
                0x00000776       0x1a OLED_display.o
                0x00000776                OLED_send_cmd
 .text.OLED_send_byte
                0x00000790       0x1a OLED_display.o
                0x00000790                OLED_send_byte
 .text.OLED_init
                0x000007aa       0x5c OLED_display.o
                0x000007aa                OLED_init
 .text.OLED_clear
                0x00000806       0x60 OLED_display.o
                0x00000806                OLED_clear
 .text.OLED_set_position
                0x00000866       0x30 OLED_display.o
                0x00000866                OLED_set_position
 .text.OLED_set_pos_0
                0x00000896       0x14 OLED_display.o
                0x00000896                OLED_set_pos_0
 .text.OLED_send_char_A
                0x000008aa       0x2c OLED_display.o
                0x000008aa                OLED_send_char_A
 .text.OLED_send_char_D
                0x000008d6       0x2c OLED_display.o
                0x000008d6                OLED_send_char_D
 .text.OLED_send_char_E
                0x00000902       0x2c OLED_display.o
                0x00000902                OLED_send_char_E
 .text.OLED_send_char_F
                0x0000092e       0x2c OLED_display.o
                0x0000092e                OLED_send_char_F
 .text.OLED_send_char_G
                0x0000095a       0x2c OLED_display.o
                0x0000095a                OLED_send_char_G
 .text.OLED_send_char_H
                0x00000986       0x2c OLED_display.o
                0x00000986                OLED_send_char_H
 .text.OLED_send_char_I
                0x000009b2       0x2c OLED_display.o
                0x000009b2                OLED_send_char_I
 .text.OLED_send_char_L
                0x000009de       0x2c OLED_display.o
                0x000009de                OLED_send_char_L
 .text.OLED_send_char_M
                0x00000a0a       0x2c OLED_display.o
                0x00000a0a                OLED_send_char_M
 .text.OLED_send_char_N
                0x00000a36       0x2c OLED_display.o
                0x00000a36                OLED_send_char_N
 .text.OLED_send_char_O
                0x00000a62       0x2c OLED_display.o
                0x00000a62                OLED_send_char_O
 .text.OLED_send_char_P
                0x00000a8e       0x2c OLED_display.o
                0x00000a8e                OLED_send_char_P
 .text.OLED_send_char_R
                0x00000aba       0x2c OLED_display.o
                0x00000aba                OLED_send_char_R
 .text.OLED_send_char_S
                0x00000ae6       0x2c OLED_display.o
                0x00000ae6                OLED_send_char_S
 .text.OLED_send_char_T
                0x00000b12       0x2c OLED_display.o
                0x00000b12                OLED_send_char_T
 .text.OLED_page
                0x00000b3e       0x66 OLED_display.o
                0x00000b3e                OLED_page
 .text.OLED_send_char_SP
                0x00000ba4       0x2c OLED_display.o
                0x00000ba4                OLED_send_char_SP
 .text.OLED_battery_100
                0x00000bd0       0xd8 OLED_display.o
                0x00000bd0                OLED_battery_100
 .text.OLED_battery_80
                0x00000ca8       0xd8 OLED_display.o
                0x00000ca8                OLED_battery_80
 .text.OLED_battery_60
                0x00000d80       0xd8 OLED_display.o
                0x00000d80                OLED_battery_60
 .text.OLED_battery_40
                0x00000e58       0xd8 OLED_display.o
                0x00000e58                OLED_battery_40
 .text.OLED_battery_30
                0x00000f30       0xd8 OLED_display.o
                0x00000f30                OLED_battery_30
 .text.OLED_battery_0
                0x00001008       0xd8 OLED_display.o
                0x00001008                OLED_battery_0
 .text.i2c_initialize
                0x000010e0        0xc port.o
                0x000010e0                i2c_initialize
 .text.i2c_start
                0x000010ec       0x14 port.o
                0x000010ec                i2c_start
 .text.i2c_repeated_start
                0x00001100        0xc port.o
                0x00001100                i2c_repeated_start
 .text.i2c_send_address_read
                0x0000110c       0x18 port.o
                0x0000110c                i2c_send_address_read
 .text.i2c_send_address_write
                0x00001124       0x16 port.o
                0x00001124                i2c_send_address_write
 .text.i2c_send_registry
                0x0000113a       0x16 port.o
                0x0000113a                i2c_send_registry
 .text.i2c_send_data
                0x00001150       0x16 port.o
                0x00001150                i2c_send_data
 .text.i2c_read_data_nmak
                0x00001166       0x10 port.o
                0x00001166                i2c_read_data_nmak
 .text.i2c_read_data_mak
                0x00001176       0x10 port.o
                0x00001176                i2c_read_data_mak
 .text.i2c_stop
                0x00001186       0x10 port.o
                0x00001186                i2c_stop
 .text.i2c_wait_transmission
                0x00001196        0x8 port.o
                0x00001196                i2c_wait_transmission
 .text.i2c_write_val_to_reg_OLED
                0x0000119e       0x2c port.o
                0x0000119e                i2c_write_val_to_reg_OLED
 .text.i2c_repeated_start_OLED
                0x000011ca        0xa port.o
                0x000011ca                i2c_repeated_start_OLED
 .text.servo_init
                0x000011d4       0x3e ServoControl.o
                0x000011d4                servo_init
 .text.__vector_7
                0x00001212      0x2a0 ServoControl.o
                0x00001212                __vector_7
 .text.__vector_1
                0x000014b2       0x5e ServoControl.o
                0x000014b2                __vector_1
 .text.__vector_5
                0x00001510       0x2c ServoControl.o
                0x00001510                __vector_5
 .text.Task_Timer
                0x0000153c       0x2a SimpleTesting.o
                0x0000153c                Task_Timer
 .text.__vector_10
                0x00001566       0x30 SimpleTesting.o
                0x00001566                __vector_10
 .text.WDT_on   0x00001596        0x8 SimpleTesting.o
                0x00001596                WDT_on
 .text.atol_new
                0x0000159e       0x88 SimpleTesting.o
                0x0000159e                atol_new
 .text.main     0x00001626     0x2372 SimpleTesting.o
                0x00001626                main
 .text.init_uart
                0x00003998       0x1a uart.o
                0x00003998                init_uart
 .text.__vector_13
                0x000039b2       0xe4 uart.o
                0x000039b2                __vector_13
 .text.write_char
                0x00003a96        0x8 uart.o
                0x00003a96                write_char
 .text.write_string
                0x00003a9e       0x20 uart.o
                0x00003a9e                write_string
 .text.write_string_ln
                0x00003abe       0x28 uart.o
                0x00003abe                write_string_ln
 .text.write_var
                0x00003ae6       0x3c uart.o
                0x00003ae6                write_var
 .text.write_var_ln
                0x00003b22       0x44 uart.o
                0x00003b22                write_var_ln
 .text.avr-libc.fplib
                0x00003b66        0xa e:/programme/atmel/atmel toolchain/avr8 gcc/native/3.4.2.1002/avr8-gnu-toolchain/bin/../lib/gcc/avr/4.7.2/../../../../avr/lib/avr5\libm.a(addsf3.o)
                0x00003b66                __subsf3
                0x00003b68                __addsf3
 .text.avr-libc.fplib
                0x00003b70       0xc0 e:/programme/atmel/atmel toolchain/avr8 gcc/native/3.4.2.1002/avr8-gnu-toolchain/bin/../lib/gcc/avr/4.7.2/../../../../avr/lib/avr5\libm.a(addsf3x.o)
                0x00003b8a                __addsf3x
 .text.avr-libc.fplib
                0x00003c30       0x74 e:/programme/atmel/atmel toolchain/avr8 gcc/native/3.4.2.1002/avr8-gnu-toolchain/bin/../lib/gcc/avr/4.7.2/../../../../avr/lib/avr5\libm.a(atan2.o)
                0x00003c4e                atan2
 .text.avr-libc.fplib
                0x00003ca4       0x50 e:/programme/atmel/atmel toolchain/avr8 gcc/native/3.4.2.1002/avr8-gnu-toolchain/bin/../lib/gcc/avr/4.7.2/../../../../avr/lib/avr5\libm.a(atan.o)
                0x00003ca4                atan
 .text.avr-libc.fplib
                0x00003cf4        0x8 e:/programme/atmel/atmel toolchain/avr8 gcc/native/3.4.2.1002/avr8-gnu-toolchain/bin/../lib/gcc/avr/4.7.2/../../../../avr/lib/avr5\libm.a(cmpsf2.o)
                0x00003cf4                __nesf2
                0x00003cf4                __eqsf2
                0x00003cf4                __cmpsf2
                0x00003cf4                __ltsf2
                0x00003cf4                __lesf2
 .text.avr-libc.fplib
                0x00003cfc        0x4 e:/programme/atmel/atmel toolchain/avr8 gcc/native/3.4.2.1002/avr8-gnu-toolchain/bin/../lib/gcc/avr/4.7.2/../../../../avr/lib/avr5\libm.a(divsf3.o)
                0x00003cfc                __divsf3
 .text.avr-libc.fplib
                0x00003d00       0xcc e:/programme/atmel/atmel toolchain/avr8 gcc/native/3.4.2.1002/avr8-gnu-toolchain/bin/../lib/gcc/avr/4.7.2/../../../../avr/lib/avr5\libm.a(divsf3x.o)
                0x00003d16                __divsf3x
                0x00003d1a                __divsf3_pse
 .text.avr-libc.fplib
                0x00003dcc        0xa e:/programme/atmel/atmel toolchain/avr8 gcc/native/3.4.2.1002/avr8-gnu-toolchain/bin/../lib/gcc/avr/4.7.2/../../../../avr/lib/avr5\libm.a(fixsfsi.o)
                0x00003dcc                __fixsfsi
 .text.avr-libc.fplib
                0x00003dd6       0x58 e:/programme/atmel/atmel toolchain/avr8 gcc/native/3.4.2.1002/avr8-gnu-toolchain/bin/../lib/gcc/avr/4.7.2/../../../../avr/lib/avr5\libm.a(fixunssfsi.o)
                0x00003dd6                __fixunssfsi
 .text.avr-libc.fplib
                0x00003e2e       0x7a e:/programme/atmel/atmel toolchain/avr8 gcc/native/3.4.2.1002/avr8-gnu-toolchain/bin/../lib/gcc/avr/4.7.2/../../../../avr/lib/avr5\libm.a(floatsisf.o)
                0x00003e2e                __floatunsisf
                0x00003e32                __floatsisf
 .text.avr-libc.fplib
                0x00003ea8       0x48 e:/programme/atmel/atmel toolchain/avr8 gcc/native/3.4.2.1002/avr8-gnu-toolchain/bin/../lib/gcc/avr/4.7.2/../../../../avr/lib/avr5\libm.a(fp_cmp.o)
                0x00003ea8                __fp_cmp
 .text.avr-libc.fplib
                0x00003ef0        0xc e:/programme/atmel/atmel toolchain/avr8 gcc/native/3.4.2.1002/avr8-gnu-toolchain/bin/../lib/gcc/avr/4.7.2/../../../../avr/lib/avr5\libm.a(fp_inf.o)
                0x00003ef0                __fp_inf
 .text.avr-libc.fplib
                0x00003efc        0x6 e:/programme/atmel/atmel toolchain/avr8 gcc/native/3.4.2.1002/avr8-gnu-toolchain/bin/../lib/gcc/avr/4.7.2/../../../../avr/lib/avr5\libm.a(fp_nan.o)
                0x00003efc                __fp_nan
 .text.avr-libc.fplib
                0x00003f02       0x4a e:/programme/atmel/atmel toolchain/avr8 gcc/native/3.4.2.1002/avr8-gnu-toolchain/bin/../lib/gcc/avr/4.7.2/../../../../avr/lib/avr5\libm.a(fp_powser.o)
                0x00003f02                __fp_powser
 .text.avr-libc.fplib
                0x00003f4c        0xe e:/programme/atmel/atmel toolchain/avr8 gcc/native/3.4.2.1002/avr8-gnu-toolchain/bin/../lib/gcc/avr/4.7.2/../../../../avr/lib/avr5\libm.a(fp_pscA.o)
                0x00003f4c                __fp_pscA
 .text.avr-libc.fplib
                0x00003f5a        0xe e:/programme/atmel/atmel toolchain/avr8 gcc/native/3.4.2.1002/avr8-gnu-toolchain/bin/../lib/gcc/avr/4.7.2/../../../../avr/lib/avr5\libm.a(fp_pscB.o)
                0x00003f5a                __fp_pscB
 .text.avr-libc.fplib
                0x00003f68       0x22 e:/programme/atmel/atmel toolchain/avr8 gcc/native/3.4.2.1002/avr8-gnu-toolchain/bin/../lib/gcc/avr/4.7.2/../../../../avr/lib/avr5\libm.a(fp_round.o)
                0x00003f68                __fp_round
 .text.avr-libc.fplib
                0x00003f8a       0x44 e:/programme/atmel/atmel toolchain/avr8 gcc/native/3.4.2.1002/avr8-gnu-toolchain/bin/../lib/gcc/avr/4.7.2/../../../../avr/lib/avr5\libm.a(fp_split3.o)
                0x00003f8a                __fp_split3
                0x00003f9a                __fp_splitA
 .text.avr-libc.fplib
                0x00003fce        0xe e:/programme/atmel/atmel toolchain/avr8 gcc/native/3.4.2.1002/avr8-gnu-toolchain/bin/../lib/gcc/avr/4.7.2/../../../../avr/lib/avr5\libm.a(fp_zero.o)
                0x00003fce                __fp_zero
                0x00003fd0                __fp_szero
 .text.avr-libc.fplib
                0x00003fdc        0x8 e:/programme/atmel/atmel toolchain/avr8 gcc/native/3.4.2.1002/avr8-gnu-toolchain/bin/../lib/gcc/avr/4.7.2/../../../../avr/lib/avr5\libm.a(gesf2.o)
                0x00003fdc                __gesf2
                0x00003fdc                __gtsf2
 .text.avr-libc.fplib
                0x00003fe4        0xe e:/programme/atmel/atmel toolchain/avr8 gcc/native/3.4.2.1002/avr8-gnu-toolchain/bin/../lib/gcc/avr/4.7.2/../../../../avr/lib/avr5\libm.a(inverse.o)
                0x00003fe4                inverse
 .text.avr-libc.fplib
                0x00003ff2        0x4 e:/programme/atmel/atmel toolchain/avr8 gcc/native/3.4.2.1002/avr8-gnu-toolchain/bin/../lib/gcc/avr/4.7.2/../../../../avr/lib/avr5\libm.a(mulsf3.o)
                0x00003ff2                __mulsf3
 .text.avr-libc.fplib
                0x00003ff6       0xc2 e:/programme/atmel/atmel toolchain/avr8 gcc/native/3.4.2.1002/avr8-gnu-toolchain/bin/../lib/gcc/avr/4.7.2/../../../../avr/lib/avr5\libm.a(mulsf3x.o)
                0x0000400a                __mulsf3x
                0x0000400e                __mulsf3_pse
 .text.avr-libc.fplib
                0x000040b8        0x6 e:/programme/atmel/atmel toolchain/avr8 gcc/native/3.4.2.1002/avr8-gnu-toolchain/bin/../lib/gcc/avr/4.7.2/../../../../avr/lib/avr5\libm.a(square.o)
                0x000040b8                square
 .text.libgcc.div
                0x000040be       0x28 e:/programme/atmel/atmel toolchain/avr8 gcc/native/3.4.2.1002/avr8-gnu-toolchain/bin/../lib/gcc/avr/4.7.2/avr5\libgcc.a(_divmodhi4.o)
                0x000040be                _div
                0x000040be                __divmodhi4
 .text.libgcc.div
                0x000040e6       0x44 e:/programme/atmel/atmel toolchain/avr8 gcc/native/3.4.2.1002/avr8-gnu-toolchain/bin/../lib/gcc/avr/4.7.2/avr5\libgcc.a(_udivmodsi4.o)
                0x000040e6                __udivmodsi4
 .text.libgcc.div
                0x0000412a       0x28 e:/programme/atmel/atmel toolchain/avr8 gcc/native/3.4.2.1002/avr8-gnu-toolchain/bin/../lib/gcc/avr/4.7.2/avr5\libgcc.a(_udivmodhi4.o)
                0x0000412a                __udivmodhi4
 .text.avr-libc
                0x00004152       0x12 e:/programme/atmel/atmel toolchain/avr8 gcc/native/3.4.2.1002/avr8-gnu-toolchain/bin/../lib/gcc/avr/4.7.2/../../../../avr/lib/avr5\libc.a(strcmp.o)
                0x00004152                strcmp
 .text.avr-libc
                0x00004164       0x68 e:/programme/atmel/atmel toolchain/avr8 gcc/native/3.4.2.1002/avr8-gnu-toolchain/bin/../lib/gcc/avr/4.7.2/../../../../avr/lib/avr5\libc.a(ltoa.o)
                0x00004164                ltoa
 .text.avr-libc
                0x000041cc       0x20 e:/programme/atmel/atmel toolchain/avr8 gcc/native/3.4.2.1002/avr8-gnu-toolchain/bin/../lib/gcc/avr/4.7.2/../../../../avr/lib/avr5\libc.a(strrev.o)
                0x000041cc                strrev
                0x000041ec                . = ALIGN (0x2)
 *(.fini9)
 .fini9         0x000041ec        0x0 e:/programme/atmel/atmel toolchain/avr8 gcc/native/3.4.2.1002/avr8-gnu-toolchain/bin/../lib/gcc/avr/4.7.2/avr5\libgcc.a(_exit.o)
                0x000041ec                _exit
                0x000041ec                exit
 *(.fini9)
 *(.fini8)
 *(.fini8)
 *(.fini7)
 *(.fini7)
 *(.fini6)
 *(.fini6)
 *(.fini5)
 *(.fini5)
 *(.fini4)
 *(.fini4)
 *(.fini3)
 *(.fini3)
 *(.fini2)
 *(.fini2)
 *(.fini1)
 *(.fini1)
 *(.fini0)
 .fini0         0x000041ec        0x4 e:/programme/atmel/atmel toolchain/avr8 gcc/native/3.4.2.1002/avr8-gnu-toolchain/bin/../lib/gcc/avr/4.7.2/avr5\libgcc.a(_exit.o)
 *(.fini0)
                0x000041f0                _etext = .

.data           0x00800060      0x1b2 load address 0x000041f0
                0x00800060                PROVIDE (__data_start, .)
 *(.data)
 .data          0x00800060        0x0 e:/programme/atmel/atmel toolchain/avr8 gcc/native/3.4.2.1002/avr8-gnu-toolchain/bin/../lib/gcc/avr/4.7.2/../../../../avr/lib/avr5/crtm32.o
 .data          0x00800060        0x0 Accelerometer.o
 .data          0x00800060        0x0 Barometer.o
 .data          0x00800060        0x0 ADC_Reading.o
 .data          0x00800060        0x0 Gyro.o
 .data          0x00800060        0x0 OLED_display.o
 .data          0x00800060        0x0 Magnetometer.o
 .data          0x00800060        0x0 port.o
 .data          0x00800060        0x0 ServoControl.o
 .data          0x00800060        0x0 SimpleTesting.o
 .data          0x00800060        0x0 uart.o
 .data          0x00800060        0x0 e:/programme/atmel/atmel toolchain/avr8 gcc/native/3.4.2.1002/avr8-gnu-toolchain/bin/../lib/gcc/avr/4.7.2/../../../../avr/lib/avr5\libm.a(addsf3.o)
 .data          0x00800060        0x0 e:/programme/atmel/atmel toolchain/avr8 gcc/native/3.4.2.1002/avr8-gnu-toolchain/bin/../lib/gcc/avr/4.7.2/../../../../avr/lib/avr5\libm.a(addsf3x.o)
 .data          0x00800060        0x0 e:/programme/atmel/atmel toolchain/avr8 gcc/native/3.4.2.1002/avr8-gnu-toolchain/bin/../lib/gcc/avr/4.7.2/../../../../avr/lib/avr5\libm.a(atan2.o)
 .data          0x00800060        0x0 e:/programme/atmel/atmel toolchain/avr8 gcc/native/3.4.2.1002/avr8-gnu-toolchain/bin/../lib/gcc/avr/4.7.2/../../../../avr/lib/avr5\libm.a(atan.o)
 .data          0x00800060        0x0 e:/programme/atmel/atmel toolchain/avr8 gcc/native/3.4.2.1002/avr8-gnu-toolchain/bin/../lib/gcc/avr/4.7.2/../../../../avr/lib/avr5\libm.a(cmpsf2.o)
 .data          0x00800060        0x0 e:/programme/atmel/atmel toolchain/avr8 gcc/native/3.4.2.1002/avr8-gnu-toolchain/bin/../lib/gcc/avr/4.7.2/../../../../avr/lib/avr5\libm.a(cos.o)
 .data          0x00800060        0x0 e:/programme/atmel/atmel toolchain/avr8 gcc/native/3.4.2.1002/avr8-gnu-toolchain/bin/../lib/gcc/avr/4.7.2/../../../../avr/lib/avr5\libm.a(divsf3.o)
 .data          0x00800060        0x0 e:/programme/atmel/atmel toolchain/avr8 gcc/native/3.4.2.1002/avr8-gnu-toolchain/bin/../lib/gcc/avr/4.7.2/../../../../avr/lib/avr5\libm.a(divsf3x.o)
 .data          0x00800060        0x0 e:/programme/atmel/atmel toolchain/avr8 gcc/native/3.4.2.1002/avr8-gnu-toolchain/bin/../lib/gcc/avr/4.7.2/../../../../avr/lib/avr5\libm.a(fixsfsi.o)
 .data          0x00800060        0x0 e:/programme/atmel/atmel toolchain/avr8 gcc/native/3.4.2.1002/avr8-gnu-toolchain/bin/../lib/gcc/avr/4.7.2/../../../../avr/lib/avr5\libm.a(fixunssfsi.o)
 .data          0x00800060        0x0 e:/programme/atmel/atmel toolchain/avr8 gcc/native/3.4.2.1002/avr8-gnu-toolchain/bin/../lib/gcc/avr/4.7.2/../../../../avr/lib/avr5\libm.a(floatsisf.o)
 .data          0x00800060        0x0 e:/programme/atmel/atmel toolchain/avr8 gcc/native/3.4.2.1002/avr8-gnu-toolchain/bin/../lib/gcc/avr/4.7.2/../../../../avr/lib/avr5\libm.a(fp_cmp.o)
 .data          0x00800060        0x0 e:/programme/atmel/atmel toolchain/avr8 gcc/native/3.4.2.1002/avr8-gnu-toolchain/bin/../lib/gcc/avr/4.7.2/../../../../avr/lib/avr5\libm.a(fp_inf.o)
 .data          0x00800060        0x0 e:/programme/atmel/atmel toolchain/avr8 gcc/native/3.4.2.1002/avr8-gnu-toolchain/bin/../lib/gcc/avr/4.7.2/../../../../avr/lib/avr5\libm.a(fp_nan.o)
 .data          0x00800060        0x0 e:/programme/atmel/atmel toolchain/avr8 gcc/native/3.4.2.1002/avr8-gnu-toolchain/bin/../lib/gcc/avr/4.7.2/../../../../avr/lib/avr5\libm.a(fp_powser.o)
 .data          0x00800060        0x0 e:/programme/atmel/atmel toolchain/avr8 gcc/native/3.4.2.1002/avr8-gnu-toolchain/bin/../lib/gcc/avr/4.7.2/../../../../avr/lib/avr5\libm.a(fp_pscA.o)
 .data          0x00800060        0x0 e:/programme/atmel/atmel toolchain/avr8 gcc/native/3.4.2.1002/avr8-gnu-toolchain/bin/../lib/gcc/avr/4.7.2/../../../../avr/lib/avr5\libm.a(fp_pscB.o)
 .data          0x00800060        0x0 e:/programme/atmel/atmel toolchain/avr8 gcc/native/3.4.2.1002/avr8-gnu-toolchain/bin/../lib/gcc/avr/4.7.2/../../../../avr/lib/avr5\libm.a(fp_rempio2.o)
 .data          0x00800060        0x0 e:/programme/atmel/atmel toolchain/avr8 gcc/native/3.4.2.1002/avr8-gnu-toolchain/bin/../lib/gcc/avr/4.7.2/../../../../avr/lib/avr5\libm.a(fp_round.o)
 .data          0x00800060        0x0 e:/programme/atmel/atmel toolchain/avr8 gcc/native/3.4.2.1002/avr8-gnu-toolchain/bin/../lib/gcc/avr/4.7.2/../../../../avr/lib/avr5\libm.a(fp_sinus.o)
 .data          0x00800060        0x0 e:/programme/atmel/atmel toolchain/avr8 gcc/native/3.4.2.1002/avr8-gnu-toolchain/bin/../lib/gcc/avr/4.7.2/../../../../avr/lib/avr5\libm.a(fp_split3.o)
 .data          0x00800060        0x0 e:/programme/atmel/atmel toolchain/avr8 gcc/native/3.4.2.1002/avr8-gnu-toolchain/bin/../lib/gcc/avr/4.7.2/../../../../avr/lib/avr5\libm.a(fp_zero.o)
 .data          0x00800060        0x0 e:/programme/atmel/atmel toolchain/avr8 gcc/native/3.4.2.1002/avr8-gnu-toolchain/bin/../lib/gcc/avr/4.7.2/../../../../avr/lib/avr5\libm.a(gesf2.o)
 .data          0x00800060        0x0 e:/programme/atmel/atmel toolchain/avr8 gcc/native/3.4.2.1002/avr8-gnu-toolchain/bin/../lib/gcc/avr/4.7.2/../../../../avr/lib/avr5\libm.a(inverse.o)
 .data          0x00800060        0x0 e:/programme/atmel/atmel toolchain/avr8 gcc/native/3.4.2.1002/avr8-gnu-toolchain/bin/../lib/gcc/avr/4.7.2/../../../../avr/lib/avr5\libm.a(mulsf3.o)
 .data          0x00800060        0x0 e:/programme/atmel/atmel toolchain/avr8 gcc/native/3.4.2.1002/avr8-gnu-toolchain/bin/../lib/gcc/avr/4.7.2/../../../../avr/lib/avr5\libm.a(mulsf3x.o)
 .data          0x00800060        0x0 e:/programme/atmel/atmel toolchain/avr8 gcc/native/3.4.2.1002/avr8-gnu-toolchain/bin/../lib/gcc/avr/4.7.2/../../../../avr/lib/avr5\libm.a(sin.o)
 .data          0x00800060        0x0 e:/programme/atmel/atmel toolchain/avr8 gcc/native/3.4.2.1002/avr8-gnu-toolchain/bin/../lib/gcc/avr/4.7.2/../../../../avr/lib/avr5\libm.a(square.o)
 .data          0x00800060        0x0 e:/programme/atmel/atmel toolchain/avr8 gcc/native/3.4.2.1002/avr8-gnu-toolchain/bin/../lib/gcc/avr/4.7.2/../../../../avr/lib/avr5\libm.a(fp_mpack.o)
 .data          0x00800060        0x0 e:/programme/atmel/atmel toolchain/avr8 gcc/native/3.4.2.1002/avr8-gnu-toolchain/bin/../lib/gcc/avr/4.7.2/../../../../avr/lib/avr5\libm.a(fp_powsodd.o)
 .data          0x00800060        0x0 e:/programme/atmel/atmel toolchain/avr8 gcc/native/3.4.2.1002/avr8-gnu-toolchain/bin/../lib/gcc/avr/4.7.2/avr5\libgcc.a(_divmodhi4.o)
 .data          0x00800060        0x0 e:/programme/atmel/atmel toolchain/avr8 gcc/native/3.4.2.1002/avr8-gnu-toolchain/bin/../lib/gcc/avr/4.7.2/avr5\libgcc.a(_udivmodsi4.o)
 .data          0x00800060        0x0 e:/programme/atmel/atmel toolchain/avr8 gcc/native/3.4.2.1002/avr8-gnu-toolchain/bin/../lib/gcc/avr/4.7.2/avr5\libgcc.a(_exit.o)
 .data          0x00800060        0x0 e:/programme/atmel/atmel toolchain/avr8 gcc/native/3.4.2.1002/avr8-gnu-toolchain/bin/../lib/gcc/avr/4.7.2/avr5\libgcc.a(_copy_data.o)
 .data          0x00800060        0x0 e:/programme/atmel/atmel toolchain/avr8 gcc/native/3.4.2.1002/avr8-gnu-toolchain/bin/../lib/gcc/avr/4.7.2/avr5\libgcc.a(_clear_bss.o)
 .data          0x00800060        0x0 e:/programme/atmel/atmel toolchain/avr8 gcc/native/3.4.2.1002/avr8-gnu-toolchain/bin/../lib/gcc/avr/4.7.2/avr5\libgcc.a(_udivmodhi4.o)
 .data          0x00800060        0x0 e:/programme/atmel/atmel toolchain/avr8 gcc/native/3.4.2.1002/avr8-gnu-toolchain/bin/../lib/gcc/avr/4.7.2/../../../../avr/lib/avr5\libc.a(strcmp.o)
 .data          0x00800060        0x0 e:/programme/atmel/atmel toolchain/avr8 gcc/native/3.4.2.1002/avr8-gnu-toolchain/bin/../lib/gcc/avr/4.7.2/../../../../avr/lib/avr5\libc.a(itoa.o)
 .data          0x00800060        0x0 e:/programme/atmel/atmel toolchain/avr8 gcc/native/3.4.2.1002/avr8-gnu-toolchain/bin/../lib/gcc/avr/4.7.2/../../../../avr/lib/avr5\libc.a(ltoa.o)
 .data          0x00800060        0x0 e:/programme/atmel/atmel toolchain/avr8 gcc/native/3.4.2.1002/avr8-gnu-toolchain/bin/../lib/gcc/avr/4.7.2/../../../../avr/lib/avr5\libc.a(strrev.o)
 *(.data*)
 .data.ctrl_out
                0x00800060       0x1c ServoControl.o
                0x00800060                ctrl_out
 .data.R_angle  0x0080007c        0x4 SimpleTesting.o
                0x0080007c                R_angle
 .data.Q_gyro   0x00800080        0x4 SimpleTesting.o
                0x00800080                Q_gyro
 .data.Q_angle  0x00800084        0x4 SimpleTesting.o
                0x00800084                Q_angle
 .data.alpha_alt
                0x00800088        0x4 SimpleTesting.o
                0x00800088                alpha_alt
 .data.flap_setpoint
                0x0080008c        0x2 SimpleTesting.o
                0x0080008c                flap_setpoint
 *(.rodata)
 *(.rodata*)
 .rodata.str1.1
                0x0080008e        0xc Accelerometer.o
 .rodata.str1.1
                0x0080009a       0x1a Barometer.o
 .rodata.str1.1
                0x008000b4       0x14 ADC_Reading.o
 .rodata.str1.1
                0x008000c8       0x39 Gyro.o
 .rodata.str1.1
                0x00800101       0x12 ServoControl.o
 .rodata.str1.1
                0x00800113       0xfb SimpleTesting.o
 .rodata.str1.1
                0x0080020e        0x3 uart.o
 *(.gnu.linkonce.d*)
                0x00800212                . = ALIGN (0x2)
 *fill*         0x00800211        0x1 
                0x00800212                _edata = .
                0x00800212                PROVIDE (__data_end, .)

.bss            0x00800212      0x3e6
                0x00800212                PROVIDE (__bss_start, .)
 *(.bss)
 *(.bss*)
 .bss.acc_z_g   0x00800212        0x2 Accelerometer.o
                0x00800212                acc_z_g
 .bss.acc_z     0x00800214        0x2 Accelerometer.o
                0x00800214                acc_z
 .bss.acc_z_l   0x00800216        0x1 Accelerometer.o
                0x00800216                acc_z_l
 .bss.acc_z_h   0x00800217        0x1 Accelerometer.o
                0x00800217                acc_z_h
 .bss.acc_y_g   0x00800218        0x2 Accelerometer.o
                0x00800218                acc_y_g
 .bss.acc_y     0x0080021a        0x2 Accelerometer.o
                0x0080021a                acc_y
 .bss.acc_y_l   0x0080021c        0x1 Accelerometer.o
                0x0080021c                acc_y_l
 .bss.acc_y_h   0x0080021d        0x1 Accelerometer.o
                0x0080021d                acc_y_h
 .bss.acc_x_g   0x0080021e        0x2 Accelerometer.o
                0x0080021e                acc_x_g
 .bss.acc_x     0x00800220        0x2 Accelerometer.o
                0x00800220                acc_x
 .bss.acc_x_l   0x00800222        0x1 Accelerometer.o
                0x00800222                acc_x_l
 .bss.acc_x_h   0x00800223        0x1 Accelerometer.o
                0x00800223                acc_x_h
 .bss.baro_previous
                0x00800224        0x2 Barometer.o
                0x00800224                baro_previous
 .bss.baro_p    0x00800226        0x2 Barometer.o
                0x00800226                baro_p
 .bss.baro_offset
                0x00800228        0x2 Barometer.o
                0x00800228                baro_offset
 .bss.baro_cal_flag
                0x0080022a        0x1 Barometer.o
                0x0080022a                baro_cal_flag
 .bss.baro_p_l  0x0080022b        0x1 Barometer.o
                0x0080022b                baro_p_l
 .bss.baro_p_c  0x0080022c        0x1 Barometer.o
                0x0080022c                baro_p_c
 .bss.baro_p_h  0x0080022d        0x1 Barometer.o
                0x0080022d                baro_p_h
 .bss.v_raw     0x0080022e        0x2 ADC_Reading.o
                0x0080022e                v_raw
 .bss.cal_complete
                0x00800230        0x2 Gyro.o
                0x00800230                cal_complete
 .bss.gyro_r_offset
                0x00800232        0x2 Gyro.o
                0x00800232                gyro_r_offset
 .bss.gyro_q_offset
                0x00800234        0x2 Gyro.o
                0x00800234                gyro_q_offset
 .bss.gyro_p_offset
                0x00800236        0x2 Gyro.o
                0x00800236                gyro_p_offset
 .bss.gyro_z    0x00800238        0x2 Gyro.o
                0x00800238                gyro_z
 .bss.gyro_z_l  0x0080023a        0x1 Gyro.o
                0x0080023a                gyro_z_l
 .bss.gyro_z_h  0x0080023b        0x1 Gyro.o
                0x0080023b                gyro_z_h
 .bss.gyro_y    0x0080023c        0x2 Gyro.o
                0x0080023c                gyro_y
 .bss.gyro_y_l  0x0080023e        0x1 Gyro.o
                0x0080023e                gyro_y_l
 .bss.gyro_y_h  0x0080023f        0x1 Gyro.o
                0x0080023f                gyro_y_h
 .bss.gyro_x    0x00800240        0x2 Gyro.o
                0x00800240                gyro_x
 .bss.gyro_x_l  0x00800242        0x1 Gyro.o
                0x00800242                gyro_x_l
 .bss.gyro_x_h  0x00800243        0x1 Gyro.o
                0x00800243                gyro_x_h
 .bss.first_pulse
                0x00800244        0x2 ServoControl.o
                0x00800244                first_pulse
 .bss.channel   0x00800246        0x1 ServoControl.o
                0x00800246                channel
 .bss.ctrl      0x00800247        0x1 ServoControl.o
                0x00800247                ctrl
 .bss.ctrl_out_DAMP
                0x00800248       0x1c ServoControl.o
                0x00800248                ctrl_out_DAMP
 .bss.ctrl_out_PID
                0x00800264       0x1c ServoControl.o
                0x00800264                ctrl_out_PID
 .bss.ctrl_in   0x00800280       0x12 ServoControl.o
                0x00800280                ctrl_in
 .bss.sample_time
                0x00800292        0x4 SimpleTesting.o
                0x00800292                sample_time
 .bss.comp_count
                0x00800296        0x1 SimpleTesting.o
                0x00800296                comp_count
 .bss.task_flag
                0x00800297        0x1 SimpleTesting.o
                0x00800297                task_flag
 .bss.cal_cnt   0x00800298        0x1 SimpleTesting.o
                0x00800298                cal_cnt
 .bss.tune_cnt  0x00800299        0x1 SimpleTesting.o
                0x00800299                tune_cnt
 .bss.send_cnt  0x0080029a        0x1 SimpleTesting.o
                0x0080029a                send_cnt
 .bss.battery   0x0080029b        0x1 SimpleTesting.o
                0x0080029b                battery
 .bss.flash_count
                0x0080029c        0x1 SimpleTesting.o
                0x0080029c                flash_count
 .bss.lights_commanded
                0x0080029d        0x1 SimpleTesting.o
                0x0080029d                lights_commanded
 .bss.lights_enabled
                0x0080029e        0x1 SimpleTesting.o
                0x0080029e                lights_enabled
 .bss.GPS_home_comm
                0x0080029f        0x1 SimpleTesting.o
                0x0080029f                GPS_home_comm
 .bss.GPS_home_set
                0x008002a0        0x1 SimpleTesting.o
                0x008002a0                GPS_home_set
 .bss.GPS_POS_DIF_Y
                0x008002a1        0x4 SimpleTesting.o
                0x008002a1                GPS_POS_DIF_Y
 .bss.heading_error_sum
                0x008002a5        0x2 SimpleTesting.o
                0x008002a5                heading_error_sum
 .bss.heading_goal
                0x008002a7        0x2 SimpleTesting.o
                0x008002a7                heading_goal
 .bss.heading_GPS
                0x008002a9        0x2 SimpleTesting.o
                0x008002a9                heading_GPS
 .bss.K_1_Phi   0x008002ab        0x4 SimpleTesting.o
                0x008002ab                K_1_Phi
 .bss.P_11_Phi  0x008002af        0x4 SimpleTesting.o
                0x008002af                P_11_Phi
 .bss.p_bias    0x008002b3        0x4 SimpleTesting.o
                0x008002b3                p_bias
 .bss.K_1_Theta
                0x008002b7        0x4 SimpleTesting.o
                0x008002b7                K_1_Theta
 .bss.P_11_Theta
                0x008002bb        0x4 SimpleTesting.o
                0x008002bb                P_11_Theta
 .bss.q_bias    0x008002bf        0x4 SimpleTesting.o
                0x008002bf                q_bias
 .bss.Phi_acc   0x008002c3        0x4 SimpleTesting.o
                0x008002c3                Phi_acc
 .bss.Theta_acc
                0x008002c7        0x4 SimpleTesting.o
                0x008002c7                Theta_acc
 .bss.Phi_error_prev
                0x008002cb        0x4 SimpleTesting.o
                0x008002cb                Phi_error_prev
 .bss.Phi_error_sum
                0x008002cf        0x4 SimpleTesting.o
                0x008002cf                Phi_error_sum
 .bss.Phi_error
                0x008002d3        0x4 SimpleTesting.o
                0x008002d3                Phi_error
 .bss.Phi_hold_0
                0x008002d7        0x4 SimpleTesting.o
                0x008002d7                Phi_hold_0
 .bss.Phi       0x008002db        0x2 SimpleTesting.o
                0x008002db                Phi
 .bss.Theta_error_prev
                0x008002dd        0x2 SimpleTesting.o
                0x008002dd                Theta_error_prev
 .bss.r_filt    0x008002df        0x1 SimpleTesting.o
                0x008002df                r_filt
 .bss.speed_cnt
                0x008002e0        0x1 SimpleTesting.o
                0x008002e0                speed_cnt
 .bss.speed_error_prev
                0x008002e1        0x4 SimpleTesting.o
                0x008002e1                speed_error_prev
 .bss.speed_cal
                0x008002e5        0x4 SimpleTesting.o
                0x008002e5                speed_cal
 .bss.speed_filt_prev
                0x008002e9        0x2 SimpleTesting.o
                0x008002e9                speed_filt_prev
 .bss.alt_error_prev
                0x008002eb        0x2 SimpleTesting.o
                0x008002eb                alt_error_prev
 .bss.alt_error_sum
                0x008002ed        0x2 SimpleTesting.o
                0x008002ed                alt_error_sum
 .bss.alt_error
                0x008002ef        0x2 SimpleTesting.o
                0x008002ef                alt_error
 .bss.alt_hold_0
                0x008002f1        0x2 SimpleTesting.o
                0x008002f1                alt_hold_0
 .bss.trimmed_rudder
                0x008002f3        0x4 SimpleTesting.o
                0x008002f3                trimmed_rudder
 .bss.trimmed_aileron
                0x008002f7        0x4 SimpleTesting.o
                0x008002f7                trimmed_aileron
 .bss.trimmed_motor
                0x008002fb        0x4 SimpleTesting.o
                0x008002fb                trimmed_motor
 .bss.trimmed_elevator
                0x008002ff        0x4 SimpleTesting.o
                0x008002ff                trimmed_elevator
 .bss.knob_flag
                0x00800303        0x1 SimpleTesting.o
                0x00800303                knob_flag
 .bss.state_change
                0x00800304        0x1 SimpleTesting.o
                0x00800304                state_change
 .bss.Ctrl_Mode_prev
                0x00800305        0x1 SimpleTesting.o
                0x00800305                Ctrl_Mode_prev
 .bss.Ctrl_Mode
                0x00800306        0x1 SimpleTesting.o
                0x00800306                Ctrl_Mode
 .bss.GPS_param
                0x00800307        0x1 uart.o
                0x00800307                GPS_param
 .bss.UART_READY_FLAG
                0x00800308        0x1 uart.o
                0x00800308                UART_READY_FLAG
 *(COMMON)
 COMMON         0x00800309      0x23e Accelerometer.o
                0x00800309                GPS_RMC
                0x008003b9                GPS_GGA
                0x00800469                uart_reading
                0x0080046a                uart_reading_ascii
                0x0080046c                GPS_string
                0x0080051c                uart_word_reset
                0x0080051d                uart_counter
                0x0080051f                uart_word
 COMMON         0x00800547       0x24 OLED_display.o
                0x00800547                ctrl_in_prev
                0x00800559                ctrl_in_offset
 COMMON         0x0080056b       0x8c SimpleTesting.o
                0x0080056b                K_0_Theta
                0x0080056f                GPS_POS_DIF_X
                0x00800573                GPS_POS_HOME_X
                0x00800577                GPS_POS_GOAL_X
                0x0080057b                acc_y_filt
                0x0080057d                S_Theta
                0x00800581                acc_z_filt
                0x00800583                speed_raw
                0x00800585                heading_error
                0x00800587                speed_filt
                0x00800589                alt_hold
                0x0080058b                Phi_hold
                0x0080058f                P_00_Phi
                0x00800593                Theta_error
                0x00800595                GPS_POS_HOME_Y
                0x00800599                speed_error
                0x0080059d                P_01_Theta
                0x008005a1                Theta_hold
                0x008005a3                acc_x_filt
                0x008005a5                acc_y_filt_prev
                0x008005a7                heading_error_prev
                0x008005a9                P_10_Theta
                0x008005ad                r_raw
                0x008005ae                GPS_POS_LAT_DEG
                0x008005af                acc_x_raw
                0x008005b1                Theta_temp
                0x008005b5                GPS_POS_CURRENT_Y
                0x008005b9                p_raw
                0x008005ba                P_00_Theta
                0x008005be                acc_z_raw
                0x008005c0                GPS_POS_GOAL_Y
                0x008005c4                q_filt
                0x008005c5                Theta_error_sum
                0x008005c7                altitude_filt
                0x008005c9                GPS_POS_CURRENT_X
                0x008005cd                speed_error_sum
                0x008005d1                altitude_raw
                0x008005d3                S_Phi
                0x008005d7                p_filt
                0x008005d8                Theta
                0x008005da                P_10_Phi
                0x008005de                P_01_Phi
                0x008005e2                acc_x_filt_prev
                0x008005e4                acc_y_raw
                0x008005e6                Phi_temp
                0x008005ea                heading_hold
                0x008005ec                q_raw
                0x008005ed                K_0_Phi
                0x008005f1                speed_hold
                0x008005f5                heading
 COMMON         0x008005f7        0x1 uart.o
                0x008005f7                GPS_char
                0x008005f8                PROVIDE (__bss_end, .)
                0x000041f0                __data_load_start = LOADADDR (.data)
                0x000043a2                __data_load_end = (__data_load_start + SIZEOF (.data))

.noinit         0x008005f8        0x0
                0x008005f8                PROVIDE (__noinit_start, .)
 *(.noinit*)
                0x008005f8                PROVIDE (__noinit_end, .)
                0x008005f8                _end = .
                0x008005f8                PROVIDE (__heap_start, .)

.eeprom         0x00810000        0x0
 *(.eeprom*)
                0x00810000                __eeprom_end = .

.fuse
 *(.fuse)
 *(.lfuse)
 *(.hfuse)
 *(.efuse)

.lock
 *(.lock*)

.signature
 *(.signature*)

.user_signatures
 *(.user_signatures*)

.stab           0x00000000     0x35dc
 *(.stab)
 .stab          0x00000000      0x6cc e:/programme/atmel/atmel toolchain/avr8 gcc/native/3.4.2.1002/avr8-gnu-toolchain/bin/../lib/gcc/avr/4.7.2/../../../../avr/lib/avr5/crtm32.o
 .stab          0x000006cc       0x78 e:/programme/atmel/atmel toolchain/avr8 gcc/native/3.4.2.1002/avr8-gnu-toolchain/bin/../lib/gcc/avr/4.7.2/../../../../avr/lib/avr5\libm.a(addsf3.o)
                                 0x84 (size before relaxing)
 .stab          0x00000744      0x4bc e:/programme/atmel/atmel toolchain/avr8 gcc/native/3.4.2.1002/avr8-gnu-toolchain/bin/../lib/gcc/avr/4.7.2/../../../../avr/lib/avr5\libm.a(addsf3x.o)
                                0x4c8 (size before relaxing)
 .stab          0x00000c00      0x2f4 e:/programme/atmel/atmel toolchain/avr8 gcc/native/3.4.2.1002/avr8-gnu-toolchain/bin/../lib/gcc/avr/4.7.2/../../../../avr/lib/avr5\libm.a(atan2.o)
                                0x300 (size before relaxing)
 .stab          0x00000ef4      0x210 e:/programme/atmel/atmel toolchain/avr8 gcc/native/3.4.2.1002/avr8-gnu-toolchain/bin/../lib/gcc/avr/4.7.2/../../../../avr/lib/avr5\libm.a(atan.o)
                                0x21c (size before relaxing)
 .stab          0x00001104       0x90 e:/programme/atmel/atmel toolchain/avr8 gcc/native/3.4.2.1002/avr8-gnu-toolchain/bin/../lib/gcc/avr/4.7.2/../../../../avr/lib/avr5\libm.a(cmpsf2.o)
                                 0x9c (size before relaxing)
 .stab          0x00001194       0x54 e:/programme/atmel/atmel toolchain/avr8 gcc/native/3.4.2.1002/avr8-gnu-toolchain/bin/../lib/gcc/avr/4.7.2/../../../../avr/lib/avr5\libm.a(cos.o)
                                 0x60 (size before relaxing)
 .stab          0x000011e8       0x48 e:/programme/atmel/atmel toolchain/avr8 gcc/native/3.4.2.1002/avr8-gnu-toolchain/bin/../lib/gcc/avr/4.7.2/../../../../avr/lib/avr5\libm.a(divsf3.o)
                                 0x54 (size before relaxing)
 .stab          0x00001230      0x510 e:/programme/atmel/atmel toolchain/avr8 gcc/native/3.4.2.1002/avr8-gnu-toolchain/bin/../lib/gcc/avr/4.7.2/../../../../avr/lib/avr5\libm.a(divsf3x.o)
                                0x51c (size before relaxing)
 .stab          0x00001740       0x6c e:/programme/atmel/atmel toolchain/avr8 gcc/native/3.4.2.1002/avr8-gnu-toolchain/bin/../lib/gcc/avr/4.7.2/../../../../avr/lib/avr5\libm.a(fixsfsi.o)
                                 0x78 (size before relaxing)
 .stab          0x000017ac      0x240 e:/programme/atmel/atmel toolchain/avr8 gcc/native/3.4.2.1002/avr8-gnu-toolchain/bin/../lib/gcc/avr/4.7.2/../../../../avr/lib/avr5\libm.a(fixunssfsi.o)
                                0x24c (size before relaxing)
 .stab          0x000019ec      0x318 e:/programme/atmel/atmel toolchain/avr8 gcc/native/3.4.2.1002/avr8-gnu-toolchain/bin/../lib/gcc/avr/4.7.2/../../../../avr/lib/avr5\libm.a(floatsisf.o)
                                0x324 (size before relaxing)
 .stab          0x00001d04      0x1e0 e:/programme/atmel/atmel toolchain/avr8 gcc/native/3.4.2.1002/avr8-gnu-toolchain/bin/../lib/gcc/avr/4.7.2/../../../../avr/lib/avr5\libm.a(fp_cmp.o)
                                0x1ec (size before relaxing)
 .stab          0x00001ee4       0x78 e:/programme/atmel/atmel toolchain/avr8 gcc/native/3.4.2.1002/avr8-gnu-toolchain/bin/../lib/gcc/avr/4.7.2/../../../../avr/lib/avr5\libm.a(fp_inf.o)
                                 0x84 (size before relaxing)
 .stab          0x00001f5c       0x54 e:/programme/atmel/atmel toolchain/avr8 gcc/native/3.4.2.1002/avr8-gnu-toolchain/bin/../lib/gcc/avr/4.7.2/../../../../avr/lib/avr5\libm.a(fp_nan.o)
                                 0x60 (size before relaxing)
 .stab          0x00001fb0      0x1ec e:/programme/atmel/atmel toolchain/avr8 gcc/native/3.4.2.1002/avr8-gnu-toolchain/bin/../lib/gcc/avr/4.7.2/../../../../avr/lib/avr5\libm.a(fp_powser.o)
                                0x1f8 (size before relaxing)
 .stab          0x0000219c       0x84 e:/programme/atmel/atmel toolchain/avr8 gcc/native/3.4.2.1002/avr8-gnu-toolchain/bin/../lib/gcc/avr/4.7.2/../../../../avr/lib/avr5\libm.a(fp_pscA.o)
                                 0x90 (size before relaxing)
 .stab          0x00002220       0x84 e:/programme/atmel/atmel toolchain/avr8 gcc/native/3.4.2.1002/avr8-gnu-toolchain/bin/../lib/gcc/avr/4.7.2/../../../../avr/lib/avr5\libm.a(fp_pscB.o)
                                 0x90 (size before relaxing)
 .stab          0x000022a4      0x21c e:/programme/atmel/atmel toolchain/avr8 gcc/native/3.4.2.1002/avr8-gnu-toolchain/bin/../lib/gcc/avr/4.7.2/../../../../avr/lib/avr5\libm.a(fp_rempio2.o)
                                0x228 (size before relaxing)
 .stab          0x000024c0       0xfc e:/programme/atmel/atmel toolchain/avr8 gcc/native/3.4.2.1002/avr8-gnu-toolchain/bin/../lib/gcc/avr/4.7.2/../../../../avr/lib/avr5\libm.a(fp_round.o)
                                0x108 (size before relaxing)
 .stab          0x000025bc       0xfc e:/programme/atmel/atmel toolchain/avr8 gcc/native/3.4.2.1002/avr8-gnu-toolchain/bin/../lib/gcc/avr/4.7.2/../../../../avr/lib/avr5\libm.a(fp_sinus.o)
                                0x108 (size before relaxing)
 .stab          0x000026b8      0x1d4 e:/programme/atmel/atmel toolchain/avr8 gcc/native/3.4.2.1002/avr8-gnu-toolchain/bin/../lib/gcc/avr/4.7.2/../../../../avr/lib/avr5\libm.a(fp_split3.o)
                                0x1e0 (size before relaxing)
 .stab          0x0000288c       0x90 e:/programme/atmel/atmel toolchain/avr8 gcc/native/3.4.2.1002/avr8-gnu-toolchain/bin/../lib/gcc/avr/4.7.2/../../../../avr/lib/avr5\libm.a(fp_zero.o)
                                 0x9c (size before relaxing)
 .stab          0x0000291c       0x6c e:/programme/atmel/atmel toolchain/avr8 gcc/native/3.4.2.1002/avr8-gnu-toolchain/bin/../lib/gcc/avr/4.7.2/../../../../avr/lib/avr5\libm.a(gesf2.o)
                                 0x78 (size before relaxing)
 .stab          0x00002988       0x84 e:/programme/atmel/atmel toolchain/avr8 gcc/native/3.4.2.1002/avr8-gnu-toolchain/bin/../lib/gcc/avr/4.7.2/../../../../avr/lib/avr5\libm.a(inverse.o)
                                 0x90 (size before relaxing)
 .stab          0x00002a0c       0x48 e:/programme/atmel/atmel toolchain/avr8 gcc/native/3.4.2.1002/avr8-gnu-toolchain/bin/../lib/gcc/avr/4.7.2/../../../../avr/lib/avr5\libm.a(mulsf3.o)
                                 0x54 (size before relaxing)
 .stab          0x00002a54      0x4d4 e:/programme/atmel/atmel toolchain/avr8 gcc/native/3.4.2.1002/avr8-gnu-toolchain/bin/../lib/gcc/avr/4.7.2/../../../../avr/lib/avr5\libm.a(mulsf3x.o)
                                0x4e0 (size before relaxing)
 .stab          0x00002f28       0x78 e:/programme/atmel/atmel toolchain/avr8 gcc/native/3.4.2.1002/avr8-gnu-toolchain/bin/../lib/gcc/avr/4.7.2/../../../../avr/lib/avr5\libm.a(sin.o)
                                 0x84 (size before relaxing)
 .stab          0x00002fa0       0x54 e:/programme/atmel/atmel toolchain/avr8 gcc/native/3.4.2.1002/avr8-gnu-toolchain/bin/../lib/gcc/avr/4.7.2/../../../../avr/lib/avr5\libm.a(square.o)
                                 0x60 (size before relaxing)
 .stab          0x00002ff4       0xe4 e:/programme/atmel/atmel toolchain/avr8 gcc/native/3.4.2.1002/avr8-gnu-toolchain/bin/../lib/gcc/avr/4.7.2/../../../../avr/lib/avr5\libm.a(fp_mpack.o)
                                 0xf0 (size before relaxing)
 .stab          0x000030d8       0xfc e:/programme/atmel/atmel toolchain/avr8 gcc/native/3.4.2.1002/avr8-gnu-toolchain/bin/../lib/gcc/avr/4.7.2/../../../../avr/lib/avr5\libm.a(fp_powsodd.o)
                                0x108 (size before relaxing)
 .stab          0x000031d4       0x84 e:/programme/atmel/atmel toolchain/avr8 gcc/native/3.4.2.1002/avr8-gnu-toolchain/bin/../lib/gcc/avr/4.7.2/../../../../avr/lib/avr5\libc.a(strcmp.o)
                                 0x90 (size before relaxing)
 .stab          0x00003258       0x18 e:/programme/atmel/atmel toolchain/avr8 gcc/native/3.4.2.1002/avr8-gnu-toolchain/bin/../lib/gcc/avr/4.7.2/../../../../avr/lib/avr5\libc.a(itoa.o)
                                0x1bc (size before relaxing)
 .stab          0x00003270      0x294 e:/programme/atmel/atmel toolchain/avr8 gcc/native/3.4.2.1002/avr8-gnu-toolchain/bin/../lib/gcc/avr/4.7.2/../../../../avr/lib/avr5\libc.a(ltoa.o)
                                0x2a0 (size before relaxing)
 .stab          0x00003504       0xd8 e:/programme/atmel/atmel toolchain/avr8 gcc/native/3.4.2.1002/avr8-gnu-toolchain/bin/../lib/gcc/avr/4.7.2/../../../../avr/lib/avr5\libc.a(strrev.o)
                                 0xe4 (size before relaxing)

.stabstr        0x00000000     0x1002
 *(.stabstr)
 .stabstr       0x00000000     0x1002 e:/programme/atmel/atmel toolchain/avr8 gcc/native/3.4.2.1002/avr8-gnu-toolchain/bin/../lib/gcc/avr/4.7.2/../../../../avr/lib/avr5/crtm32.o

.stab.excl
 *(.stab.excl)

.stab.exclstr
 *(.stab.exclstr)

.stab.index
 *(.stab.index)

.stab.indexstr
 *(.stab.indexstr)

.comment        0x00000000       0x2f
 *(.comment)
 .comment       0x00000000       0x2f Accelerometer.o
                                 0x30 (size before relaxing)
 .comment       0x00000000       0x30 Barometer.o
 .comment       0x00000000       0x30 ADC_Reading.o
 .comment       0x00000000       0x30 Gyro.o
 .comment       0x00000000       0x30 OLED_display.o
 .comment       0x00000000       0x30 Magnetometer.o
 .comment       0x00000000       0x30 port.o
 .comment       0x00000000       0x30 ServoControl.o
 .comment       0x00000000       0x30 SimpleTesting.o
 .comment       0x00000000       0x30 uart.o

.debug
 *(.debug)

.line
 *(.line)

.debug_srcinfo
 *(.debug_srcinfo)

.debug_sfnames
 *(.debug_sfnames)

.debug_aranges  0x00000000      0x430
 *(.debug_aranges)
 .debug_aranges
                0x00000000       0x30 Accelerometer.o
 .debug_aranges
                0x00000030       0x38 Barometer.o
 .debug_aranges
                0x00000068       0x40 ADC_Reading.o
 .debug_aranges
                0x000000a8       0x48 Gyro.o
 .debug_aranges
                0x000000f0      0x180 OLED_display.o
 .debug_aranges
                0x00000270       0x30 Magnetometer.o
 .debug_aranges
                0x000002a0       0x80 port.o
 .debug_aranges
                0x00000320       0x38 ServoControl.o
 .debug_aranges
                0x00000358       0x48 SimpleTesting.o
 .debug_aranges
                0x000003a0       0x90 uart.o

.debug_pubnames
 *(.debug_pubnames)

.debug_info     0x00000000     0x7937
 *(.debug_info)
 .debug_info    0x00000000      0x5d9 Accelerometer.o
 .debug_info    0x000005d9      0x748 Barometer.o
 .debug_info    0x00000d21      0x3f6 ADC_Reading.o
 .debug_info    0x00001117      0xa75 Gyro.o
 .debug_info    0x00001b8c     0x2c44 OLED_display.o
 .debug_info    0x000047d0      0x667 Magnetometer.o
 .debug_info    0x00004e37      0x27a port.o
 .debug_info    0x000050b1      0x2a4 ServoControl.o
 .debug_info    0x00005355     0x1e40 SimpleTesting.o
 .debug_info    0x00007195      0x7a2 uart.o
 *(.gnu.linkonce.wi.*)

.debug_abbrev   0x00000000     0x1032
 *(.debug_abbrev)
 .debug_abbrev  0x00000000      0x158 Accelerometer.o
 .debug_abbrev  0x00000158      0x14c Barometer.o
 .debug_abbrev  0x000002a4      0x1a6 ADC_Reading.o
 .debug_abbrev  0x0000044a      0x1f7 Gyro.o
 .debug_abbrev  0x00000641      0x269 OLED_display.o
 .debug_abbrev  0x000008aa      0x149 Magnetometer.o
 .debug_abbrev  0x000009f3      0x103 port.o
 .debug_abbrev  0x00000af6       0xe9 ServoControl.o
 .debug_abbrev  0x00000bdf      0x2d1 SimpleTesting.o
 .debug_abbrev  0x00000eb0      0x182 uart.o

.debug_line     0x00000000     0x18c1
 *(.debug_line)
 .debug_line    0x00000000      0x12e Accelerometer.o
 .debug_line    0x0000012e      0x14f Barometer.o
 .debug_line    0x0000027d      0x200 ADC_Reading.o
 .debug_line    0x0000047d      0x211 Gyro.o
 .debug_line    0x0000068e      0x642 OLED_display.o
 .debug_line    0x00000cd0      0x129 Magnetometer.o
 .debug_line    0x00000df9      0x1f4 port.o
 .debug_line    0x00000fed      0x162 ServoControl.o
 .debug_line    0x0000114f      0x569 SimpleTesting.o
 .debug_line    0x000016b8      0x209 uart.o

.debug_frame    0x00000000      0xa38
 *(.debug_frame)
 .debug_frame   0x00000000       0x64 Accelerometer.o
 .debug_frame   0x00000064       0x68 Barometer.o
 .debug_frame   0x000000cc       0x70 ADC_Reading.o
 .debug_frame   0x0000013c       0xe0 Gyro.o
 .debug_frame   0x0000021c      0x378 OLED_display.o
 .debug_frame   0x00000594       0xb0 Magnetometer.o
 .debug_frame   0x00000644       0xf4 port.o
 .debug_frame   0x00000738       0xc0 ServoControl.o
 .debug_frame   0x000007f8       0xa0 SimpleTesting.o
 .debug_frame   0x00000898      0x1a0 uart.o

.debug_str      0x00000000     0x1370
 *(.debug_str)
 .debug_str     0x00000000      0x258 Accelerometer.o
                                0x2ae (size before relaxing)
 .debug_str     0x00000258       0xe9 Barometer.o
                                0x2eb (size before relaxing)
 .debug_str     0x00000341       0xd6 ADC_Reading.o
                                0x24f (size before relaxing)
 .debug_str     0x00000417      0x142 Gyro.o
                                0x3c4 (size before relaxing)
 .debug_str     0x00000559      0x3b0 OLED_display.o
                                0x557 (size before relaxing)
 .debug_str     0x00000909       0xe3 Magnetometer.o
                                0x2ea (size before relaxing)
 .debug_str     0x000009ec       0x39 port.o
                                0x1c2 (size before relaxing)
 .debug_str     0x00000a25       0x76 ServoControl.o
                                0x1f1 (size before relaxing)
 .debug_str     0x00000a9b      0x81e SimpleTesting.o
                                0xd0d (size before relaxing)
 .debug_str     0x000012b9       0xb7 uart.o
                                0x258 (size before relaxing)

.debug_loc      0x00000000     0x172c
 *(.debug_loc)
 .debug_loc     0x00000000      0x1e8 Accelerometer.o
 .debug_loc     0x000001e8       0xd3 Barometer.o
 .debug_loc     0x000002bb       0x50 ADC_Reading.o
 .debug_loc     0x0000030b      0x363 Gyro.o
 .debug_loc     0x0000066e      0x5b3 OLED_display.o
 .debug_loc     0x00000c21      0x226 Magnetometer.o
 .debug_loc     0x00000e47      0x131 port.o
 .debug_loc     0x00000f78      0x150 ServoControl.o
 .debug_loc     0x000010c8      0x1a0 SimpleTesting.o
 .debug_loc     0x00001268      0x4c4 uart.o

.debug_macinfo
 *(.debug_macinfo)

.debug_pubtypes
 *(.debug_pubtypes)

.debug_ranges   0x00000000      0x390
 *(.debug_ranges)
 .debug_ranges  0x00000000       0x20 Accelerometer.o
 .debug_ranges  0x00000020       0x28 Barometer.o
 .debug_ranges  0x00000048       0x30 ADC_Reading.o
 .debug_ranges  0x00000078       0x38 Gyro.o
 .debug_ranges  0x000000b0      0x170 OLED_display.o
 .debug_ranges  0x00000220       0x20 Magnetometer.o
 .debug_ranges  0x00000240       0x70 port.o
 .debug_ranges  0x000002b0       0x28 ServoControl.o
 .debug_ranges  0x000002d8       0x38 SimpleTesting.o
 .debug_ranges  0x00000310       0x80 uart.o

.debug_macro
 *(.debug_macro)
OUTPUT(SimpleTesting.elf elf32-avr)
LOAD linker stubs
