Archive member included because of file (symbol)

c:/program files/atmel/atmel toolchain/avr8 gcc/native/3.4.2.1002/avr8-gnu-toolchain/bin/../lib/gcc/avr/4.7.2/../../../../avr/lib/avr5\libm.a(addsf3.o)
                              SimpleTesting.o (__subsf3)
c:/program files/atmel/atmel toolchain/avr8 gcc/native/3.4.2.1002/avr8-gnu-toolchain/bin/../lib/gcc/avr/4.7.2/../../../../avr/lib/avr5\libm.a(addsf3x.o)
                              c:/program files/atmel/atmel toolchain/avr8 gcc/native/3.4.2.1002/avr8-gnu-toolchain/bin/../lib/gcc/avr/4.7.2/../../../../avr/lib/avr5\libm.a(addsf3.o) (__addsf3x)
c:/program files/atmel/atmel toolchain/avr8 gcc/native/3.4.2.1002/avr8-gnu-toolchain/bin/../lib/gcc/avr/4.7.2/../../../../avr/lib/avr5\libm.a(atan2.o)
                              Magnetometer.o (atan2)
c:/program files/atmel/atmel toolchain/avr8 gcc/native/3.4.2.1002/avr8-gnu-toolchain/bin/../lib/gcc/avr/4.7.2/../../../../avr/lib/avr5\libm.a(atan.o)
                              c:/program files/atmel/atmel toolchain/avr8 gcc/native/3.4.2.1002/avr8-gnu-toolchain/bin/../lib/gcc/avr/4.7.2/../../../../avr/lib/avr5\libm.a(atan2.o) (atan)
c:/program files/atmel/atmel toolchain/avr8 gcc/native/3.4.2.1002/avr8-gnu-toolchain/bin/../lib/gcc/avr/4.7.2/../../../../avr/lib/avr5\libm.a(cmpsf2.o)
                              SimpleTesting.o (__ltsf2)
c:/program files/atmel/atmel toolchain/avr8 gcc/native/3.4.2.1002/avr8-gnu-toolchain/bin/../lib/gcc/avr/4.7.2/../../../../avr/lib/avr5\libm.a(cos.o)
                              Magnetometer.o (cos)
c:/program files/atmel/atmel toolchain/avr8 gcc/native/3.4.2.1002/avr8-gnu-toolchain/bin/../lib/gcc/avr/4.7.2/../../../../avr/lib/avr5\libm.a(divsf3.o)
                              Magnetometer.o (__divsf3)
c:/program files/atmel/atmel toolchain/avr8 gcc/native/3.4.2.1002/avr8-gnu-toolchain/bin/../lib/gcc/avr/4.7.2/../../../../avr/lib/avr5\libm.a(divsf3x.o)
                              c:/program files/atmel/atmel toolchain/avr8 gcc/native/3.4.2.1002/avr8-gnu-toolchain/bin/../lib/gcc/avr/4.7.2/../../../../avr/lib/avr5\libm.a(divsf3.o) (__divsf3x)
c:/program files/atmel/atmel toolchain/avr8 gcc/native/3.4.2.1002/avr8-gnu-toolchain/bin/../lib/gcc/avr/4.7.2/../../../../avr/lib/avr5\libm.a(fixsfsi.o)
                              Gyro.o (__fixsfsi)
c:/program files/atmel/atmel toolchain/avr8 gcc/native/3.4.2.1002/avr8-gnu-toolchain/bin/../lib/gcc/avr/4.7.2/../../../../avr/lib/avr5\libm.a(fixunssfsi.o)
                              c:/program files/atmel/atmel toolchain/avr8 gcc/native/3.4.2.1002/avr8-gnu-toolchain/bin/../lib/gcc/avr/4.7.2/../../../../avr/lib/avr5\libm.a(fixsfsi.o) (__fixunssfsi)
c:/program files/atmel/atmel toolchain/avr8 gcc/native/3.4.2.1002/avr8-gnu-toolchain/bin/../lib/gcc/avr/4.7.2/../../../../avr/lib/avr5\libm.a(floatsisf.o)
                              Gyro.o (__floatsisf)
c:/program files/atmel/atmel toolchain/avr8 gcc/native/3.4.2.1002/avr8-gnu-toolchain/bin/../lib/gcc/avr/4.7.2/../../../../avr/lib/avr5\libm.a(fp_cmp.o)
                              c:/program files/atmel/atmel toolchain/avr8 gcc/native/3.4.2.1002/avr8-gnu-toolchain/bin/../lib/gcc/avr/4.7.2/../../../../avr/lib/avr5\libm.a(cmpsf2.o) (__fp_cmp)
c:/program files/atmel/atmel toolchain/avr8 gcc/native/3.4.2.1002/avr8-gnu-toolchain/bin/../lib/gcc/avr/4.7.2/../../../../avr/lib/avr5\libm.a(fp_inf.o)
                              c:/program files/atmel/atmel toolchain/avr8 gcc/native/3.4.2.1002/avr8-gnu-toolchain/bin/../lib/gcc/avr/4.7.2/../../../../avr/lib/avr5\libm.a(addsf3x.o) (__fp_inf)
c:/program files/atmel/atmel toolchain/avr8 gcc/native/3.4.2.1002/avr8-gnu-toolchain/bin/../lib/gcc/avr/4.7.2/../../../../avr/lib/avr5\libm.a(fp_nan.o)
                              c:/program files/atmel/atmel toolchain/avr8 gcc/native/3.4.2.1002/avr8-gnu-toolchain/bin/../lib/gcc/avr/4.7.2/../../../../avr/lib/avr5\libm.a(addsf3x.o) (__fp_nan)
c:/program files/atmel/atmel toolchain/avr8 gcc/native/3.4.2.1002/avr8-gnu-toolchain/bin/../lib/gcc/avr/4.7.2/../../../../avr/lib/avr5\libm.a(fp_powser.o)
                              c:/program files/atmel/atmel toolchain/avr8 gcc/native/3.4.2.1002/avr8-gnu-toolchain/bin/../lib/gcc/avr/4.7.2/../../../../avr/lib/avr5\libm.a(atan.o) (__fp_powser)
c:/program files/atmel/atmel toolchain/avr8 gcc/native/3.4.2.1002/avr8-gnu-toolchain/bin/../lib/gcc/avr/4.7.2/../../../../avr/lib/avr5\libm.a(fp_pscA.o)
                              c:/program files/atmel/atmel toolchain/avr8 gcc/native/3.4.2.1002/avr8-gnu-toolchain/bin/../lib/gcc/avr/4.7.2/../../../../avr/lib/avr5\libm.a(addsf3x.o) (__fp_pscA)
c:/program files/atmel/atmel toolchain/avr8 gcc/native/3.4.2.1002/avr8-gnu-toolchain/bin/../lib/gcc/avr/4.7.2/../../../../avr/lib/avr5\libm.a(fp_pscB.o)
                              c:/program files/atmel/atmel toolchain/avr8 gcc/native/3.4.2.1002/avr8-gnu-toolchain/bin/../lib/gcc/avr/4.7.2/../../../../avr/lib/avr5\libm.a(addsf3x.o) (__fp_pscB)
[...]
Memory Configuration

Name             Origin             Length             Attributes
text             0x00000000         0x00020000         xr
data             0x00800060         0x0000ffa0         rw !x
eeprom           0x00810000         0x00010000         rw !x
fuse             0x00820000         0x00000400         rw !x
lock             0x00830000         0x00000400         rw !x
signature        0x00840000         0x00000400         rw !x
user_signatures  0x00850000         0x00000400         rw !x
*default*        0x00000000         0xffffffff

Linker script and memory map

LOAD c:/program files/atmel/atmel toolchain/avr8 gcc/native/3.4.2.1002/avr8-gnu-toolchain/bin/../lib/gcc/avr/4.7.2/../../../../avr/lib/avr5/crtm32.o
LOAD Accelerometer.o
LOAD Barometer.o
LOAD ADC_Reading.o
LOAD Gyro.o
LOAD OLED_display.o
LOAD Magnetometer.o
LOAD port.o
LOAD ServoControl.o
LOAD SimpleTesting.o
LOAD uart.o
START GROUP
LOAD c:/program files/atmel/atmel toolchain/avr8 gcc/native/3.4.2.1002/avr8-gnu-toolchain/bin/../lib/gcc/avr/4.7.2/../../../../avr/lib/avr5\libm.a
END GROUP
LOAD c:/program files/atmel/atmel toolchain/avr8 gcc/native/3.4.2.1002/avr8-gnu-toolchain/bin/../lib/gcc/avr/4.7.2/avr5\libgcc.a
LOAD c:/program files/atmel/atmel toolchain/avr8 gcc/native/3.4.2.1002/avr8-gnu-toolchain/bin/../lib/gcc/avr/4.7.2/../../../../avr/lib/avr5\libc.a
LOAD c:/program files/atmel/atmel toolchain/avr8 gcc/native/3.4.2.1002/avr8-gnu-toolchain/bin/../lib/gcc/avr/4.7.2/avr5\libgcc.a

.hash
 *(.hash)

.dynsym
 *(.dynsym)

.dynstr
 *(.dynstr)

.gnu.version
 *(.gnu.version)

.gnu.version_d
 *(.gnu.version_d)

.gnu.version_r
 *(.gnu.version_r)

.rel.init
 *(.rel.init)

.rela.init
 *(.rela.init)

.rel.text
 *(.rel.text)
 *(.rel.text.*)
 *(.rel.gnu.linkonce.t*)

.rela.text
 *(.rela.text)
 *(.rela.text.*)
 *(.rela.gnu.linkonce.t*)

.rel.fini
 *(.rel.fini)

.rela.fini
 *(.rela.fini)

.rel.rodata
 *(.rel.rodata)
 *(.rel.rodata.*)
 *(.rel.gnu.linkonce.r*)

.rela.rodata
 *(.rela.rodata)
 *(.rela.rodata.*)
 *(.rela.gnu.linkonce.r*)

.rel.data
 *(.rel.data)
 *(.rel.data.*)
 *(.rel.gnu.linkonce.d*)

.rela.data
 *(.rela.data)
 *(.rela.data.*)
 *(.rela.gnu.linkonce.d*)

.rel.ctors
 *(.rel.ctors)

.rela.ctors
 *(.rela.ctors)

.rel.dtors
 *(.rel.dtors)

.rela.dtors
 *(.rela.dtors)

.rel.got
 *(.rel.got)

.rela.got
 *(.rela.got)

.rel.bss
 *(.rel.bss)

.rela.bss
 *(.rela.bss)

.rel.plt
 *(.rel.plt)

.rela.plt
 *(.rela.plt)

.text           0x00000000     0x3e42
 *(.vectors)
 .vectors       0x00000000       0x54 c:/program files/atmel/atmel toolchain/avr8 gcc/native/3.4.2.1002/avr8-gnu-toolchain/bin/../lib/gcc/avr/4.7.2/../../../../avr/lib/avr5/crtm32.o
                0x00000000                __vector_default
                0x00000000                __vectors
 *(.vectors)
 *(.progmem.gcc*)
 .progmem.gcc_fplib
                0x00000054       0x2d c:/program files/atmel/atmel toolchain/avr8 gcc/native/3.4.2.1002/avr8-gnu-toolchain/bin/../lib/gcc/avr/4.7.2/../../../../avr/lib/avr5\libm.a(atan.o)
 *(.progmem*)
                0x00000082                . = ALIGN (0x2)
 *fill*         0x00000081        0x1 
                0x00000082                __trampolines_start = .
 *(.trampolines)
 .trampolines   0x00000082        0x0 linker stubs
 *(.trampolines*)
                0x00000082                __trampolines_end = .
 *(.jumptables)
 *(.jumptables*)
 *(.lowtext)
 *(.lowtext*)
                0x00000082                __ctors_start = .
 *(.ctors)
                0x00000082                __ctors_end = .
                0x00000082                __dtors_start = .
 *(.dtors)
                0x00000082                __dtors_end = .
 SORT(*)(.ctors)
 SORT(*)(.dtors)
 *(.init0)
 .init0         0x00000082        0x0 c:/program files/atmel/atmel toolchain/avr8 gcc/native/3.4.2.1002/avr8-gnu-toolchain/bin/../lib/gcc/avr/4.7.2/../../../../avr/lib/avr5/crtm32.o
                0x00000082                __init
 *(.init0)
 *(.init1)
 *(.init1)
 *(.init2)
 .init2         0x00000082        0xc c:/program files/atmel/atmel toolchain/avr8 gcc/native/3.4.2.1002/avr8-gnu-toolchain/bin/../lib/gcc/avr/4.7.2/../../../../avr/lib/avr5/crtm32.o
 *(.init2)
 *(.init3)
 *(.init3)
 *(.init4)
 .init4         0x0000008e       0x16 c:/program files/atmel/atmel toolchain/avr8 gcc/native/3.4.2.1002/avr8-gnu-toolchain/bin/../lib/gcc/avr/4.7.2/avr5\libgcc.a(_copy_data.o)
                0x0000008e                __do_copy_data
 .init4         0x000000a4       0x10 c:/program files/atmel/atmel toolchain/avr8 gcc/native/3.4.2.1002/avr8-gnu-toolchain/bin/../lib/gcc/avr/4.7.2/avr5\libgcc.a(_clear_bss.o)
                0x000000a4                __do_clear_bss
 *(.init4)
 *(.init5)
 *(.init5)
 *(.init6)
 *(.init6)
 *(.init7)
 *(.init7)
 *(.init8)
 *(.init8)
 *(.init9)
 .init9         0x000000b4        0x8 c:/program files/atmel/atmel toolchain/avr8 gcc/native/3.4.2.1002/avr8-gnu-toolchain/bin/../lib/gcc/avr/4.7.2/../../../../avr/lib/avr5/crtm32.o
 *(.init9)
 *(.text)
 .text          0x000000bc        0x4 c:/program files/atmel/atmel toolchain/avr8 gcc/native/3.4.2.1002/avr8-gnu-toolchain/bin/../lib/gcc/avr/4.7.2/../../../../avr/lib/avr5/crtm32.o
                0x000000bc                __vector_12
                0x000000bc                __bad_interrupt
                0x000000bc                __vector_6
                0x000000bc                __vector_3
                0x000000bc                __vector_11
                0x000000bc                __vector_17
                0x000000bc                __vector_19
                0x000000bc                __vector_4
                0x000000bc                __vector_9
                0x000000bc                __vector_2
                0x000000bc                __vector_15
                0x000000bc                __vector_8
                0x000000bc                __vector_14
                0x000000bc                __vector_16
                0x000000bc                __vector_18
                0x000000bc                __vector_20
                0x000000c0                . = ALIGN (0x2)
 *(.text.*)
 .text.write_acc_registry
                0x000000c0       0x2e Accelerometer.o
                0x000000c0                write_acc_registry
 .text.acc_start
                0x000000ee       0x1a Accelerometer.o
                0x000000ee                acc_start
 .text.acc_reading
                0x00000108      0x142 Accelerometer.o
                0x00000108                acc_reading
 .text.write_baro_registry
                0x0000024a       0x2e Barometer.o
                0x0000024a                write_baro_registry
 .text.baro_start
                0x00000278       0x32 Barometer.o
                0x00000278                baro_start
 .text.baro_read
                0x000002aa      0x11c Barometer.o
                0x000002aa                baro_read
 .text.baro_calibration
                0x000003c6       0x2a Barometer.o
                0x000003c6                baro_calibration
 .text.ADC_start
                0x000003f0       0x14 ADC_Reading.o
                0x000003f0                ADC_start
 .text.ADC_read_speed
                0x00000404       0x2e ADC_Reading.o
                0x00000404                ADC_read_speed
 .text.write_gyro_registry
                0x00000432       0x2e Gyro.o
                0x00000432                write_gyro_registry
 .text.gyro_start
                0x00000460       0x22 Gyro.o
                0x00000460                gyro_start
 .text.gyro_read
                0x00000482      0x1ac Gyro.o
                0x00000482                gyro_read
 .text.gyro_calibration
                0x0000062e      0x148 Gyro.o
                0x0000062e                gyro_calibration
 .text.OLED_send_cmd
                0x00000776       0x1a OLED_display.o
                0x00000776                OLED_send_cmd
 .text.OLED_send_byte
                0x00000790       0x1a OLED_display.o
                0x00000790                OLED_send_byte
 .text.OLED_init
                0x000007aa       0x5c OLED_display.o
                0x000007aa                OLED_init
 .text.OLED_clear
                0x00000806       0x60 OLED_display.o
                0x00000806                OLED_clear
 .text.OLED_send_char
                0x00000866       0x5a OLED_display.o
                0x00000866                OLED_send_char
 .text.i2c_initialize
                0x000008c0        0xc port.o
                0x000008c0                i2c_initialize
 .text.i2c_start
                0x000008cc       0x14 port.o
                0x000008cc                i2c_start
 .text.i2c_repeated_start
                0x000008e0        0xc port.o
                0x000008e0                i2c_repeated_start
 .text.i2c_send_address_read
                0x000008ec       0x18 port.o
                0x000008ec                i2c_send_address_read
 .text.i2c_send_address_write
                0x00000904       0x16 port.o
                0x00000904                i2c_send_address_write
 .text.i2c_send_registry
                0x0000091a       0x16 port.o
                0x0000091a                i2c_send_registry
 .text.i2c_send_data
                0x00000930       0x16 port.o
                0x00000930                i2c_send_data
 .text.i2c_read_data_nmak
                0x00000946       0x10 port.o
                0x00000946                i2c_read_data_nmak
 .text.i2c_read_data_mak
                0x00000956       0x10 port.o
                0x00000956                i2c_read_data_mak
 .text.i2c_stop
                0x00000966       0x10 port.o
                0x00000966                i2c_stop
 .text.i2c_wait_transmission
                0x00000976        0x8 port.o
                0x00000976                i2c_wait_transmission
 .text.i2c_write_val_to_reg_OLED
                0x0000097e       0x2c port.o
                0x0000097e                i2c_write_val_to_reg_OLED
 .text.i2c_repeated_start_OLED
                0x000009aa        0xa port.o
                0x000009aa                i2c_repeated_start_OLED
 .text.servo_init
                0x000009b4       0x3e ServoControl.o
                0x000009b4                servo_init
 .text.__vector_7
                0x000009f2      0x2a0 ServoControl.o
                0x000009f2                __vector_7
 .text.__vector_1
                0x00000c92       0x5e ServoControl.o
                0x00000c92                __vector_1
 .text.__vector_5
                0x00000cf0       0x2c ServoControl.o
                0x00000cf0                __vector_5
 .text.Task_Timer
                0x00000d1c       0x2a SimpleTesting.o
                0x00000d1c                Task_Timer
 .text.__vector_10
                0x00000d46       0x30 SimpleTesting.o
                0x00000d46                __vector_10
 .text.WDT_on   0x00000d76        0x8 SimpleTesting.o
                0x00000d76                WDT_on
 .text.atol_new
                0x00000d7e       0x88 SimpleTesting.o
                0x00000d7e                atol_new
 .text.main     0x00000e06     0x274e SimpleTesting.o
                0x00000e06                main
 .text.init_uart
                0x00003554       0x1a uart.o
                0x00003554                init_uart
 .text.__vector_13
                0x0000356e       0xe4 uart.o
                0x0000356e                __vector_13
 .text.write_char
                0x00003652        0x8 uart.o
                0x00003652                write_char
 .text.write_string
                0x0000365a       0x20 uart.o
                0x0000365a                write_string
 .text.write_string_ln
                0x0000367a       0x28 uart.o
                0x0000367a                write_string_ln
 .text.write_var
                0x000036a2       0x3c uart.o
                0x000036a2                write_var
 .text.write_var_ln
                0x000036de       0x44 uart.o
                0x000036de                write_var_ln
 .text.avr-libc.fplib
                0x00003722        0xa c:/program files/atmel/atmel toolchain/avr8 gcc/native/3.4.2.1002/avr8-gnu-toolchain/bin/../lib/gcc/avr/4.7.2/../../../../avr/lib/avr5\libm.a(addsf3.o)
                0x00003722                __subsf3
                0x00003724                __addsf3
 .text.avr-libc.fplib
                0x0000372c       0xc0 c:/program files/atmel/atmel toolchain/avr8 gcc/native/3.4.2.1002/avr8-gnu-toolchain/bin/../lib/gcc/avr/4.7.2/../../../../avr/lib/avr5\libm.a(addsf3x.o)
                0x00003746                __addsf3x
 .text.avr-libc.fplib
                0x000037ec       0x74 c:/program files/atmel/atmel toolchain/avr8 gcc/native/3.4.2.1002/avr8-gnu-toolchain/bin/../lib/gcc/avr/4.7.2/../../../../avr/lib/avr5\libm.a(atan2.o)
                0x0000380a                atan2
 .text.avr-libc.fplib
                0x00003860       0x50 c:/program files/atmel/atmel toolchain/avr8 gcc/native/3.4.2.1002/avr8-gnu-toolchain/bin/../lib/gcc/avr/4.7.2/../../../../avr/lib/avr5\libm.a(atan.o)
                0x00003860                atan
 .text.avr-libc.fplib
                0x000038b0        0x8 c:/program files/atmel/atmel toolchain/avr8 gcc/native/3.4.2.1002/avr8-gnu-toolchain/bin/../lib/gcc/avr/4.7.2/../../../../avr/lib/avr5\libm.a(cmpsf2.o)
                0x000038b0                __nesf2
                0x000038b0                __eqsf2
                0x000038b0                __cmpsf2
                0x000038b0                __ltsf2
                0x000038b0                __lesf2
 .text.avr-libc.fplib
                0x000038b8        0x4 c:/program files/atmel/atmel toolchain/avr8 gcc/native/3.4.2.1002/avr8-gnu-toolchain/bin/../lib/gcc/avr/4.7.2/../../../../avr/lib/avr5\libm.a(divsf3.o)
                0x000038b8                __divsf3
 .text.avr-libc.fplib
                0x000038bc       0xcc c:/program files/atmel/atmel toolchain/avr8 gcc/native/3.4.2.1002/avr8-gnu-toolchain/bin/../lib/gcc/avr/4.7.2/../../../../avr/lib/avr5\libm.a(divsf3x.o)
                0x000038d2                __divsf3x
                0x000038d6                __divsf3_pse
 .text.avr-libc.fplib
                0x00003988        0xa c:/program files/atmel/atmel toolchain/avr8 gcc/native/3.4.2.1002/avr8-gnu-toolchain/bin/../lib/gcc/avr/4.7.2/../../../../avr/lib/avr5\libm.a(fixsfsi.o)
                0x00003988                __fixsfsi
 .text.avr-libc.fplib
                0x00003992       0x58 c:/program files/atmel/atmel toolchain/avr8 gcc/native/3.4.2.1002/avr8-gnu-toolchain/bin/../lib/gcc/avr/4.7.2/../../../../avr/lib/avr5\libm.a(fixunssfsi.o)
                0x00003992                __fixunssfsi
 .text.avr-libc.fplib
                0x000039ea       0x7a c:/program files/atmel/atmel toolchain/avr8 gcc/native/3.4.2.1002/avr8-gnu-toolchain/bin/../lib/gcc/avr/4.7.2/../../../../avr/lib/avr5\libm.a(floatsisf.o)
                0x000039ea                __floatunsisf
                0x000039ee                __floatsisf
 .text.avr-libc.fplib
                0x00003a64       0x48 c:/program files/atmel/atmel toolchain/avr8 gcc/native/3.4.2.1002/avr8-gnu-toolchain/bin/../lib/gcc/avr/4.7.2/../../../../avr/lib/avr5\libm.a(fp_cmp.o)
                0x00003a64                __fp_cmp
 .text.avr-libc.fplib
                0x00003aac        0xc c:/program files/atmel/atmel toolchain/avr8 gcc/native/3.4.2.1002/avr8-gnu-toolchain/bin/../lib/gcc/avr/4.7.2/../../../../avr/lib/avr5\libm.a(fp_inf.o)
                0x00003aac                __fp_inf
 .text.avr-libc.fplib
                0x00003ab8        0x6 c:/program files/atmel/atmel toolchain/avr8 gcc/native/3.4.2.1002/avr8-gnu-toolchain/bin/../lib/gcc/avr/4.7.2/../../../../avr/lib/avr5\libm.a(fp_nan.o)
                0x00003ab8                __fp_nan
 .text.avr-libc.fplib
                0x00003abe       0x4a c:/program files/atmel/atmel toolchain/avr8 gcc/native/3.4.2.1002/avr8-gnu-toolchain/bin/../lib/gcc/avr/4.7.2/../../../../avr/lib/avr5\libm.a(fp_powser.o)
                0x00003abe                __fp_powser
 .text.avr-libc.fplib
                0x00003b08        0xe c:/program files/atmel/atmel toolchain/avr8 gcc/native/3.4.2.1002/avr8-gnu-toolchain/bin/../lib/gcc/avr/4.7.2/../../../../avr/lib/avr5\libm.a(fp_pscA.o)
                0x00003b08                __fp_pscA
 .text.avr-libc.fplib
                0x00003b16        0xe c:/program files/atmel/atmel toolchain/avr8 gcc/native/3.4.2.1002/avr8-gnu-toolchain/bin/../lib/gcc/avr/4.7.2/../../../../avr/lib/avr5\libm.a(fp_pscB.o)
                0x00003b16                __fp_pscB
 .text.avr-libc.fplib
                0x00003b24       0x22 c:/program files/atmel/atmel toolchain/avr8 gcc/native/3.4.2.1002/avr8-gnu-toolchain/bin/../lib/gcc/avr/4.7.2/../../../../avr/lib/avr5\libm.a(fp_round.o)
                0x00003b24                __fp_round
 .text.avr-libc.fplib
                0x00003b46       0x44 c:/program files/atmel/atmel toolchain/avr8 gcc/native/3.4.2.1002/avr8-gnu-toolchain/bin/../lib/gcc/avr/4.7.2/../../../../avr/lib/avr5\libm.a(fp_split3.o)
                0x00003b46                __fp_split3
                0x00003b56                __fp_splitA
 .text.avr-libc.fplib
                0x00003b8a        0xe c:/program files/atmel/atmel toolchain/avr8 gcc/native/3.4.2.1002/avr8-gnu-toolchain/bin/../lib/gcc/avr/4.7.2/../../../../avr/lib/avr5\libm.a(fp_zero.o)
                0x00003b8a                __fp_zero
                0x00003b8c                __fp_szero
 .text.avr-libc.fplib
                0x00003b98        0x8 c:/program files/atmel/atmel toolchain/avr8 gcc/native/3.4.2.1002/avr8-gnu-toolchain/bin/../lib/gcc/avr/4.7.2/../../../../avr/lib/avr5\libm.a(gesf2.o)
                0x00003b98                __gesf2
                0x00003b98                __gtsf2
 .text.avr-libc.fplib
                0x00003ba0        0xe c:/program files/atmel/atmel toolchain/avr8 gcc/native/3.4.2.1002/avr8-gnu-toolchain/bin/../lib/gcc/avr/4.7.2/../../../../avr/lib/avr5\libm.a(inverse.o)
                0x00003ba0                inverse
 .text.avr-libc.fplib
                0x00003bae        0x4 c:/program files/atmel/atmel toolchain/avr8 gcc/native/3.4.2.1002/avr8-gnu-toolchain/bin/../lib/gcc/avr/4.7.2/../../../../avr/lib/avr5\libm.a(mulsf3.o)
                0x00003bae                __mulsf3
 .text.avr-libc.fplib
                0x00003bb2       0xc2 c:/program files/atmel/atmel toolchain/avr8 gcc/native/3.4.2.1002/avr8-gnu-toolchain/bin/../lib/gcc/avr/4.7.2/../../../../avr/lib/avr5\libm.a(mulsf3x.o)
                0x00003bc6                __mulsf3x
                0x00003bca                __mulsf3_pse
 .text.avr-libc.fplib
                0x00003c74        0x6 c:/program files/atmel/atmel toolchain/avr8 gcc/native/3.4.2.1002/avr8-gnu-toolchain/bin/../lib/gcc/avr/4.7.2/../../../../avr/lib/avr5\libm.a(square.o)
                0x00003c74                square
 .text.libgcc.mul
                0x00003c7a       0x20 c:/program files/atmel/atmel toolchain/avr8 gcc/native/3.4.2.1002/avr8-gnu-toolchain/bin/../lib/gcc/avr/4.7.2/avr5\libgcc.a(_mulsi3.o)
                0x00003c7a                __mulsi3
 .text.libgcc.div
                0x00003c9a       0x28 c:/program files/atmel/atmel toolchain/avr8 gcc/native/3.4.2.1002/avr8-gnu-toolchain/bin/../lib/gcc/avr/4.7.2/avr5\libgcc.a(_divmodhi4.o)
                0x00003c9a                _div
                0x00003c9a                __divmodhi4
 .text.libgcc.div
                0x00003cc2       0x44 c:/program files/atmel/atmel toolchain/avr8 gcc/native/3.4.2.1002/avr8-gnu-toolchain/bin/../lib/gcc/avr/4.7.2/avr5\libgcc.a(_udivmodsi4.o)
                0x00003cc2                __udivmodsi4
 .text.libgcc.div
                0x00003d06       0x38 c:/program files/atmel/atmel toolchain/avr8 gcc/native/3.4.2.1002/avr8-gnu-toolchain/bin/../lib/gcc/avr/4.7.2/avr5\libgcc.a(_divmodsi4.o)
                0x00003d06                __divmodsi4
 .text.libgcc.mul
                0x00003d3e       0x16 c:/program files/atmel/atmel toolchain/avr8 gcc/native/3.4.2.1002/avr8-gnu-toolchain/bin/../lib/gcc/avr/4.7.2/avr5\libgcc.a(_muluhisi3.o)
                0x00003d3e                __muluhisi3
 .text.libgcc.mul
                0x00003d54       0x10 c:/program files/atmel/atmel toolchain/avr8 gcc/native/3.4.2.1002/avr8-gnu-toolchain/bin/../lib/gcc/avr/4.7.2/avr5\libgcc.a(_mulshisi3.o)
                0x00003d54                __mulshisi3
                0x00003d5a                __mulohisi3
 .text.libgcc.div
                0x00003d64       0x28 c:/program files/atmel/atmel toolchain/avr8 gcc/native/3.4.2.1002/avr8-gnu-toolchain/bin/../lib/gcc/avr/4.7.2/avr5\libgcc.a(_udivmodhi4.o)
                0x00003d64                __udivmodhi4
 .text.libgcc.mul
                0x00003d8c       0x18 c:/program files/atmel/atmel toolchain/avr8 gcc/native/3.4.2.1002/avr8-gnu-toolchain/bin/../lib/gcc/avr/4.7.2/avr5\libgcc.a(_umulhisi3.o)
                0x00003d8c                __umulhisi3
 .text.avr-libc
                0x00003da4       0x12 c:/program files/atmel/atmel toolchain/avr8 gcc/native/3.4.2.1002/avr8-gnu-toolchain/bin/../lib/gcc/avr/4.7.2/../../../../avr/lib/avr5\libc.a(strcmp.o)
                0x00003da4                strcmp
 .text.avr-libc
                0x00003db6       0x68 c:/program files/atmel/atmel toolchain/avr8 gcc/native/3.4.2.1002/avr8-gnu-toolchain/bin/../lib/gcc/avr/4.7.2/../../../../avr/lib/avr5\libc.a(ltoa.o)
                0x00003db6                ltoa
 .text.avr-libc
                0x00003e1e       0x20 c:/program files/atmel/atmel toolchain/avr8 gcc/native/3.4.2.1002/avr8-gnu-toolchain/bin/../lib/gcc/avr/4.7.2/../../../../avr/lib/avr5\libc.a(strrev.o)
                0x00003e1e                strrev
                0x00003e3e                . = ALIGN (0x2)
 *(.fini9)
 .fini9         0x00003e3e        0x0 c:/program files/atmel/atmel toolchain/avr8 gcc/native/3.4.2.1002/avr8-gnu-toolchain/bin/../lib/gcc/avr/4.7.2/avr5\libgcc.a(_exit.o)
                0x00003e3e                _exit
                0x00003e3e                exit
 *(.fini9)
 *(.fini8)
 *(.fini8)
 *(.fini7)
 *(.fini7)
 *(.fini6)
 *(.fini6)
 *(.fini5)
 *(.fini5)
 *(.fini4)
 *(.fini4)
 *(.fini3)
 *(.fini3)
 *(.fini2)
 *(.fini2)
 *(.fini1)
 *(.fini1)
 *(.fini0)
 .fini0         0x00003e3e        0x4 c:/program files/atmel/atmel toolchain/avr8 gcc/native/3.4.2.1002/avr8-gnu-toolchain/bin/../lib/gcc/avr/4.7.2/avr5\libgcc.a(_exit.o)
 *(.fini0)
                0x00003e42                _etext = .

.data           0x00800060      0x36c load address 0x00003e42
                0x00800060                PROVIDE (__data_start, .)
 *(.data)
 .data          0x00800060        0x0 c:/program files/atmel/atmel toolchain/avr8 gcc/native/3.4.2.1002/avr8-gnu-toolchain/bin/../lib/gcc/avr/4.7.2/../../../../avr/lib/avr5/crtm32.o
 .data          0x00800060        0x0 Accelerometer.o
 .data          0x00800060        0x0 Barometer.o
 .data          0x00800060        0x0 ADC_Reading.o
 .data          0x00800060        0x0 Gyro.o
 .data          0x00800060        0x0 OLED_display.o
 .data          0x00800060        0x0 Magnetometer.o
 .data          0x00800060        0x0 port.o
 .data          0x00800060        0x0 ServoControl.o
 .data          0x00800060        0x0 SimpleTesting.o
 .data          0x00800060        0x0 uart.o
 .data          0x00800060        0x0 c:/program files/atmel/atmel toolchain/avr8 gcc/native/3.4.2.1002/avr8-gnu-toolchain/bin/../lib/gcc/avr/4.7.2/../../../../avr/lib/avr5\libm.a(addsf3.o)
 .data          0x00800060        0x0 c:/program files/atmel/atmel toolchain/avr8 gcc/native/3.4.2.1002/avr8-gnu-toolchain/bin/../lib/gcc/avr/4.7.2/../../../../avr/lib/avr5\libm.a(addsf3x.o)
 .data          0x00800060        0x0 c:/program files/atmel/atmel toolchain/avr8 gcc/native/3.4.2.1002/avr8-gnu-toolchain/bin/../lib/gcc/avr/4.7.2/../../../../avr/lib/avr5\libm.a(atan2.o)
 .data          0x00800060        0x0 c:/program files/atmel/atmel toolchain/avr8 gcc/native/3.4.2.1002/avr8-gnu-toolchain/bin/../lib/gcc/avr/4.7.2/../../../../avr/lib/avr5\libm.a(atan.o)
 .data          0x00800060        0x0 c:/program files/atmel/atmel toolchain/avr8 gcc/native/3.4.2.1002/avr8-gnu-toolchain/bin/../lib/gcc/avr/4.7.2/../../../../avr/lib/avr5\libm.a(cmpsf2.o)
 .data          0x00800060        0x0 c:/program files/atmel/atmel toolchain/avr8 gcc/native/3.4.2.1002/avr8-gnu-toolchain/bin/../lib/gcc/avr/4.7.2/../../../../avr/lib/avr5\libm.a(cos.o)
 .data          0x00800060        0x0 c:/program files/atmel/atmel toolchain/avr8 gcc/native/3.4.2.1002/avr8-gnu-toolchain/bin/../lib/gcc/avr/4.7.2/../../../../avr/lib/avr5\libm.a(divsf3.o)
 .data          0x00800060        0x0 c:/program files/atmel/atmel toolchain/avr8 gcc/native/3.4.2.1002/avr8-gnu-toolchain/bin/../lib/gcc/avr/4.7.2/../../../../avr/lib/avr5\libm.a(divsf3x.o)
 .data          0x00800060        0x0 c:/program files/atmel/atmel toolchain/avr8 gcc/native/3.4.2.1002/avr8-gnu-toolchain/bin/../lib/gcc/avr/4.7.2/../../../../avr/lib/avr5\libm.a(fixsfsi.o)
 .data          0x00800060        0x0 c:/program files/atmel/atmel toolchain/avr8 gcc/native/3.4.2.1002/avr8-gnu-toolchain/bin/../lib/gcc/avr/4.7.2/../../../../avr/lib/avr5\libm.a(fixunssfsi.o)
 .data          0x00800060        0x0 c:/program files/atmel/atmel toolchain/avr8 gcc/native/3.4.2.1002/avr8-gnu-toolchain/bin/../lib/gcc/avr/4.7.2/../../../../avr/lib/avr5\libm.a(floatsisf.o)
 .data          0x00800060        0x0 c:/program files/atmel/atmel toolchain/avr8 gcc/native/3.4.2.1002/avr8-gnu-toolchain/bin/../lib/gcc/avr/4.7.2/../../../../avr/lib/avr5\libm.a(fp_cmp.o)
 .data          0x00800060        0x0 c:/program files/atmel/atmel toolchain/avr8 gcc/native/3.4.2.1002/avr8-gnu-toolchain/bin/../lib/gcc/avr/4.7.2/../../../../avr/lib/avr5\libm.a(fp_inf.o)
 .data          0x00800060        0x0 c:/program files/atmel/atmel toolchain/avr8 gcc/native/3.4.2.1002/avr8-gnu-toolchain/bin/../lib/gcc/avr/4.7.2/../../../../avr/lib/avr5\libm.a(fp_nan.o)
 .data          0x00800060        0x0 c:/program files/atmel/atmel toolchain/avr8 gcc/native/3.4.2.1002/avr8-gnu-toolchain/bin/../lib/gcc/avr/4.7.2/../../../../avr/lib/avr5\libm.a(fp_powser.o)
 .data          0x00800060        0x0 c:/program files/atmel/atmel toolchain/avr8 gcc/native/3.4.2.1002/avr8-gnu-toolchain/bin/../lib/gcc/avr/4.7.2/../../../../avr/lib/avr5\libm.a(fp_pscA.o)
 .data          0x00800060        0x0 c:/program files/atmel/atmel toolchain/avr8 gcc/native/3.4.2.1002/avr8-gnu-toolchain/bin/../lib/gcc/avr/4.7.2/../../../../avr/lib/avr5\libm.a(fp_pscB.o)
 .data          0x00800060        0x0 c:/program files/atmel/atmel toolchain/avr8 gcc/native/3.4.2.1002/avr8-gnu-toolchain/bin/../lib/gcc/avr/4.7.2/../../../../avr/lib/avr5\libm.a(fp_rempio2.o)
 .data          0x00800060        0x0 c:/program files/atmel/atmel toolchain/avr8 gcc/native/3.4.2.1002/avr8-gnu-toolchain/bin/../lib/gcc/avr/4.7.2/../../../../avr/lib/avr5\libm.a(fp_round.o)
 .data          0x00800060        0x0 c:/program files/atmel/atmel toolchain/avr8 gcc/native/3.4.2.1002/avr8-gnu-toolchain/bin/../lib/gcc/avr/4.7.2/../../../../avr/lib/avr5\libm.a(fp_sinus.o)
 .data          0x00800060        0x0 c:/program files/atmel/atmel toolchain/avr8 gcc/native/3.4.2.1002/avr8-gnu-toolchain/bin/../lib/gcc/avr/4.7.2/../../../../avr/lib/avr5\libm.a(fp_split3.o)
 .data          0x00800060        0x0 c:/program files/atmel/atmel toolchain/avr8 gcc/native/3.4.2.1002/avr8-gnu-toolchain/bin/../lib/gcc/avr/4.7.2/../../../../avr/lib/avr5\libm.a(fp_zero.o)
 .data          0x00800060        0x0 c:/program files/atmel/atmel toolchain/avr8 gcc/native/3.4.2.1002/avr8-gnu-toolchain/bin/../lib/gcc/avr/4.7.2/../../../../avr/lib/avr5\libm.a(gesf2.o)
 .data          0x00800060        0x0 c:/program files/atmel/atmel toolchain/avr8 gcc/native/3.4.2.1002/avr8-gnu-toolchain/bin/../lib/gcc/avr/4.7.2/../../../../avr/lib/avr5\libm.a(inverse.o)
 .data          0x00800060        0x0 c:/program files/atmel/atmel toolchain/avr8 gcc/native/3.4.2.1002/avr8-gnu-toolchain/bin/../lib/gcc/avr/4.7.2/../../../../avr/lib/avr5\libm.a(mulsf3.o)
 .data          0x00800060        0x0 c:/program files/atmel/atmel toolchain/avr8 gcc/native/3.4.2.1002/avr8-gnu-toolchain/bin/../lib/gcc/avr/4.7.2/../../../../avr/lib/avr5\libm.a(mulsf3x.o)
 .data          0x00800060        0x0 c:/program files/atmel/atmel toolchain/avr8 gcc/native/3.4.2.1002/avr8-gnu-toolchain/bin/../lib/gcc/avr/4.7.2/../../../../avr/lib/avr5\libm.a(sin.o)
 .data          0x00800060        0x0 c:/program files/atmel/atmel toolchain/avr8 gcc/native/3.4.2.1002/avr8-gnu-toolchain/bin/../lib/gcc/avr/4.7.2/../../../../avr/lib/avr5\libm.a(square.o)
 .data          0x00800060        0x0 c:/program files/atmel/atmel toolchain/avr8 gcc/native/3.4.2.1002/avr8-gnu-toolchain/bin/../lib/gcc/avr/4.7.2/../../../../avr/lib/avr5\libm.a(fp_mpack.o)
 .data          0x00800060        0x0 c:/program files/atmel/atmel toolchain/avr8 gcc/native/3.4.2.1002/avr8-gnu-toolchain/bin/../lib/gcc/avr/4.7.2/../../../../avr/lib/avr5\libm.a(fp_powsodd.o)
 .data          0x00800060        0x0 c:/program files/atmel/atmel toolchain/avr8 gcc/native/3.4.2.1002/avr8-gnu-toolchain/bin/../lib/gcc/avr/4.7.2/avr5\libgcc.a(_mulsi3.o)
 .data          0x00800060        0x0 c:/program files/atmel/atmel toolchain/avr8 gcc/native/3.4.2.1002/avr8-gnu-toolchain/bin/../lib/gcc/avr/4.7.2/avr5\libgcc.a(_divmodhi4.o)
 .data          0x00800060        0x0 c:/program files/atmel/atmel toolchain/avr8 gcc/native/3.4.2.1002/avr8-gnu-toolchain/bin/../lib/gcc/avr/4.7.2/avr5\libgcc.a(_udivmodsi4.o)
 .data          0x00800060        0x0 c:/program files/atmel/atmel toolchain/avr8 gcc/native/3.4.2.1002/avr8-gnu-toolchain/bin/../lib/gcc/avr/4.7.2/avr5\libgcc.a(_divmodsi4.o)
 .data          0x00800060        0x0 c:/program files/atmel/atmel toolchain/avr8 gcc/native/3.4.2.1002/avr8-gnu-toolchain/bin/../lib/gcc/avr/4.7.2/avr5\libgcc.a(_exit.o)
 .data          0x00800060        0x0 c:/program files/atmel/atmel toolchain/avr8 gcc/native/3.4.2.1002/avr8-gnu-toolchain/bin/../lib/gcc/avr/4.7.2/avr5\libgcc.a(_copy_data.o)
 .data          0x00800060        0x0 c:/program files/atmel/atmel toolchain/avr8 gcc/native/3.4.2.1002/avr8-gnu-toolchain/bin/../lib/gcc/avr/4.7.2/avr5\libgcc.a(_clear_bss.o)
 .data          0x00800060        0x0 c:/program files/atmel/atmel toolchain/avr8 gcc/native/3.4.2.1002/avr8-gnu-toolchain/bin/../lib/gcc/avr/4.7.2/avr5\libgcc.a(_muluhisi3.o)
 .data          0x00800060        0x0 c:/program files/atmel/atmel toolchain/avr8 gcc/native/3.4.2.1002/avr8-gnu-toolchain/bin/../lib/gcc/avr/4.7.2/avr5\libgcc.a(_mulshisi3.o)
 .data          0x00800060        0x0 c:/program files/atmel/atmel toolchain/avr8 gcc/native/3.4.2.1002/avr8-gnu-toolchain/bin/../lib/gcc/avr/4.7.2/avr5\libgcc.a(_udivmodhi4.o)
 .data          0x00800060        0x0 c:/program files/atmel/atmel toolchain/avr8 gcc/native/3.4.2.1002/avr8-gnu-toolchain/bin/../lib/gcc/avr/4.7.2/avr5\libgcc.a(_umulhisi3.o)
 .data          0x00800060        0x0 c:/program files/atmel/atmel toolchain/avr8 gcc/native/3.4.2.1002/avr8-gnu-toolchain/bin/../lib/gcc/avr/4.7.2/../../../../avr/lib/avr5\libc.a(strcmp.o)
 .data          0x00800060        0x0 c:/program files/atmel/atmel toolchain/avr8 gcc/native/3.4.2.1002/avr8-gnu-toolchain/bin/../lib/gcc/avr/4.7.2/../../../../avr/lib/avr5\libc.a(itoa.o)
 .data          0x00800060        0x0 c:/program files/atmel/atmel toolchain/avr8 gcc/native/3.4.2.1002/avr8-gnu-toolchain/bin/../lib/gcc/avr/4.7.2/../../../../avr/lib/avr5\libc.a(ltoa.o)
 .data          0x00800060        0x0 c:/program files/atmel/atmel toolchain/avr8 gcc/native/3.4.2.1002/avr8-gnu-toolchain/bin/../lib/gcc/avr/4.7.2/../../../../avr/lib/avr5\libc.a(strrev.o)
 *(.data*)
 .data.ctrl_out
                0x00800060       0x1c ServoControl.o
                0x00800060                ctrl_out
 .data.Kd_head  0x0080007c        0x1 SimpleTesting.o
                0x0080007c                Kd_head
 .data.Kp_head  0x0080007d        0x1 SimpleTesting.o
                0x0080007d                Kp_head
 .data.R_angle  0x0080007e        0x4 SimpleTesting.o
                0x0080007e                R_angle
 .data.Q_gyro   0x00800082        0x4 SimpleTesting.o
                0x00800082                Q_gyro
 .data.Q_angle  0x00800086        0x4 SimpleTesting.o
                0x00800086                Q_angle
 .data.Ki_Phi   0x0080008a        0x1 SimpleTesting.o
                0x0080008a                Ki_Phi
 .data.Kd_Phi   0x0080008b        0x1 SimpleTesting.o
                0x0080008b                Kd_Phi
 .data.Kp_Phi   0x0080008c        0x1 SimpleTesting.o
                0x0080008c                Kp_Phi
 .data.K_p_q    0x0080008d        0x1 SimpleTesting.o
                0x0080008d                K_p_q
 .data.Ki_Theta
                0x0080008e        0x1 SimpleTesting.o
                0x0080008e                Ki_Theta
 .data.Kd_Theta
                0x0080008f        0x1 SimpleTesting.o
                0x0080008f                Kd_Theta
 .data.Kp_Theta
                0x00800090        0x1 SimpleTesting.o
                0x00800090                Kp_Theta
 .data.Ki_speed
                0x00800091        0x1 SimpleTesting.o
                0x00800091                Ki_speed
 .data.Kp_speed
                0x00800092        0x1 SimpleTesting.o
                0x00800092                Kp_speed
 .data.Kp_alt   0x00800093        0x1 SimpleTesting.o
                0x00800093                Kp_alt
 .data.alpha_alt
                0x00800094        0x4 SimpleTesting.o
                0x00800094                alpha_alt
 .data.flap_delta
                0x00800098        0x1 SimpleTesting.o
                0x00800098                flap_delta
 .data.flap_setpoint
                0x00800099        0x2 SimpleTesting.o
                0x00800099                flap_setpoint
 .data.task_OLED
                0x0080009b        0x2 SimpleTesting.o
                0x0080009b                task_OLED
 .data.task_acc
                0x0080009d        0x2 SimpleTesting.o
                0x0080009d                task_acc
 .data.task_gyro
                0x0080009f        0x2 SimpleTesting.o
                0x0080009f                task_gyro
 *(.rodata)
 *(.rodata*)
 .rodata.str1.1
                0x008000a1        0xc Accelerometer.o
 .rodata.str1.1
                0x008000ad       0x1a Barometer.o
 .rodata.str1.1
                0x008000c7       0x14 ADC_Reading.o
 .rodata.str1.1
                0x008000db       0x39 Gyro.o
 .rodata.Font_Lookup
                0x00800114      0x1c7 OLED_display.o
                0x00800114                Font_Lookup
 .rodata.str1.1
                0x008002db       0x12 ServoControl.o
 .rodata.str1.1
                0x008002ed       0xdb SimpleTesting.o
                                 0xdd (size before relaxing)
 .rodata.str1.1
                0x008003c8        0x3 uart.o
 *(.gnu.linkonce.d*)
                0x008003cc                . = ALIGN (0x2)
 *fill*         0x008003cb        0x1 
                0x008003cc                _edata = .
                0x008003cc                PROVIDE (__data_end, .)

.bss            0x008003cc      0x444
                0x008003cc                PROVIDE (__bss_start, .)
 *(.bss)
 *(.bss*)
 .bss.acc_z_g   0x008003cc        0x2 Accelerometer.o
                0x008003cc                acc_z_g
 .bss.acc_z     0x008003ce        0x2 Accelerometer.o
                0x008003ce                acc_z
 .bss.acc_z_l   0x008003d0        0x1 Accelerometer.o
                0x008003d0                acc_z_l
 .bss.acc_z_h   0x008003d1        0x1 Accelerometer.o
                0x008003d1                acc_z_h
 .bss.acc_y_g   0x008003d2        0x2 Accelerometer.o
                0x008003d2                acc_y_g
 .bss.acc_y     0x008003d4        0x2 Accelerometer.o
                0x008003d4                acc_y
 .bss.acc_y_l   0x008003d6        0x1 Accelerometer.o
                0x008003d6                acc_y_l
 .bss.acc_y_h   0x008003d7        0x1 Accelerometer.o
                0x008003d7                acc_y_h
 .bss.acc_x_g   0x008003d8        0x2 Accelerometer.o
                0x008003d8                acc_x_g
 .bss.acc_x     0x008003da        0x2 Accelerometer.o
                0x008003da                acc_x
 .bss.acc_x_l   0x008003dc        0x1 Accelerometer.o
                0x008003dc                acc_x_l
 .bss.acc_x_h   0x008003dd        0x1 Accelerometer.o
                0x008003dd                acc_x_h
 .bss.baro_previous
                0x008003de        0x2 Barometer.o
                0x008003de                baro_previous
 .bss.baro_p    0x008003e0        0x2 Barometer.o
                0x008003e0                baro_p
 .bss.baro_offset
                0x008003e2        0x2 Barometer.o
                0x008003e2                baro_offset
 .bss.baro_cal_flag
                0x008003e4        0x1 Barometer.o
                0x008003e4                baro_cal_flag
 .bss.baro_p_l  0x008003e5        0x1 Barometer.o
                0x008003e5                baro_p_l
 .bss.baro_p_c  0x008003e6        0x1 Barometer.o
                0x008003e6                baro_p_c
 .bss.baro_p_h  0x008003e7        0x1 Barometer.o
                0x008003e7                baro_p_h
 .bss.speed     0x008003e8        0x4 ADC_Reading.o
                0x008003e8                speed
 .bss.v_raw     0x008003ec        0x2 ADC_Reading.o
                0x008003ec                v_raw
 .bss.cal_complete
                0x008003ee        0x2 Gyro.o
                0x008003ee                cal_complete
 .bss.gyro_r_offset
                0x008003f0        0x2 Gyro.o
                0x008003f0                gyro_r_offset
 .bss.gyro_q_offset
                0x008003f2        0x2 Gyro.o
                0x008003f2                gyro_q_offset
 .bss.gyro_p_offset
                0x008003f4        0x2 Gyro.o
                0x008003f4                gyro_p_offset
 .bss.gyro_z    0x008003f6        0x2 Gyro.o
                0x008003f6                gyro_z
 .bss.gyro_z_l  0x008003f8        0x1 Gyro.o
                0x008003f8                gyro_z_l
 .bss.gyro_z_h  0x008003f9        0x1 Gyro.o
                0x008003f9                gyro_z_h
 .bss.gyro_y    0x008003fa        0x2 Gyro.o
                0x008003fa                gyro_y
 .bss.gyro_y_l  0x008003fc        0x1 Gyro.o
                0x008003fc                gyro_y_l
 .bss.gyro_y_h  0x008003fd        0x1 Gyro.o
                0x008003fd                gyro_y_h
 .bss.gyro_x    0x008003fe        0x2 Gyro.o
                0x008003fe                gyro_x
 .bss.gyro_x_l  0x00800400        0x1 Gyro.o
                0x00800400                gyro_x_l
 .bss.gyro_x_h  0x00800401        0x1 Gyro.o
                0x00800401                gyro_x_h
 .bss.first_pulse
                0x00800402        0x2 ServoControl.o
                0x00800402                first_pulse
 .bss.channel   0x00800404        0x1 ServoControl.o
                0x00800404                channel
 .bss.ctrl      0x00800405        0x1 ServoControl.o
                0x00800405                ctrl
 .bss.ctrl_out_DAMP
                0x00800406       0x1c ServoControl.o
                0x00800406                ctrl_out_DAMP
 .bss.ctrl_out_PID
                0x00800422       0x1c ServoControl.o
                0x00800422                ctrl_out_PID
 .bss.ctrl_in   0x0080043e       0x12 ServoControl.o
                0x0080043e                ctrl_in
 .bss.sample_time
                0x00800450        0x4 SimpleTesting.o
                0x00800450                sample_time
 .bss.comp_count
                0x00800454        0x1 SimpleTesting.o
                0x00800454                comp_count
 .bss.task_flag
                0x00800455        0x1 SimpleTesting.o
                0x00800455                task_flag
 .bss.cal_cnt   0x00800456        0x1 SimpleTesting.o
                0x00800456                cal_cnt
 .bss.send_cnt  0x00800457        0x1 SimpleTesting.o
                0x00800457                send_cnt
 .bss.flash_count
                0x00800458        0x1 SimpleTesting.o
                0x00800458                flash_count
 .bss.lights_commanded
                0x00800459        0x1 SimpleTesting.o
                0x00800459                lights_commanded
 .bss.lights_enabled
                0x0080045a        0x1 SimpleTesting.o
                0x0080045a                lights_enabled
 .bss.GPS_home_set
                0x0080045b        0x1 SimpleTesting.o
                0x0080045b                GPS_home_set
 .bss.GPS_DIS_TO_GOAL
                0x0080045c        0x4 SimpleTesting.o
                0x0080045c                GPS_DIS_TO_GOAL
 .bss.GPS_POS_LAT_SEC
                0x00800460        0x4 SimpleTesting.o
                0x00800460                GPS_POS_LAT_SEC
 .bss.GPS_POS_LAT_MIN
                0x00800464        0x1 SimpleTesting.o
                0x00800464                GPS_POS_LAT_MIN
 .bss.GPS_POS_GOAL_WP
                0x00800465       0x3c SimpleTesting.o
                0x00800465                GPS_POS_GOAL_WP
 .bss.GPS_POS_DIF_Y
                0x008004a1        0x4 SimpleTesting.o
                0x008004a1                GPS_POS_DIF_Y
 .bss.heading_error_sum
                0x008004a5        0x2 SimpleTesting.o
                0x008004a5                heading_error_sum
 .bss.heading_goal
                0x008004a7        0x2 SimpleTesting.o
                0x008004a7                heading_goal
 .bss.heading_GPS
                0x008004a9        0x2 SimpleTesting.o
                0x008004a9                heading_GPS
 .bss.K_1_Phi   0x008004ab        0x4 SimpleTesting.o
                0x008004ab                K_1_Phi
 .bss.P_11_Phi  0x008004af        0x4 SimpleTesting.o
                0x008004af                P_11_Phi
 .bss.p_bias    0x008004b3        0x4 SimpleTesting.o
                0x008004b3                p_bias
 .bss.K_1_Theta
                0x008004b7        0x4 SimpleTesting.o
                0x008004b7                K_1_Theta
 .bss.P_11_Theta
                0x008004bb        0x4 SimpleTesting.o
                0x008004bb                P_11_Theta
 .bss.q_bias    0x008004bf        0x4 SimpleTesting.o
                0x008004bf                q_bias
 .bss.Phi_acc   0x008004c3        0x4 SimpleTesting.o
                0x008004c3                Phi_acc
 .bss.Theta_acc
                0x008004c7        0x4 SimpleTesting.o
                0x008004c7                Theta_acc
 .bss.Phi_error_prev
                0x008004cb        0x4 SimpleTesting.o
                0x008004cb                Phi_error_prev
 .bss.Phi_error_sum
                0x008004cf        0x4 SimpleTesting.o
                0x008004cf                Phi_error_sum
 .bss.Phi_error
                0x008004d3        0x4 SimpleTesting.o
                0x008004d3                Phi_error
 .bss.Phi_hold_0
                0x008004d7        0x4 SimpleTesting.o
                0x008004d7                Phi_hold_0
 .bss.Phi       0x008004db        0x4 SimpleTesting.o
                0x008004db                Phi
 .bss.Theta_error_prev
                0x008004df        0x4 SimpleTesting.o
                0x008004df                Theta_error_prev
 .bss.r_filt    0x008004e3        0x1 SimpleTesting.o
                0x008004e3                r_filt
 .bss.speed_cnt
                0x008004e4        0x1 SimpleTesting.o
                0x008004e4                speed_cnt
 .bss.speed_error_prev
                0x008004e5        0x4 SimpleTesting.o
                0x008004e5                speed_error_prev
 .bss.speed_cal
                0x008004e9        0x4 SimpleTesting.o
                0x008004e9                speed_cal
 .bss.alt_error_prev
                0x008004ed        0x2 SimpleTesting.o
                0x008004ed                alt_error_prev
 .bss.alt_error_sum
                0x008004ef        0x2 SimpleTesting.o
                0x008004ef                alt_error_sum
 .bss.alt_error
                0x008004f1        0x2 SimpleTesting.o
                0x008004f1                alt_error
 .bss.alt_hold_0
                0x008004f3        0x2 SimpleTesting.o
                0x008004f3                alt_hold_0
 .bss.trimmed_rudder
                0x008004f5        0x4 SimpleTesting.o
                0x008004f5                trimmed_rudder
 .bss.trimmed_aileron
                0x008004f9        0x4 SimpleTesting.o
                0x008004f9                trimmed_aileron
 .bss.trimmed_motor
                0x008004fd        0x4 SimpleTesting.o
                0x008004fd                trimmed_motor
 .bss.trimmed_elevator
                0x00800501        0x4 SimpleTesting.o
                0x00800501                trimmed_elevator
 .bss.knob_flag
                0x00800505        0x1 SimpleTesting.o
                0x00800505                knob_flag
 .bss.state_change
                0x00800506        0x1 SimpleTesting.o
                0x00800506                state_change
 .bss.Ctrl_Mode_prev
                0x00800507        0x1 SimpleTesting.o
                0x00800507                Ctrl_Mode_prev
 .bss.Ctrl_Mode
                0x00800508        0x1 SimpleTesting.o
                0x00800508                Ctrl_Mode
 .bss.serial_log
                0x00800509        0x2 SimpleTesting.o
                0x00800509                serial_log
 .bss.task_speed
                0x0080050b        0x2 SimpleTesting.o
                0x0080050b                task_speed
 .bss.task_baro
                0x0080050d        0x2 SimpleTesting.o
                0x0080050d                task_baro
 .bss.GPS_param
                0x0080050f        0x1 uart.o
                0x0080050f                GPS_param
 .bss.UART_READY_FLAG
                0x00800510        0x1 uart.o
                0x00800510                UART_READY_FLAG
 *(COMMON)
 COMMON         0x00800511      0x23e Accelerometer.o
                0x00800511                GPS_RMC
                0x008005c1                GPS_GGA
                0x00800671                uart_reading
                0x00800672                uart_reading_ascii
                0x00800674                GPS_string
                0x00800724                uart_word_reset
                0x00800725                uart_counter
                0x00800727                uart_word
 COMMON         0x0080074f       0x24 OLED_display.o
                0x0080074f                ctrl_in_prev
                0x00800761                ctrl_in_offset
 COMMON         0x00800773       0x9c SimpleTesting.o
                0x00800773                K_0_Theta
                0x00800777                GPS_POS_DIF_X
                0x0080077b                GPS_POS_HOME_X
                0x0080077f                GPS_POS_GOAL_X
                0x00800783                acc_y_filt
                0x00800785                S_Theta
                0x00800789                acc_z_filt
                0x0080078b                speed_raw
                0x0080078d                heading_error
                0x0080078f                speed_filt
                0x00800791                alt_hold
                0x00800793                Phi_hold
                0x00800797                speed_filt_1
                0x00800799                P_00_Phi
                0x0080079d                Theta_error
                0x008007a1                GPS_POS_HOME_Y
                0x008007a5                speed_error
                0x008007a9                P_01_Theta
                0x008007ad                Theta_hold
                0x008007b1                acc_x_filt
                0x008007b3                acc_y_filt_prev
                0x008007b5                heading_error_prev
                0x008007b7                P_10_Theta
                0x008007bb                r_raw
                0x008007bc                GPS_POS_LAT_DEG
                0x008007bd                acc_x_raw
                0x008007bf                Theta_temp
                0x008007c3                GPS_POS_CURRENT_Y
                0x008007c7                speed_filt_4
                0x008007c9                p_raw
                0x008007ca                P_00_Theta
                0x008007ce                acc_z_raw
                0x008007d0                GPS_POS_GOAL_Y
                0x008007d4                q_filt
                0x008007d5                Theta_error_sum
                0x008007d9                altitude_filt
                0x008007db                speed_filt_2
                0x008007dd                GPS_POS_CURRENT_X
                0x008007e1                speed_error_sum
                0x008007e5                altitude_raw
                0x008007e7                S_Phi
                0x008007eb                p_filt
                0x008007ec                Theta
                0x008007f0                P_10_Phi
                0x008007f4                P_01_Phi
                0x008007f8                acc_x_filt_prev
                0x008007fa                acc_y_raw
                0x008007fc                Phi_temp
                0x00800800                heading_hold
                0x00800802                q_raw
                0x00800803                K_0_Phi
                0x00800807                speed_filt_3
                0x00800809                speed_hold
                0x0080080d                heading
 COMMON         0x0080080f        0x1 uart.o
                0x0080080f                GPS_char
                0x00800810                PROVIDE (__bss_end, .)
                0x00003e42                __data_load_start = LOADADDR (.data)
                0x000041ae                __data_load_end = (__data_load_start + SIZEOF (.data))

.noinit         0x00800810        0x0
                0x00800810                PROVIDE (__noinit_start, .)
 *(.noinit*)
                0x00800810                PROVIDE (__noinit_end, .)
                0x00800810                _end = .
                0x00800810                PROVIDE (__heap_start, .)

.eeprom         0x00810000        0x0
 *(.eeprom*)
                0x00810000                __eeprom_end = .

.fuse
 *(.fuse)
 *(.lfuse)
 *(.hfuse)
 *(.efuse)

.lock
 *(.lock*)

.signature
 *(.signature*)

.user_signatures
 *(.user_signatures*)

.stab           0x00000000     0x35dc
 *(.stab)
 .stab          0x00000000      0x6cc c:/program files/atmel/atmel toolchain/avr8 gcc/native/3.4.2.1002/avr8-gnu-toolchain/bin/../lib/gcc/avr/4.7.2/../../../../avr/lib/avr5/crtm32.o
 .stab          0x000006cc       0x78 c:/program files/atmel/atmel toolchain/avr8 gcc/native/3.4.2.1002/avr8-gnu-toolchain/bin/../lib/gcc/avr/4.7.2/../../../../avr/lib/avr5\libm.a(addsf3.o)
                                 0x84 (size before relaxing)
 .stab          0x00000744      0x4bc c:/program files/atmel/atmel toolchain/avr8 gcc/native/3.4.2.1002/avr8-gnu-toolchain/bin/../lib/gcc/avr/4.7.2/../../../../avr/lib/avr5\libm.a(addsf3x.o)
                                0x4c8 (size before relaxing)
 .stab          0x00000c00      0x2f4 c:/program files/atmel/atmel toolchain/avr8 gcc/native/3.4.2.1002/avr8-gnu-toolchain/bin/../lib/gcc/avr/4.7.2/../../../../avr/lib/avr5\libm.a(atan2.o)
                                0x300 (size before relaxing)
 .stab          0x00000ef4      0x210 c:/program files/atmel/atmel toolchain/avr8 gcc/native/3.4.2.1002/avr8-gnu-toolchain/bin/../lib/gcc/avr/4.7.2/../../../../avr/lib/avr5\libm.a(atan.o)
                                0x21c (size before relaxing)
 .stab          0x00001104       0x90 c:/program files/atmel/atmel toolchain/avr8 gcc/native/3.4.2.1002/avr8-gnu-toolchain/bin/../lib/gcc/avr/4.7.2/../../../../avr/lib/avr5\libm.a(cmpsf2.o)
                                 0x9c (size before relaxing)
 .stab          0x00001194       0x54 c:/program files/atmel/atmel toolchain/avr8 gcc/native/3.4.2.1002/avr8-gnu-toolchain/bin/../lib/gcc/avr/4.7.2/../../../../avr/lib/avr5\libm.a(cos.o)
                                 0x60 (size before relaxing)
 .stab          0x000011e8       0x48 c:/program files/atmel/atmel toolchain/avr8 gcc/native/3.4.2.1002/avr8-gnu-toolchain/bin/../lib/gcc/avr/4.7.2/../../../../avr/lib/avr5\libm.a(divsf3.o)
                                 0x54 (size before relaxing)
 .stab          0x00001230      0x510 c:/program files/atmel/atmel toolchain/avr8 gcc/native/3.4.2.1002/avr8-gnu-toolchain/bin/../lib/gcc/avr/4.7.2/../../../../avr/lib/avr5\libm.a(divsf3x.o)
                                0x51c (size before relaxing)
 .stab          0x00001740       0x6c c:/program files/atmel/atmel toolchain/avr8 gcc/native/3.4.2.1002/avr8-gnu-toolchain/bin/../lib/gcc/avr/4.7.2/../../../../avr/lib/avr5\libm.a(fixsfsi.o)
                                 0x78 (size before relaxing)
 .stab          0x000017ac      0x240 c:/program files/atmel/atmel toolchain/avr8 gcc/native/3.4.2.1002/avr8-gnu-toolchain/bin/../lib/gcc/avr/4.7.2/../../../../avr/lib/avr5\libm.a(fixunssfsi.o)
                                0x24c (size before relaxing)
 .stab          0x000019ec      0x318 c:/program files/atmel/atmel toolchain/avr8 gcc/native/3.4.2.1002/avr8-gnu-toolchain/bin/../lib/gcc/avr/4.7.2/../../../../avr/lib/avr5\libm.a(floatsisf.o)
                                0x324 (size before relaxing)
 .stab          0x00001d04      0x1e0 c:/program files/atmel/atmel toolchain/avr8 gcc/native/3.4.2.1002/avr8-gnu-toolchain/bin/../lib/gcc/avr/4.7.2/../../../../avr/lib/avr5\libm.a(fp_cmp.o)
                                0x1ec (size before relaxing)
 .stab          0x00001ee4       0x78 c:/program files/atmel/atmel toolchain/avr8 gcc/native/3.4.2.1002/avr8-gnu-toolchain/bin/../lib/gcc/avr/4.7.2/../../../../avr/lib/avr5\libm.a(fp_inf.o)
                                 0x84 (size before relaxing)
 .stab          0x00001f5c       0x54 c:/program files/atmel/atmel toolchain/avr8 gcc/native/3.4.2.1002/avr8-gnu-toolchain/bin/../lib/gcc/avr/4.7.2/../../../../avr/lib/avr5\libm.a(fp_nan.o)
                                 0x60 (size before relaxing)
 .stab          0x00001fb0      0x1ec c:/program files/atmel/atmel toolchain/avr8 gcc/native/3.4.2.1002/avr8-gnu-toolchain/bin/../lib/gcc/avr/4.7.2/../../../../avr/lib/avr5\libm.a(fp_powser.o)
                                0x1f8 (size before relaxing)
 .stab          0x0000219c       0x84 c:/program files/atmel/atmel toolchain/avr8 gcc/native/3.4.2.1002/avr8-gnu-toolchain/bin/../lib/gcc/avr/4.7.2/../../../../avr/lib/avr5\libm.a(fp_pscA.o)
                                 0x90 (size before relaxing)
 .stab          0x00002220       0x84 c:/program files/atmel/atmel toolchain/avr8 gcc/native/3.4.2.1002/avr8-gnu-toolchain/bin/../lib/gcc/avr/4.7.2/../../../../avr/lib/avr5\libm.a(fp_pscB.o)
                                 0x90 (size before relaxing)
 .stab          0x000022a4      0x21c c:/program files/atmel/atmel toolchain/avr8 gcc/native/3.4.2.1002/avr8-gnu-toolchain/bin/../lib/gcc/avr/4.7.2/../../../../avr/lib/avr5\libm.a(fp_rempio2.o)
                                0x228 (size before relaxing)
 .stab          0x000024c0       0xfc c:/program files/atmel/atmel toolchain/avr8 gcc/native/3.4.2.1002/avr8-gnu-toolchain/bin/../lib/gcc/avr/4.7.2/../../../../avr/lib/avr5\libm.a(fp_round.o)
                                0x108 (size before relaxing)
 .stab          0x000025bc       0xfc c:/program files/atmel/atmel toolchain/avr8 gcc/native/3.4.2.1002/avr8-gnu-toolchain/bin/../lib/gcc/avr/4.7.2/../../../../avr/lib/avr5\libm.a(fp_sinus.o)
                                0x108 (size before relaxing)
 .stab          0x000026b8      0x1d4 c:/program files/atmel/atmel toolchain/avr8 gcc/native/3.4.2.1002/avr8-gnu-toolchain/bin/../lib/gcc/avr/4.7.2/../../../../avr/lib/avr5\libm.a(fp_split3.o)
                                0x1e0 (size before relaxing)
 .stab          0x0000288c       0x90 c:/program files/atmel/atmel toolchain/avr8 gcc/native/3.4.2.1002/avr8-gnu-toolchain/bin/../lib/gcc/avr/4.7.2/../../../../avr/lib/avr5\libm.a(fp_zero.o)
                                 0x9c (size before relaxing)
 .stab          0x0000291c       0x6c c:/program files/atmel/atmel toolchain/avr8 gcc/native/3.4.2.1002/avr8-gnu-toolchain/bin/../lib/gcc/avr/4.7.2/../../../../avr/lib/avr5\libm.a(gesf2.o)
                                 0x78 (size before relaxing)
 .stab          0x00002988       0x84 c:/program files/atmel/atmel toolchain/avr8 gcc/native/3.4.2.1002/avr8-gnu-toolchain/bin/../lib/gcc/avr/4.7.2/../../../../avr/lib/avr5\libm.a(inverse.o)
                                 0x90 (size before relaxing)
 .stab          0x00002a0c       0x48 c:/program files/atmel/atmel toolchain/avr8 gcc/native/3.4.2.1002/avr8-gnu-toolchain/bin/../lib/gcc/avr/4.7.2/../../../../avr/lib/avr5\libm.a(mulsf3.o)
                                 0x54 (size before relaxing)
 .stab          0x00002a54      0x4d4 c:/program files/atmel/atmel toolchain/avr8 gcc/native/3.4.2.1002/avr8-gnu-toolchain/bin/../lib/gcc/avr/4.7.2/../../../../avr/lib/avr5\libm.a(mulsf3x.o)
                                0x4e0 (size before relaxing)
 .stab          0x00002f28       0x78 c:/program files/atmel/atmel toolchain/avr8 gcc/native/3.4.2.1002/avr8-gnu-toolchain/bin/../lib/gcc/avr/4.7.2/../../../../avr/lib/avr5\libm.a(sin.o)
                                 0x84 (size before relaxing)
 .stab          0x00002fa0       0x54 c:/program files/atmel/atmel toolchain/avr8 gcc/native/3.4.2.1002/avr8-gnu-toolchain/bin/../lib/gcc/avr/4.7.2/../../../../avr/lib/avr5\libm.a(square.o)
                                 0x60 (size before relaxing)
 .stab          0x00002ff4       0xe4 c:/program files/atmel/atmel toolchain/avr8 gcc/native/3.4.2.1002/avr8-gnu-toolchain/bin/../lib/gcc/avr/4.7.2/../../../../avr/lib/avr5\libm.a(fp_mpack.o)
                                 0xf0 (size before relaxing)
 .stab          0x000030d8       0xfc c:/program files/atmel/atmel toolchain/avr8 gcc/native/3.4.2.1002/avr8-gnu-toolchain/bin/../lib/gcc/avr/4.7.2/../../../../avr/lib/avr5\libm.a(fp_powsodd.o)
                                0x108 (size before relaxing)
 .stab          0x000031d4       0x84 c:/program files/atmel/atmel toolchain/avr8 gcc/native/3.4.2.1002/avr8-gnu-toolchain/bin/../lib/gcc/avr/4.7.2/../../../../avr/lib/avr5\libc.a(strcmp.o)
                                 0x90 (size before relaxing)
 .stab          0x00003258       0x18 c:/program files/atmel/atmel toolchain/avr8 gcc/native/3.4.2.1002/avr8-gnu-toolchain/bin/../lib/gcc/avr/4.7.2/../../../../avr/lib/avr5\libc.a(itoa.o)
                                0x1bc (size before relaxing)
 .stab          0x00003270      0x294 c:/program files/atmel/atmel toolchain/avr8 gcc/native/3.4.2.1002/avr8-gnu-toolchain/bin/../lib/gcc/avr/4.7.2/../../../../avr/lib/avr5\libc.a(ltoa.o)
                                0x2a0 (size before relaxing)
 .stab          0x00003504       0xd8 c:/program files/atmel/atmel toolchain/avr8 gcc/native/3.4.2.1002/avr8-gnu-toolchain/bin/../lib/gcc/avr/4.7.2/../../../../avr/lib/avr5\libc.a(strrev.o)
                                 0xe4 (size before relaxing)

.stabstr        0x00000000     0x1002
 *(.stabstr)
 .stabstr       0x00000000     0x1002 c:/program files/atmel/atmel toolchain/avr8 gcc/native/3.4.2.1002/avr8-gnu-toolchain/bin/../lib/gcc/avr/4.7.2/../../../../avr/lib/avr5/crtm32.o

.stab.excl
 *(.stab.excl)

.stab.exclstr
 *(.stab.exclstr)

.stab.index
 *(.stab.index)

.stab.indexstr
 *(.stab.indexstr)

.comment        0x00000000       0x2f
 *(.comment)
 .comment       0x00000000       0x2f Accelerometer.o
                                 0x30 (size before relaxing)
 .comment       0x00000000       0x30 Barometer.o
 .comment       0x00000000       0x30 ADC_Reading.o
 .comment       0x00000000       0x30 Gyro.o
 .comment       0x00000000       0x30 OLED_display.o
 .comment       0x00000000       0x30 Magnetometer.o
 .comment       0x00000000       0x30 port.o
 .comment       0x00000000       0x30 ServoControl.o
 .comment       0x00000000       0x30 SimpleTesting.o
 .comment       0x00000000       0x30 uart.o

.debug
 *(.debug)

.line
 *(.line)

.debug_srcinfo
 *(.debug_srcinfo)

.debug_sfnames
 *(.debug_sfnames)

.debug_aranges  0x00000000      0x318
 *(.debug_aranges)
 .debug_aranges
                0x00000000       0x30 Accelerometer.o
 .debug_aranges
                0x00000030       0x38 Barometer.o
 .debug_aranges
                0x00000068       0x40 ADC_Reading.o
 .debug_aranges
                0x000000a8       0x48 Gyro.o
 .debug_aranges
                0x000000f0       0x68 OLED_display.o
 .debug_aranges
                0x00000158       0x30 Magnetometer.o
 .debug_aranges
                0x00000188       0x80 port.o
 .debug_aranges
                0x00000208       0x38 ServoControl.o
 .debug_aranges
                0x00000240       0x48 SimpleTesting.o
 .debug_aranges
                0x00000288       0x90 uart.o

.debug_pubnames
 *(.debug_pubnames)

.debug_info     0x00000000     0x533a
 *(.debug_info)
 .debug_info    0x00000000      0x5d9 Accelerometer.o
 .debug_info    0x000005d9      0x748 Barometer.o
 .debug_info    0x00000d21      0x443 ADC_Reading.o
 .debug_info    0x00001164      0xa75 Gyro.o
 .debug_info    0x00001bd9      0x98b OLED_display.o
 .debug_info    0x00002564      0x667 Magnetometer.o
 .debug_info    0x00002bcb      0x27a port.o
 .debug_info    0x00002e45      0x2a4 ServoControl.o
 .debug_info    0x000030e9     0x1aaf SimpleTesting.o
 .debug_info    0x00004b98      0x7a2 uart.o
 *(.gnu.linkonce.wi.*)

.debug_abbrev   0x00000000      0xfc8
 *(.debug_abbrev)
 .debug_abbrev  0x00000000      0x158 Accelerometer.o
 .debug_abbrev  0x00000158      0x14c Barometer.o
 .debug_abbrev  0x000002a4      0x1a6 ADC_Reading.o
 .debug_abbrev  0x0000044a      0x1f7 Gyro.o
 .debug_abbrev  0x00000641      0x1ff OLED_display.o
 .debug_abbrev  0x00000840      0x149 Magnetometer.o
 .debug_abbrev  0x00000989      0x103 port.o
 .debug_abbrev  0x00000a8c       0xe9 ServoControl.o
 .debug_abbrev  0x00000b75      0x2d1 SimpleTesting.o
 .debug_abbrev  0x00000e46      0x182 uart.o

.debug_line     0x00000000     0x14d3
 *(.debug_line)
 .debug_line    0x00000000      0x132 Accelerometer.o
 .debug_line    0x00000132      0x153 Barometer.o
 .debug_line    0x00000285      0x208 ADC_Reading.o
 .debug_line    0x0000048d      0x219 Gyro.o
 .debug_line    0x000006a6      0x286 OLED_display.o
 .debug_line    0x0000092c      0x12d Magnetometer.o
 .debug_line    0x00000a59      0x1f8 port.o
 .debug_line    0x00000c51      0x166 ServoControl.o
 .debug_line    0x00000db7      0x50f SimpleTesting.o
 .debug_line    0x000012c6      0x20d uart.o

.debug_frame    0x00000000      0x7d4
 *(.debug_frame)
 .debug_frame   0x00000000       0x64 Accelerometer.o
 .debug_frame   0x00000064       0x68 Barometer.o
 .debug_frame   0x000000cc       0x70 ADC_Reading.o
 .debug_frame   0x0000013c       0xe0 Gyro.o
 .debug_frame   0x0000021c      0x114 OLED_display.o
 .debug_frame   0x00000330       0xb0 Magnetometer.o
 .debug_frame   0x000003e0       0xf4 port.o
 .debug_frame   0x000004d4       0xc0 ServoControl.o
 .debug_frame   0x00000594       0xa0 SimpleTesting.o
 .debug_frame   0x00000634      0x1a0 uart.o

.debug_str      0x00000000     0x1253
 *(.debug_str)
 .debug_str     0x00000000      0x25d Accelerometer.o
                                0x2b3 (size before relaxing)
 .debug_str     0x0000025d       0xe9 Barometer.o
                                0x2f0 (size before relaxing)
 .debug_str     0x00000346       0xef ADC_Reading.o
                                0x273 (size before relaxing)
 .debug_str     0x00000435      0x142 Gyro.o
                                0x3c9 (size before relaxing)
 .debug_str     0x00000577      0x163 OLED_display.o
                                0x31c (size before relaxing)
 .debug_str     0x000006da       0xe3 Magnetometer.o
                                0x2ef (size before relaxing)
 .debug_str     0x000007bd       0x39 port.o
                                0x1c7 (size before relaxing)
 .debug_str     0x000007f6       0x76 ServoControl.o
                                0x1f6 (size before relaxing)
 .debug_str     0x0000086c      0x930 SimpleTesting.o
                                0xcd2 (size before relaxing)
 .debug_str     0x0000119c       0xb7 uart.o
                                0x25d (size before relaxing)

.debug_loc      0x00000000     0x1482
 *(.debug_loc)
 .debug_loc     0x00000000      0x1e8 Accelerometer.o
 .debug_loc     0x000001e8       0xd3 Barometer.o
 .debug_loc     0x000002bb       0x50 ADC_Reading.o
 .debug_loc     0x0000030b      0x363 Gyro.o
 .debug_loc     0x0000066e      0x2d8 OLED_display.o
 .debug_loc     0x00000946      0x226 Magnetometer.o
 .debug_loc     0x00000b6c      0x131 port.o
 .debug_loc     0x00000c9d      0x150 ServoControl.o
 .debug_loc     0x00000ded      0x1d1 SimpleTesting.o
 .debug_loc     0x00000fbe      0x4c4 uart.o

.debug_macinfo
 *(.debug_macinfo)

.debug_pubtypes
 *(.debug_pubtypes)

.debug_ranges   0x00000000      0x278
 *(.debug_ranges)
 .debug_ranges  0x00000000       0x20 Accelerometer.o
 .debug_ranges  0x00000020       0x28 Barometer.o
 .debug_ranges  0x00000048       0x30 ADC_Reading.o
 .debug_ranges  0x00000078       0x38 Gyro.o
 .debug_ranges  0x000000b0       0x58 OLED_display.o
 .debug_ranges  0x00000108       0x20 Magnetometer.o
 .debug_ranges  0x00000128       0x70 port.o
 .debug_ranges  0x00000198       0x28 ServoControl.o
 .debug_ranges  0x000001c0       0x38 SimpleTesting.o
 .debug_ranges  0x000001f8       0x80 uart.o

.debug_macro
 *(.debug_macro)
OUTPUT(SimpleTesting.elf elf32-avr)
LOAD linker stubs
