Archive member included because of file (symbol)

c:/program files/atmel/atmel toolchain/avr8 gcc/native/3.4.2.1002/avr8-gnu-toolchain/bin/../lib/gcc/avr/4.7.2/../../../../avr/lib/avr5\libm.a(addsf3.o)
                              SimpleTesting.o (__subsf3)
c:/program files/atmel/atmel toolchain/avr8 gcc/native/3.4.2.1002/avr8-gnu-toolchain/bin/../lib/gcc/avr/4.7.2/../../../../avr/lib/avr5\libm.a(addsf3x.o)
                              c:/program files/atmel/atmel toolchain/avr8 gcc/native/3.4.2.1002/avr8-gnu-toolchain/bin/../lib/gcc/avr/4.7.2/../../../../avr/lib/avr5\libm.a(addsf3.o) (__addsf3x)
c:/program files/atmel/atmel toolchain/avr8 gcc/native/3.4.2.1002/avr8-gnu-toolchain/bin/../lib/gcc/avr/4.7.2/../../../../avr/lib/avr5\libm.a(atan2.o)
                              Magnetometer.o (atan2)
c:/program files/atmel/atmel toolchain/avr8 gcc/native/3.4.2.1002/avr8-gnu-toolchain/bin/../lib/gcc/avr/4.7.2/../../../../avr/lib/avr5\libm.a(atan.o)
                              c:/program files/atmel/atmel toolchain/avr8 gcc/native/3.4.2.1002/avr8-gnu-toolchain/bin/../lib/gcc/avr/4.7.2/../../../../avr/lib/avr5\libm.a(atan2.o) (atan)
c:/program files/atmel/atmel toolchain/avr8 gcc/native/3.4.2.1002/avr8-gnu-toolchain/bin/../lib/gcc/avr/4.7.2/../../../../avr/lib/avr5\libm.a(cmpsf2.o)
                              SimpleTesting.o (__ltsf2)
c:/program files/atmel/atmel toolchain/avr8 gcc/native/3.4.2.1002/avr8-gnu-toolchain/bin/../lib/gcc/avr/4.7.2/../../../../avr/lib/avr5\libm.a(cos.o)
                              Magnetometer.o (cos)
c:/program files/atmel/atmel toolchain/avr8 gcc/native/3.4.2.1002/avr8-gnu-toolchain/bin/../lib/gcc/avr/4.7.2/../../../../avr/lib/avr5\libm.a(divsf3.o)
                              Magnetometer.o (__divsf3)
c:/program files/atmel/atmel toolchain/avr8 gcc/native/3.4.2.1002/avr8-gnu-toolchain/bin/../lib/gcc/avr/4.7.2/../../../../avr/lib/avr5\libm.a(divsf3x.o)
                              c:/program files/atmel/atmel toolchain/avr8 gcc/native/3.4.2.1002/avr8-gnu-toolchain/bin/../lib/gcc/avr/4.7.2/../../../../avr/lib/avr5\libm.a(divsf3.o) (__divsf3x)
c:/program files/atmel/atmel toolchain/avr8 gcc/native/3.4.2.1002/avr8-gnu-toolchain/bin/../lib/gcc/avr/4.7.2/../../../../avr/lib/avr5\libm.a(fixsfsi.o)
                              Gyro.o (__fixsfsi)
c:/program files/atmel/atmel toolchain/avr8 gcc/native/3.4.2.1002/avr8-gnu-toolchain/bin/../lib/gcc/avr/4.7.2/../../../../avr/lib/avr5\libm.a(fixunssfsi.o)
                              c:/program files/atmel/atmel toolchain/avr8 gcc/native/3.4.2.1002/avr8-gnu-toolchain/bin/../lib/gcc/avr/4.7.2/../../../../avr/lib/avr5\libm.a(fixsfsi.o) (__fixunssfsi)
c:/program files/atmel/atmel toolchain/avr8 gcc/native/3.4.2.1002/avr8-gnu-toolchain/bin/../lib/gcc/avr/4.7.2/../../../../avr/lib/avr5\libm.a(floatsisf.o)
                              Gyro.o (__floatsisf)
c:/program files/atmel/atmel toolchain/avr8 gcc/native/3.4.2.1002/avr8-gnu-toolchain/bin/../lib/gcc/avr/4.7.2/../../../../avr/lib/avr5\libm.a(fp_cmp.o)
                              c:/program files/atmel/atmel toolchain/avr8 gcc/native/3.4.2.1002/avr8-gnu-toolchain/bin/../lib/gcc/avr/4.7.2/../../../../avr/lib/avr5\libm.a(cmpsf2.o) (__fp_cmp)
c:/program files/atmel/atmel toolchain/avr8 gcc/native/3.4.2.1002/avr8-gnu-toolchain/bin/../lib/gcc/avr/4.7.2/../../../../avr/lib/avr5\libm.a(fp_inf.o)
                              c:/program files/atmel/atmel toolchain/avr8 gcc/native/3.4.2.1002/avr8-gnu-toolchain/bin/../lib/gcc/avr/4.7.2/../../../../avr/lib/avr5\libm.a(addsf3x.o) (__fp_inf)
c:/program files/atmel/atmel toolchain/avr8 gcc/native/3.4.2.1002/avr8-gnu-toolchain/bin/../lib/gcc/avr/4.7.2/../../../../avr/lib/avr5\libm.a(fp_nan.o)
                              c:/program files/atmel/atmel toolchain/avr8 gcc/native/3.4.2.1002/avr8-gnu-toolchain/bin/../lib/gcc/avr/4.7.2/../../../../avr/lib/avr5\libm.a(addsf3x.o) (__fp_nan)
c:/program files/atmel/atmel toolchain/avr8 gcc/native/3.4.2.1002/avr8-gnu-toolchain/bin/../lib/gcc/avr/4.7.2/../../../../avr/lib/avr5\libm.a(fp_powser.o)
                              c:/program files/atmel/atmel toolchain/avr8 gcc/native/3.4.2.1002/avr8-gnu-toolchain/bin/../lib/gcc/avr/4.7.2/../../../../avr/lib/avr5\libm.a(atan.o) (__fp_powser)
c:/program files/atmel/atmel toolchain/avr8 gcc/native/3.4.2.1002/avr8-gnu-toolchain/bin/../lib/gcc/avr/4.7.2/../../../../avr/lib/avr5\libm.a(fp_pscA.o)
                              c:/program files/atmel/atmel toolchain/avr8 gcc/native/3.4.2.1002/avr8-gnu-toolchain/bin/../lib/gcc/avr/4.7.2/../../../../avr/lib/avr5\libm.a(addsf3x.o) (__fp_pscA)
c:/program files/atmel/atmel toolchain/avr8 gcc/native/3.4.2.1002/avr8-gnu-toolchain/bin/../lib/gcc/avr/4.7.2/../../../../avr/lib/avr5\libm.a(fp_pscB.o)
                              c:/program files/atmel/atmel toolchain/avr8 gcc/native/3.4.2.1002/avr8-gnu-toolchain/bin/../lib/gcc/avr/4.7.2/../../../../avr/lib/avr5\libm.a(addsf3x.o) (__fp_pscB)
[...]
Memory Configuration

Name             Origin             Length             Attributes
text             0x00000000         0x00020000         xr
data             0x00800060         0x0000ffa0         rw !x
eeprom           0x00810000         0x00010000         rw !x
fuse             0x00820000         0x00000400         rw !x
lock             0x00830000         0x00000400         rw !x
signature        0x00840000         0x00000400         rw !x
user_signatures  0x00850000         0x00000400         rw !x
*default*        0x00000000         0xffffffff

Linker script and memory map

LOAD c:/program files/atmel/atmel toolchain/avr8 gcc/native/3.4.2.1002/avr8-gnu-toolchain/bin/../lib/gcc/avr/4.7.2/../../../../avr/lib/avr5/crtm32.o
LOAD Accelerometer.o
LOAD Barometer.o
LOAD ADC_Reading.o
LOAD Gyro.o
LOAD OLED_display.o
LOAD Magnetometer.o
LOAD port.o
LOAD ServoControl.o
LOAD SimpleTesting.o
LOAD uart.o
START GROUP
LOAD c:/program files/atmel/atmel toolchain/avr8 gcc/native/3.4.2.1002/avr8-gnu-toolchain/bin/../lib/gcc/avr/4.7.2/../../../../avr/lib/avr5\libm.a
END GROUP
LOAD c:/program files/atmel/atmel toolchain/avr8 gcc/native/3.4.2.1002/avr8-gnu-toolchain/bin/../lib/gcc/avr/4.7.2/avr5\libgcc.a
LOAD c:/program files/atmel/atmel toolchain/avr8 gcc/native/3.4.2.1002/avr8-gnu-toolchain/bin/../lib/gcc/avr/4.7.2/../../../../avr/lib/avr5\libc.a
LOAD c:/program files/atmel/atmel toolchain/avr8 gcc/native/3.4.2.1002/avr8-gnu-toolchain/bin/../lib/gcc/avr/4.7.2/avr5\libgcc.a

.hash
 *(.hash)

.dynsym
 *(.dynsym)

.dynstr
 *(.dynstr)

.gnu.version
 *(.gnu.version)

.gnu.version_d
 *(.gnu.version_d)

.gnu.version_r
 *(.gnu.version_r)

.rel.init
 *(.rel.init)

.rela.init
 *(.rela.init)

.rel.text
 *(.rel.text)
 *(.rel.text.*)
 *(.rel.gnu.linkonce.t*)

.rela.text
 *(.rela.text)
 *(.rela.text.*)
 *(.rela.gnu.linkonce.t*)

.rel.fini
 *(.rel.fini)

.rela.fini
 *(.rela.fini)

.rel.rodata
 *(.rel.rodata)
 *(.rel.rodata.*)
 *(.rel.gnu.linkonce.r*)

.rela.rodata
 *(.rela.rodata)
 *(.rela.rodata.*)
 *(.rela.gnu.linkonce.r*)

.rel.data
 *(.rel.data)
 *(.rel.data.*)
 *(.rel.gnu.linkonce.d*)

.rela.data
 *(.rela.data)
 *(.rela.data.*)
 *(.rela.gnu.linkonce.d*)

.rel.ctors
 *(.rel.ctors)

.rela.ctors
 *(.rela.ctors)

.rel.dtors
 *(.rel.dtors)

.rela.dtors
 *(.rela.dtors)

.rel.got
 *(.rel.got)

.rela.got
 *(.rela.got)

.rel.bss
 *(.rel.bss)

.rela.bss
 *(.rela.bss)

.rel.plt
 *(.rel.plt)

.rela.plt
 *(.rela.plt)

.text           0x00000000     0x4076
 *(.vectors)
 .vectors       0x00000000       0x54 c:/program files/atmel/atmel toolchain/avr8 gcc/native/3.4.2.1002/avr8-gnu-toolchain/bin/../lib/gcc/avr/4.7.2/../../../../avr/lib/avr5/crtm32.o
                0x00000000                __vector_default
                0x00000000                __vectors
 *(.vectors)
 *(.progmem.gcc*)
 .progmem.gcc_fplib
                0x00000054       0x2d c:/program files/atmel/atmel toolchain/avr8 gcc/native/3.4.2.1002/avr8-gnu-toolchain/bin/../lib/gcc/avr/4.7.2/../../../../avr/lib/avr5\libm.a(atan.o)
 .progmem.gcc_fplib
                0x00000081       0x1e c:/program files/atmel/atmel toolchain/avr8 gcc/native/3.4.2.1002/avr8-gnu-toolchain/bin/../lib/gcc/avr/4.7.2/../../../../avr/lib/avr5\libm.a(fp_sinus.o)
 *(.progmem*)
                0x000000a0                . = ALIGN (0x2)
 *fill*         0x0000009f        0x1 
                0x000000a0                __trampolines_start = .
 *(.trampolines)
 .trampolines   0x000000a0        0x0 linker stubs
 *(.trampolines*)
                0x000000a0                __trampolines_end = .
 *(.jumptables)
 *(.jumptables*)
 *(.lowtext)
 *(.lowtext*)
                0x000000a0                __ctors_start = .
 *(.ctors)
                0x000000a0                __ctors_end = .
                0x000000a0                __dtors_start = .
 *(.dtors)
                0x000000a0                __dtors_end = .
 SORT(*)(.ctors)
 SORT(*)(.dtors)
 *(.init0)
 .init0         0x000000a0        0x0 c:/program files/atmel/atmel toolchain/avr8 gcc/native/3.4.2.1002/avr8-gnu-toolchain/bin/../lib/gcc/avr/4.7.2/../../../../avr/lib/avr5/crtm32.o
                0x000000a0                __init
 *(.init0)
 *(.init1)
 *(.init1)
 *(.init2)
 .init2         0x000000a0        0xc c:/program files/atmel/atmel toolchain/avr8 gcc/native/3.4.2.1002/avr8-gnu-toolchain/bin/../lib/gcc/avr/4.7.2/../../../../avr/lib/avr5/crtm32.o
 *(.init2)
 *(.init3)
 *(.init3)
 *(.init4)
 .init4         0x000000ac       0x16 c:/program files/atmel/atmel toolchain/avr8 gcc/native/3.4.2.1002/avr8-gnu-toolchain/bin/../lib/gcc/avr/4.7.2/avr5\libgcc.a(_copy_data.o)
                0x000000ac                __do_copy_data
 .init4         0x000000c2       0x10 c:/program files/atmel/atmel toolchain/avr8 gcc/native/3.4.2.1002/avr8-gnu-toolchain/bin/../lib/gcc/avr/4.7.2/avr5\libgcc.a(_clear_bss.o)
                0x000000c2                __do_clear_bss
 *(.init4)
 *(.init5)
 *(.init5)
 *(.init6)
 *(.init6)
 *(.init7)
 *(.init7)
 *(.init8)
 *(.init8)
 *(.init9)
 .init9         0x000000d2        0x8 c:/program files/atmel/atmel toolchain/avr8 gcc/native/3.4.2.1002/avr8-gnu-toolchain/bin/../lib/gcc/avr/4.7.2/../../../../avr/lib/avr5/crtm32.o
 *(.init9)
 *(.text)
 .text          0x000000da        0x4 c:/program files/atmel/atmel toolchain/avr8 gcc/native/3.4.2.1002/avr8-gnu-toolchain/bin/../lib/gcc/avr/4.7.2/../../../../avr/lib/avr5/crtm32.o
                0x000000da                __vector_12
                0x000000da                __bad_interrupt
                0x000000da                __vector_6
                0x000000da                __vector_3
                0x000000da                __vector_11
                0x000000da                __vector_17
                0x000000da                __vector_19
                0x000000da                __vector_4
                0x000000da                __vector_9
                0x000000da                __vector_2
                0x000000da                __vector_15
                0x000000da                __vector_8
                0x000000da                __vector_14
                0x000000da                __vector_16
                0x000000da                __vector_18
                0x000000da                __vector_20
                0x000000de                . = ALIGN (0x2)
 *(.text.*)
 .text.write_acc_registry
                0x000000de       0x2e Accelerometer.o
                0x000000de                write_acc_registry
 .text.acc_start
                0x0000010c       0x1a Accelerometer.o
                0x0000010c                acc_start
 .text.acc_reading
                0x00000126      0x142 Accelerometer.o
                0x00000126                acc_reading
 .text.write_baro_registry
                0x00000268       0x2e Barometer.o
                0x00000268                write_baro_registry
 .text.baro_start
                0x00000296       0x32 Barometer.o
                0x00000296                baro_start
 .text.baro_read
                0x000002c8      0x11c Barometer.o
                0x000002c8                baro_read
 .text.baro_calibration
                0x000003e4       0x2a Barometer.o
                0x000003e4                baro_calibration
 .text.ADC_start
                0x0000040e       0x14 ADC_Reading.o
                0x0000040e                ADC_start
 .text.ADC_read_speed
                0x00000422       0x2e ADC_Reading.o
                0x00000422                ADC_read_speed
 .text.write_gyro_registry
                0x00000450       0x2e Gyro.o
                0x00000450                write_gyro_registry
 .text.gyro_start
                0x0000047e       0x22 Gyro.o
                0x0000047e                gyro_start
 .text.gyro_read
                0x000004a0      0x1ac Gyro.o
                0x000004a0                gyro_read
 .text.gyro_calibration
                0x0000064c      0x162 Gyro.o
                0x0000064c                gyro_calibration
 .text.write_mag_registry
                0x000007ae       0x2e Magnetometer.o
                0x000007ae                write_mag_registry
 .text.mag_start
                0x000007dc       0x12 Magnetometer.o
                0x000007dc                mag_start
 .text.mag_read
                0x000007ee      0x29a Magnetometer.o
                0x000007ee                mag_read
 .text.i2c_initialize
                0x00000a88        0xc port.o
                0x00000a88                i2c_initialize
 .text.i2c_start
                0x00000a94       0x14 port.o
                0x00000a94                i2c_start
 .text.i2c_repeated_start
                0x00000aa8        0xc port.o
                0x00000aa8                i2c_repeated_start
 .text.i2c_send_address_read
                0x00000ab4       0x18 port.o
                0x00000ab4                i2c_send_address_read
 .text.i2c_send_address_write
                0x00000acc       0x16 port.o
                0x00000acc                i2c_send_address_write
 .text.i2c_send_registry
                0x00000ae2       0x16 port.o
                0x00000ae2                i2c_send_registry
 .text.i2c_send_data
                0x00000af8       0x16 port.o
                0x00000af8                i2c_send_data
 .text.i2c_read_data_nmak
                0x00000b0e       0x10 port.o
                0x00000b0e                i2c_read_data_nmak
 .text.i2c_read_data_mak
                0x00000b1e       0x10 port.o
                0x00000b1e                i2c_read_data_mak
 .text.i2c_stop
                0x00000b2e        0xe port.o
                0x00000b2e                i2c_stop
 .text.servo_init
                0x00000b3c       0x3e ServoControl.o
                0x00000b3c                servo_init
 .text.__vector_7
                0x00000b7a      0x2a0 ServoControl.o
                0x00000b7a                __vector_7
 .text.__vector_1
                0x00000e1a       0x5e ServoControl.o
                0x00000e1a                __vector_1
 .text.__vector_5
                0x00000e78       0x2c ServoControl.o
                0x00000e78                __vector_5
 .text.Task_Timer
                0x00000ea4       0x2a SimpleTesting.o
                0x00000ea4                Task_Timer
 .text.__vector_10
                0x00000ece       0x30 SimpleTesting.o
                0x00000ece                __vector_10
 .text.WDT_on   0x00000efe        0x8 SimpleTesting.o
                0x00000efe                WDT_on
 .text.atol_new
                0x00000f06       0x88 SimpleTesting.o
                0x00000f06                atol_new
 .text.main     0x00000f8e     0x2738 SimpleTesting.o
                0x00000f8e                main
 .text.init_uart
                0x000036c6       0x1a uart.o
                0x000036c6                init_uart
 .text.__vector_13
                0x000036e0       0xe4 uart.o
                0x000036e0                __vector_13
 .text.write_char
                0x000037c4        0x8 uart.o
                0x000037c4                write_char
 .text.write_string
                0x000037cc       0x20 uart.o
                0x000037cc                write_string
 .text.write_string_ln
                0x000037ec       0x28 uart.o
                0x000037ec                write_string_ln
 .text.write_var
                0x00003814       0x3c uart.o
                0x00003814                write_var
 .text.write_var_ln
                0x00003850       0x44 uart.o
                0x00003850                write_var_ln
 .text.avr-libc.fplib
                0x00003894        0xa c:/program files/atmel/atmel toolchain/avr8 gcc/native/3.4.2.1002/avr8-gnu-toolchain/bin/../lib/gcc/avr/4.7.2/../../../../avr/lib/avr5\libm.a(addsf3.o)
                0x00003894                __subsf3
                0x00003896                __addsf3
 .text.avr-libc.fplib
                0x0000389e       0xc0 c:/program files/atmel/atmel toolchain/avr8 gcc/native/3.4.2.1002/avr8-gnu-toolchain/bin/../lib/gcc/avr/4.7.2/../../../../avr/lib/avr5\libm.a(addsf3x.o)
                0x000038b8                __addsf3x
 .text.avr-libc.fplib
                0x0000395e       0x74 c:/program files/atmel/atmel toolchain/avr8 gcc/native/3.4.2.1002/avr8-gnu-toolchain/bin/../lib/gcc/avr/4.7.2/../../../../avr/lib/avr5\libm.a(atan2.o)
                0x0000397c                atan2
 .text.avr-libc.fplib
                0x000039d2       0x50 c:/program files/atmel/atmel toolchain/avr8 gcc/native/3.4.2.1002/avr8-gnu-toolchain/bin/../lib/gcc/avr/4.7.2/../../../../avr/lib/avr5\libm.a(atan.o)
                0x000039d2                atan
 .text.avr-libc.fplib
                0x00003a22        0x8 c:/program files/atmel/atmel toolchain/avr8 gcc/native/3.4.2.1002/avr8-gnu-toolchain/bin/../lib/gcc/avr/4.7.2/../../../../avr/lib/avr5\libm.a(cmpsf2.o)
                0x00003a22                __nesf2
                0x00003a22                __eqsf2
                0x00003a22                __cmpsf2
                0x00003a22                __ltsf2
                0x00003a22                __lesf2
 .text.avr-libc.fplib
                0x00003a2a        0x6 c:/program files/atmel/atmel toolchain/avr8 gcc/native/3.4.2.1002/avr8-gnu-toolchain/bin/../lib/gcc/avr/4.7.2/../../../../avr/lib/avr5\libm.a(cos.o)
                0x00003a2a                cos
 .text.avr-libc.fplib
                0x00003a30        0x4 c:/program files/atmel/atmel toolchain/avr8 gcc/native/3.4.2.1002/avr8-gnu-toolchain/bin/../lib/gcc/avr/4.7.2/../../../../avr/lib/avr5\libm.a(divsf3.o)
                0x00003a30                __divsf3
 .text.avr-libc.fplib
                0x00003a34       0xcc c:/program files/atmel/atmel toolchain/avr8 gcc/native/3.4.2.1002/avr8-gnu-toolchain/bin/../lib/gcc/avr/4.7.2/../../../../avr/lib/avr5\libm.a(divsf3x.o)
                0x00003a4a                __divsf3x
                0x00003a4e                __divsf3_pse
 .text.avr-libc.fplib
                0x00003b00        0xa c:/program files/atmel/atmel toolchain/avr8 gcc/native/3.4.2.1002/avr8-gnu-toolchain/bin/../lib/gcc/avr/4.7.2/../../../../avr/lib/avr5\libm.a(fixsfsi.o)
                0x00003b00                __fixsfsi
 .text.avr-libc.fplib
                0x00003b0a       0x58 c:/program files/atmel/atmel toolchain/avr8 gcc/native/3.4.2.1002/avr8-gnu-toolchain/bin/../lib/gcc/avr/4.7.2/../../../../avr/lib/avr5\libm.a(fixunssfsi.o)
                0x00003b0a                __fixunssfsi
 .text.avr-libc.fplib
                0x00003b62       0x7a c:/program files/atmel/atmel toolchain/avr8 gcc/native/3.4.2.1002/avr8-gnu-toolchain/bin/../lib/gcc/avr/4.7.2/../../../../avr/lib/avr5\libm.a(floatsisf.o)
                0x00003b62                __floatunsisf
                0x00003b66                __floatsisf
 .text.avr-libc.fplib
                0x00003bdc       0x48 c:/program files/atmel/atmel toolchain/avr8 gcc/native/3.4.2.1002/avr8-gnu-toolchain/bin/../lib/gcc/avr/4.7.2/../../../../avr/lib/avr5\libm.a(fp_cmp.o)
                0x00003bdc                __fp_cmp
 .text.avr-libc.fplib
                0x00003c24        0xc c:/program files/atmel/atmel toolchain/avr8 gcc/native/3.4.2.1002/avr8-gnu-toolchain/bin/../lib/gcc/avr/4.7.2/../../../../avr/lib/avr5\libm.a(fp_inf.o)
                0x00003c24                __fp_inf
 .text.avr-libc.fplib
                0x00003c30        0x6 c:/program files/atmel/atmel toolchain/avr8 gcc/native/3.4.2.1002/avr8-gnu-toolchain/bin/../lib/gcc/avr/4.7.2/../../../../avr/lib/avr5\libm.a(fp_nan.o)
                0x00003c30                __fp_nan
 .text.avr-libc.fplib
                0x00003c36       0x4a c:/program files/atmel/atmel toolchain/avr8 gcc/native/3.4.2.1002/avr8-gnu-toolchain/bin/../lib/gcc/avr/4.7.2/../../../../avr/lib/avr5\libm.a(fp_powser.o)
                0x00003c36                __fp_powser
 .text.avr-libc.fplib
                0x00003c80        0xe c:/program files/atmel/atmel toolchain/avr8 gcc/native/3.4.2.1002/avr8-gnu-toolchain/bin/../lib/gcc/avr/4.7.2/../../../../avr/lib/avr5\libm.a(fp_pscA.o)
                0x00003c80                __fp_pscA
 .text.avr-libc.fplib
                0x00003c8e        0xe c:/program files/atmel/atmel toolchain/avr8 gcc/native/3.4.2.1002/avr8-gnu-toolchain/bin/../lib/gcc/avr/4.7.2/../../../../avr/lib/avr5\libm.a(fp_pscB.o)
                0x00003c8e                __fp_pscB
 .text.avr-libc.fplib
                0x00003c9c       0x50 c:/program files/atmel/atmel toolchain/avr8 gcc/native/3.4.2.1002/avr8-gnu-toolchain/bin/../lib/gcc/avr/4.7.2/../../../../avr/lib/avr5\libm.a(fp_rempio2.o)
                0x00003c9e                __fp_rempio2
 .text.avr-libc.fplib
                0x00003cec       0x22 c:/program files/atmel/atmel toolchain/avr8 gcc/native/3.4.2.1002/avr8-gnu-toolchain/bin/../lib/gcc/avr/4.7.2/../../../../avr/lib/avr5\libm.a(fp_round.o)
                0x00003cec                __fp_round
 .text.avr-libc.fplib
                0x00003d0e       0x22 c:/program files/atmel/atmel toolchain/avr8 gcc/native/3.4.2.1002/avr8-gnu-toolchain/bin/../lib/gcc/avr/4.7.2/../../../../avr/lib/avr5\libm.a(fp_sinus.o)
                0x00003d0e                __fp_sinus
 .text.avr-libc.fplib
                0x00003d30       0x44 c:/program files/atmel/atmel toolchain/avr8 gcc/native/3.4.2.1002/avr8-gnu-toolchain/bin/../lib/gcc/avr/4.7.2/../../../../avr/lib/avr5\libm.a(fp_split3.o)
                0x00003d30                __fp_split3
                0x00003d40                __fp_splitA
 .text.avr-libc.fplib
                0x00003d74        0xe c:/program files/atmel/atmel toolchain/avr8 gcc/native/3.4.2.1002/avr8-gnu-toolchain/bin/../lib/gcc/avr/4.7.2/../../../../avr/lib/avr5\libm.a(fp_zero.o)
                0x00003d74                __fp_zero
                0x00003d76                __fp_szero
 .text.avr-libc.fplib
                0x00003d82        0x8 c:/program files/atmel/atmel toolchain/avr8 gcc/native/3.4.2.1002/avr8-gnu-toolchain/bin/../lib/gcc/avr/4.7.2/../../../../avr/lib/avr5\libm.a(gesf2.o)
                0x00003d82                __gesf2
                0x00003d82                __gtsf2
 .text.avr-libc.fplib
                0x00003d8a        0xe c:/program files/atmel/atmel toolchain/avr8 gcc/native/3.4.2.1002/avr8-gnu-toolchain/bin/../lib/gcc/avr/4.7.2/../../../../avr/lib/avr5\libm.a(inverse.o)
                0x00003d8a                inverse
 .text.avr-libc.fplib
                0x00003d98        0x4 c:/program files/atmel/atmel toolchain/avr8 gcc/native/3.4.2.1002/avr8-gnu-toolchain/bin/../lib/gcc/avr/4.7.2/../../../../avr/lib/avr5\libm.a(mulsf3.o)
                0x00003d98                __mulsf3
 .text.avr-libc.fplib
                0x00003d9c       0xc2 c:/program files/atmel/atmel toolchain/avr8 gcc/native/3.4.2.1002/avr8-gnu-toolchain/bin/../lib/gcc/avr/4.7.2/../../../../avr/lib/avr5\libm.a(mulsf3x.o)
                0x00003db0                __mulsf3x
                0x00003db4                __mulsf3_pse
 .text.avr-libc.fplib
                0x00003e5e        0xc c:/program files/atmel/atmel toolchain/avr8 gcc/native/3.4.2.1002/avr8-gnu-toolchain/bin/../lib/gcc/avr/4.7.2/../../../../avr/lib/avr5\libm.a(sin.o)
                0x00003e5e                sin
 .text.avr-libc.fplib
                0x00003e6a        0x6 c:/program files/atmel/atmel toolchain/avr8 gcc/native/3.4.2.1002/avr8-gnu-toolchain/bin/../lib/gcc/avr/4.7.2/../../../../avr/lib/avr5\libm.a(square.o)
                0x00003e6a                square
 .text.avr-libc.fplib
                0x00003e70       0x1c c:/program files/atmel/atmel toolchain/avr8 gcc/native/3.4.2.1002/avr8-gnu-toolchain/bin/../lib/gcc/avr/4.7.2/../../../../avr/lib/avr5\libm.a(fp_mpack.o)
                0x00003e70                __fp_mpack
                0x00003e74                __fp_mpack_finite
 .text.avr-libc.fplib
                0x00003e8c       0x22 c:/program files/atmel/atmel toolchain/avr8 gcc/native/3.4.2.1002/avr8-gnu-toolchain/bin/../lib/gcc/avr/4.7.2/../../../../avr/lib/avr5\libm.a(fp_powsodd.o)
                0x00003e8c                __fp_powsodd
 .text.libgcc.mul
                0x00003eae       0x20 c:/program files/atmel/atmel toolchain/avr8 gcc/native/3.4.2.1002/avr8-gnu-toolchain/bin/../lib/gcc/avr/4.7.2/avr5\libgcc.a(_mulsi3.o)
                0x00003eae                __mulsi3
 .text.libgcc.div
                0x00003ece       0x28 c:/program files/atmel/atmel toolchain/avr8 gcc/native/3.4.2.1002/avr8-gnu-toolchain/bin/../lib/gcc/avr/4.7.2/avr5\libgcc.a(_divmodhi4.o)
                0x00003ece                _div
                0x00003ece                __divmodhi4
 .text.libgcc.div
                0x00003ef6       0x44 c:/program files/atmel/atmel toolchain/avr8 gcc/native/3.4.2.1002/avr8-gnu-toolchain/bin/../lib/gcc/avr/4.7.2/avr5\libgcc.a(_udivmodsi4.o)
                0x00003ef6                __udivmodsi4
 .text.libgcc.div
                0x00003f3a       0x38 c:/program files/atmel/atmel toolchain/avr8 gcc/native/3.4.2.1002/avr8-gnu-toolchain/bin/../lib/gcc/avr/4.7.2/avr5\libgcc.a(_divmodsi4.o)
                0x00003f3a                __divmodsi4
 .text.libgcc.mul
                0x00003f72       0x16 c:/program files/atmel/atmel toolchain/avr8 gcc/native/3.4.2.1002/avr8-gnu-toolchain/bin/../lib/gcc/avr/4.7.2/avr5\libgcc.a(_muluhisi3.o)
                0x00003f72                __muluhisi3
 .text.libgcc.mul
                0x00003f88       0x10 c:/program files/atmel/atmel toolchain/avr8 gcc/native/3.4.2.1002/avr8-gnu-toolchain/bin/../lib/gcc/avr/4.7.2/avr5\libgcc.a(_mulshisi3.o)
                0x00003f88                __mulshisi3
                0x00003f8e                __mulohisi3
 .text.libgcc.div
                0x00003f98       0x28 c:/program files/atmel/atmel toolchain/avr8 gcc/native/3.4.2.1002/avr8-gnu-toolchain/bin/../lib/gcc/avr/4.7.2/avr5\libgcc.a(_udivmodhi4.o)
                0x00003f98                __udivmodhi4
 .text.libgcc.mul
                0x00003fc0       0x18 c:/program files/atmel/atmel toolchain/avr8 gcc/native/3.4.2.1002/avr8-gnu-toolchain/bin/../lib/gcc/avr/4.7.2/avr5\libgcc.a(_umulhisi3.o)
                0x00003fc0                __umulhisi3
 .text.avr-libc
                0x00003fd8       0x12 c:/program files/atmel/atmel toolchain/avr8 gcc/native/3.4.2.1002/avr8-gnu-toolchain/bin/../lib/gcc/avr/4.7.2/../../../../avr/lib/avr5\libc.a(strcmp.o)
                0x00003fd8                strcmp
 .text.avr-libc
                0x00003fea       0x68 c:/program files/atmel/atmel toolchain/avr8 gcc/native/3.4.2.1002/avr8-gnu-toolchain/bin/../lib/gcc/avr/4.7.2/../../../../avr/lib/avr5\libc.a(ltoa.o)
                0x00003fea                ltoa
 .text.avr-libc
                0x00004052       0x20 c:/program files/atmel/atmel toolchain/avr8 gcc/native/3.4.2.1002/avr8-gnu-toolchain/bin/../lib/gcc/avr/4.7.2/../../../../avr/lib/avr5\libc.a(strrev.o)
                0x00004052                strrev
                0x00004072                . = ALIGN (0x2)
 *(.fini9)
 .fini9         0x00004072        0x0 c:/program files/atmel/atmel toolchain/avr8 gcc/native/3.4.2.1002/avr8-gnu-toolchain/bin/../lib/gcc/avr/4.7.2/avr5\libgcc.a(_exit.o)
                0x00004072                _exit
                0x00004072                exit
 *(.fini9)
 *(.fini8)
 *(.fini8)
 *(.fini7)
 *(.fini7)
 *(.fini6)
 *(.fini6)
 *(.fini5)
 *(.fini5)
 *(.fini4)
 *(.fini4)
 *(.fini3)
 *(.fini3)
 *(.fini2)
 *(.fini2)
 *(.fini1)
 *(.fini1)
 *(.fini0)
 .fini0         0x00004072        0x4 c:/program files/atmel/atmel toolchain/avr8 gcc/native/3.4.2.1002/avr8-gnu-toolchain/bin/../lib/gcc/avr/4.7.2/avr5\libgcc.a(_exit.o)
 *(.fini0)
                0x00004076                _etext = .

.data           0x00800060      0x1b6 load address 0x00004076
                0x00800060                PROVIDE (__data_start, .)
 *(.data)
 .data          0x00800060        0x0 c:/program files/atmel/atmel toolchain/avr8 gcc/native/3.4.2.1002/avr8-gnu-toolchain/bin/../lib/gcc/avr/4.7.2/../../../../avr/lib/avr5/crtm32.o
 .data          0x00800060        0x0 Accelerometer.o
 .data          0x00800060        0x0 Barometer.o
 .data          0x00800060        0x0 ADC_Reading.o
 .data          0x00800060        0x0 Gyro.o
 .data          0x00800060        0x0 OLED_display.o
 .data          0x00800060        0x0 Magnetometer.o
 .data          0x00800060        0x0 port.o
 .data          0x00800060        0x0 ServoControl.o
 .data          0x00800060        0x0 SimpleTesting.o
 .data          0x00800060        0x0 uart.o
 .data          0x00800060        0x0 c:/program files/atmel/atmel toolchain/avr8 gcc/native/3.4.2.1002/avr8-gnu-toolchain/bin/../lib/gcc/avr/4.7.2/../../../../avr/lib/avr5\libm.a(addsf3.o)
 .data          0x00800060        0x0 c:/program files/atmel/atmel toolchain/avr8 gcc/native/3.4.2.1002/avr8-gnu-toolchain/bin/../lib/gcc/avr/4.7.2/../../../../avr/lib/avr5\libm.a(addsf3x.o)
 .data          0x00800060        0x0 c:/program files/atmel/atmel toolchain/avr8 gcc/native/3.4.2.1002/avr8-gnu-toolchain/bin/../lib/gcc/avr/4.7.2/../../../../avr/lib/avr5\libm.a(atan2.o)
 .data          0x00800060        0x0 c:/program files/atmel/atmel toolchain/avr8 gcc/native/3.4.2.1002/avr8-gnu-toolchain/bin/../lib/gcc/avr/4.7.2/../../../../avr/lib/avr5\libm.a(atan.o)
 .data          0x00800060        0x0 c:/program files/atmel/atmel toolchain/avr8 gcc/native/3.4.2.1002/avr8-gnu-toolchain/bin/../lib/gcc/avr/4.7.2/../../../../avr/lib/avr5\libm.a(cmpsf2.o)
 .data          0x00800060        0x0 c:/program files/atmel/atmel toolchain/avr8 gcc/native/3.4.2.1002/avr8-gnu-toolchain/bin/../lib/gcc/avr/4.7.2/../../../../avr/lib/avr5\libm.a(cos.o)
 .data          0x00800060        0x0 c:/program files/atmel/atmel toolchain/avr8 gcc/native/3.4.2.1002/avr8-gnu-toolchain/bin/../lib/gcc/avr/4.7.2/../../../../avr/lib/avr5\libm.a(divsf3.o)
 .data          0x00800060        0x0 c:/program files/atmel/atmel toolchain/avr8 gcc/native/3.4.2.1002/avr8-gnu-toolchain/bin/../lib/gcc/avr/4.7.2/../../../../avr/lib/avr5\libm.a(divsf3x.o)
 .data          0x00800060        0x0 c:/program files/atmel/atmel toolchain/avr8 gcc/native/3.4.2.1002/avr8-gnu-toolchain/bin/../lib/gcc/avr/4.7.2/../../../../avr/lib/avr5\libm.a(fixsfsi.o)
 .data          0x00800060        0x0 c:/program files/atmel/atmel toolchain/avr8 gcc/native/3.4.2.1002/avr8-gnu-toolchain/bin/../lib/gcc/avr/4.7.2/../../../../avr/lib/avr5\libm.a(fixunssfsi.o)
 .data          0x00800060        0x0 c:/program files/atmel/atmel toolchain/avr8 gcc/native/3.4.2.1002/avr8-gnu-toolchain/bin/../lib/gcc/avr/4.7.2/../../../../avr/lib/avr5\libm.a(floatsisf.o)
 .data          0x00800060        0x0 c:/program files/atmel/atmel toolchain/avr8 gcc/native/3.4.2.1002/avr8-gnu-toolchain/bin/../lib/gcc/avr/4.7.2/../../../../avr/lib/avr5\libm.a(fp_cmp.o)
 .data          0x00800060        0x0 c:/program files/atmel/atmel toolchain/avr8 gcc/native/3.4.2.1002/avr8-gnu-toolchain/bin/../lib/gcc/avr/4.7.2/../../../../avr/lib/avr5\libm.a(fp_inf.o)
 .data          0x00800060        0x0 c:/program files/atmel/atmel toolchain/avr8 gcc/native/3.4.2.1002/avr8-gnu-toolchain/bin/../lib/gcc/avr/4.7.2/../../../../avr/lib/avr5\libm.a(fp_nan.o)
 .data          0x00800060        0x0 c:/program files/atmel/atmel toolchain/avr8 gcc/native/3.4.2.1002/avr8-gnu-toolchain/bin/../lib/gcc/avr/4.7.2/../../../../avr/lib/avr5\libm.a(fp_powser.o)
 .data          0x00800060        0x0 c:/program files/atmel/atmel toolchain/avr8 gcc/native/3.4.2.1002/avr8-gnu-toolchain/bin/../lib/gcc/avr/4.7.2/../../../../avr/lib/avr5\libm.a(fp_pscA.o)
 .data          0x00800060        0x0 c:/program files/atmel/atmel toolchain/avr8 gcc/native/3.4.2.1002/avr8-gnu-toolchain/bin/../lib/gcc/avr/4.7.2/../../../../avr/lib/avr5\libm.a(fp_pscB.o)
 .data          0x00800060        0x0 c:/program files/atmel/atmel toolchain/avr8 gcc/native/3.4.2.1002/avr8-gnu-toolchain/bin/../lib/gcc/avr/4.7.2/../../../../avr/lib/avr5\libm.a(fp_rempio2.o)
 .data          0x00800060        0x0 c:/program files/atmel/atmel toolchain/avr8 gcc/native/3.4.2.1002/avr8-gnu-toolchain/bin/../lib/gcc/avr/4.7.2/../../../../avr/lib/avr5\libm.a(fp_round.o)
 .data          0x00800060        0x0 c:/program files/atmel/atmel toolchain/avr8 gcc/native/3.4.2.1002/avr8-gnu-toolchain/bin/../lib/gcc/avr/4.7.2/../../../../avr/lib/avr5\libm.a(fp_sinus.o)
 .data          0x00800060        0x0 c:/program files/atmel/atmel toolchain/avr8 gcc/native/3.4.2.1002/avr8-gnu-toolchain/bin/../lib/gcc/avr/4.7.2/../../../../avr/lib/avr5\libm.a(fp_split3.o)
 .data          0x00800060        0x0 c:/program files/atmel/atmel toolchain/avr8 gcc/native/3.4.2.1002/avr8-gnu-toolchain/bin/../lib/gcc/avr/4.7.2/../../../../avr/lib/avr5\libm.a(fp_zero.o)
 .data          0x00800060        0x0 c:/program files/atmel/atmel toolchain/avr8 gcc/native/3.4.2.1002/avr8-gnu-toolchain/bin/../lib/gcc/avr/4.7.2/../../../../avr/lib/avr5\libm.a(gesf2.o)
 .data          0x00800060        0x0 c:/program files/atmel/atmel toolchain/avr8 gcc/native/3.4.2.1002/avr8-gnu-toolchain/bin/../lib/gcc/avr/4.7.2/../../../../avr/lib/avr5\libm.a(inverse.o)
 .data          0x00800060        0x0 c:/program files/atmel/atmel toolchain/avr8 gcc/native/3.4.2.1002/avr8-gnu-toolchain/bin/../lib/gcc/avr/4.7.2/../../../../avr/lib/avr5\libm.a(mulsf3.o)
 .data          0x00800060        0x0 c:/program files/atmel/atmel toolchain/avr8 gcc/native/3.4.2.1002/avr8-gnu-toolchain/bin/../lib/gcc/avr/4.7.2/../../../../avr/lib/avr5\libm.a(mulsf3x.o)
 .data          0x00800060        0x0 c:/program files/atmel/atmel toolchain/avr8 gcc/native/3.4.2.1002/avr8-gnu-toolchain/bin/../lib/gcc/avr/4.7.2/../../../../avr/lib/avr5\libm.a(sin.o)
 .data          0x00800060        0x0 c:/program files/atmel/atmel toolchain/avr8 gcc/native/3.4.2.1002/avr8-gnu-toolchain/bin/../lib/gcc/avr/4.7.2/../../../../avr/lib/avr5\libm.a(square.o)
 .data          0x00800060        0x0 c:/program files/atmel/atmel toolchain/avr8 gcc/native/3.4.2.1002/avr8-gnu-toolchain/bin/../lib/gcc/avr/4.7.2/../../../../avr/lib/avr5\libm.a(fp_mpack.o)
 .data          0x00800060        0x0 c:/program files/atmel/atmel toolchain/avr8 gcc/native/3.4.2.1002/avr8-gnu-toolchain/bin/../lib/gcc/avr/4.7.2/../../../../avr/lib/avr5\libm.a(fp_powsodd.o)
 .data          0x00800060        0x0 c:/program files/atmel/atmel toolchain/avr8 gcc/native/3.4.2.1002/avr8-gnu-toolchain/bin/../lib/gcc/avr/4.7.2/avr5\libgcc.a(_mulsi3.o)
 .data          0x00800060        0x0 c:/program files/atmel/atmel toolchain/avr8 gcc/native/3.4.2.1002/avr8-gnu-toolchain/bin/../lib/gcc/avr/4.7.2/avr5\libgcc.a(_divmodhi4.o)
 .data          0x00800060        0x0 c:/program files/atmel/atmel toolchain/avr8 gcc/native/3.4.2.1002/avr8-gnu-toolchain/bin/../lib/gcc/avr/4.7.2/avr5\libgcc.a(_udivmodsi4.o)
 .data          0x00800060        0x0 c:/program files/atmel/atmel toolchain/avr8 gcc/native/3.4.2.1002/avr8-gnu-toolchain/bin/../lib/gcc/avr/4.7.2/avr5\libgcc.a(_divmodsi4.o)
 .data          0x00800060        0x0 c:/program files/atmel/atmel toolchain/avr8 gcc/native/3.4.2.1002/avr8-gnu-toolchain/bin/../lib/gcc/avr/4.7.2/avr5\libgcc.a(_exit.o)
 .data          0x00800060        0x0 c:/program files/atmel/atmel toolchain/avr8 gcc/native/3.4.2.1002/avr8-gnu-toolchain/bin/../lib/gcc/avr/4.7.2/avr5\libgcc.a(_copy_data.o)
 .data          0x00800060        0x0 c:/program files/atmel/atmel toolchain/avr8 gcc/native/3.4.2.1002/avr8-gnu-toolchain/bin/../lib/gcc/avr/4.7.2/avr5\libgcc.a(_clear_bss.o)
 .data          0x00800060        0x0 c:/program files/atmel/atmel toolchain/avr8 gcc/native/3.4.2.1002/avr8-gnu-toolchain/bin/../lib/gcc/avr/4.7.2/avr5\libgcc.a(_muluhisi3.o)
 .data          0x00800060        0x0 c:/program files/atmel/atmel toolchain/avr8 gcc/native/3.4.2.1002/avr8-gnu-toolchain/bin/../lib/gcc/avr/4.7.2/avr5\libgcc.a(_mulshisi3.o)
 .data          0x00800060        0x0 c:/program files/atmel/atmel toolchain/avr8 gcc/native/3.4.2.1002/avr8-gnu-toolchain/bin/../lib/gcc/avr/4.7.2/avr5\libgcc.a(_udivmodhi4.o)
 .data          0x00800060        0x0 c:/program files/atmel/atmel toolchain/avr8 gcc/native/3.4.2.1002/avr8-gnu-toolchain/bin/../lib/gcc/avr/4.7.2/avr5\libgcc.a(_umulhisi3.o)
 .data          0x00800060        0x0 c:/program files/atmel/atmel toolchain/avr8 gcc/native/3.4.2.1002/avr8-gnu-toolchain/bin/../lib/gcc/avr/4.7.2/../../../../avr/lib/avr5\libc.a(atoi.o)
 .data          0x00800060        0x0 c:/program files/atmel/atmel toolchain/avr8 gcc/native/3.4.2.1002/avr8-gnu-toolchain/bin/../lib/gcc/avr/4.7.2/../../../../avr/lib/avr5\libc.a(strcmp.o)
 .data          0x00800060        0x0 c:/program files/atmel/atmel toolchain/avr8 gcc/native/3.4.2.1002/avr8-gnu-toolchain/bin/../lib/gcc/avr/4.7.2/../../../../avr/lib/avr5\libc.a(itoa.o)
 .data          0x00800060        0x0 c:/program files/atmel/atmel toolchain/avr8 gcc/native/3.4.2.1002/avr8-gnu-toolchain/bin/../lib/gcc/avr/4.7.2/../../../../avr/lib/avr5\libc.a(ltoa.o)
 .data          0x00800060        0x0 c:/program files/atmel/atmel toolchain/avr8 gcc/native/3.4.2.1002/avr8-gnu-toolchain/bin/../lib/gcc/avr/4.7.2/../../../../avr/lib/avr5\libc.a(mul10.o)
 .data          0x00800060        0x0 c:/program files/atmel/atmel toolchain/avr8 gcc/native/3.4.2.1002/avr8-gnu-toolchain/bin/../lib/gcc/avr/4.7.2/../../../../avr/lib/avr5\libc.a(strrev.o)
 *(.data*)
 .data.ctrl_out
                0x00800060       0x1c ServoControl.o
                0x00800060                ctrl_out
 .data.Kd_head  0x0080007c        0x1 SimpleTesting.o
                0x0080007c                Kd_head
 .data.Kp_head  0x0080007d        0x1 SimpleTesting.o
                0x0080007d                Kp_head
 .data.R_angle  0x0080007e        0x4 SimpleTesting.o
                0x0080007e                R_angle
 .data.Q_gyro   0x00800082        0x4 SimpleTesting.o
                0x00800082                Q_gyro
 .data.Q_angle  0x00800086        0x4 SimpleTesting.o
                0x00800086                Q_angle
 .data.Ki_Phi   0x0080008a        0x1 SimpleTesting.o
                0x0080008a                Ki_Phi
 .data.Kd_Phi   0x0080008b        0x1 SimpleTesting.o
                0x0080008b                Kd_Phi
 .data.Kp_Phi   0x0080008c        0x1 SimpleTesting.o
                0x0080008c                Kp_Phi
 .data.K_p_q    0x0080008d        0x1 SimpleTesting.o
                0x0080008d                K_p_q
 .data.Ki_Theta
                0x0080008e        0x1 SimpleTesting.o
                0x0080008e                Ki_Theta
 .data.Kd_Theta
                0x0080008f        0x1 SimpleTesting.o
                0x0080008f                Kd_Theta
 .data.Kp_Theta
                0x00800090        0x1 SimpleTesting.o
                0x00800090                Kp_Theta
 .data.alpha_turn
                0x00800091        0x4 SimpleTesting.o
                0x00800091                alpha_turn
 .data.Ki_speed
                0x00800095        0x1 SimpleTesting.o
                0x00800095                Ki_speed
 .data.Kp_speed
                0x00800096        0x1 SimpleTesting.o
                0x00800096                Kp_speed
 .data.Kp_alt   0x00800097        0x1 SimpleTesting.o
                0x00800097                Kp_alt
 .data.alpha_alt
                0x00800098        0x4 SimpleTesting.o
                0x00800098                alpha_alt
 .data.flap_delta
                0x0080009c        0x1 SimpleTesting.o
                0x0080009c                flap_delta
 .data.flap_setpoint
                0x0080009d        0x2 SimpleTesting.o
                0x0080009d                flap_setpoint
 .data.task_speed
                0x0080009f        0x2 SimpleTesting.o
                0x0080009f                task_speed
 .data.task_baro
                0x008000a1        0x2 SimpleTesting.o
                0x008000a1                task_baro
 .data.task_acc
                0x008000a3        0x2 SimpleTesting.o
                0x008000a3                task_acc
 .data.task_gyro
                0x008000a5        0x2 SimpleTesting.o
                0x008000a5                task_gyro
 *(.rodata)
 *(.rodata*)
 .rodata.str1.1
                0x008000a7        0xc Accelerometer.o
 .rodata.str1.1
                0x008000b3       0x1a Barometer.o
 .rodata.str1.1
                0x008000cd       0x14 ADC_Reading.o
 .rodata.str1.1
                0x008000e1       0x39 Gyro.o
 .rodata.str1.1
                0x0080011a        0xc Magnetometer.o
 .rodata.str1.1
                0x00800126       0x12 ServoControl.o
 .rodata.str1.1
                0x00800138       0xdb SimpleTesting.o
 .rodata.str1.1
                0x00800213        0x3 uart.o
 *(.gnu.linkonce.d*)
                0x00800216                . = ALIGN (0x2)
                0x00800216                _edata = .
                0x00800216                PROVIDE (__data_end, .)

.bss            0x00800216      0x437
                0x00800216                PROVIDE (__bss_start, .)
 *(.bss)
 *(.bss*)
 .bss.acc_z_g   0x00800216        0x2 Accelerometer.o
                0x00800216                acc_z_g
 .bss.acc_z     0x00800218        0x2 Accelerometer.o
                0x00800218                acc_z
 .bss.acc_z_l   0x0080021a        0x1 Accelerometer.o
                0x0080021a                acc_z_l
 .bss.acc_z_h   0x0080021b        0x1 Accelerometer.o
                0x0080021b                acc_z_h
 .bss.acc_y_g   0x0080021c        0x2 Accelerometer.o
                0x0080021c                acc_y_g
 .bss.acc_y     0x0080021e        0x2 Accelerometer.o
                0x0080021e                acc_y
 .bss.acc_y_l   0x00800220        0x1 Accelerometer.o
                0x00800220                acc_y_l
 .bss.acc_y_h   0x00800221        0x1 Accelerometer.o
                0x00800221                acc_y_h
 .bss.acc_x_g   0x00800222        0x2 Accelerometer.o
                0x00800222                acc_x_g
 .bss.acc_x     0x00800224        0x2 Accelerometer.o
                0x00800224                acc_x
 .bss.acc_x_l   0x00800226        0x1 Accelerometer.o
                0x00800226                acc_x_l
 .bss.acc_x_h   0x00800227        0x1 Accelerometer.o
                0x00800227                acc_x_h
 .bss.baro_previous
                0x00800228        0x2 Barometer.o
                0x00800228                baro_previous
 .bss.baro_p    0x0080022a        0x2 Barometer.o
                0x0080022a                baro_p
 .bss.baro_offset
                0x0080022c        0x2 Barometer.o
                0x0080022c                baro_offset
 .bss.baro_cal_flag
                0x0080022e        0x1 Barometer.o
                0x0080022e                baro_cal_flag
 .bss.baro_p_l  0x0080022f        0x1 Barometer.o
                0x0080022f                baro_p_l
 .bss.baro_p_c  0x00800230        0x1 Barometer.o
                0x00800230                baro_p_c
 .bss.baro_p_h  0x00800231        0x1 Barometer.o
                0x00800231                baro_p_h
 .bss.speed     0x00800232        0x4 ADC_Reading.o
                0x00800232                speed
 .bss.v_raw     0x00800236        0x2 ADC_Reading.o
                0x00800236                v_raw
 .bss.cal_complete
                0x00800238        0x2 Gyro.o
                0x00800238                cal_complete
 .bss.gyro_r_offset
                0x0080023a        0x2 Gyro.o
                0x0080023a                gyro_r_offset
 .bss.gyro_q_offset
                0x0080023c        0x2 Gyro.o
                0x0080023c                gyro_q_offset
 .bss.gyro_p_offset
                0x0080023e        0x2 Gyro.o
                0x0080023e                gyro_p_offset
 .bss.cal_count
                0x00800240        0x2 Gyro.o
                0x00800240                cal_count
 .bss.gyro_z    0x00800242        0x2 Gyro.o
                0x00800242                gyro_z
 .bss.gyro_z_l  0x00800244        0x1 Gyro.o
                0x00800244                gyro_z_l
 .bss.gyro_z_h  0x00800245        0x1 Gyro.o
                0x00800245                gyro_z_h
 .bss.gyro_y    0x00800246        0x2 Gyro.o
                0x00800246                gyro_y
 .bss.gyro_y_l  0x00800248        0x1 Gyro.o
                0x00800248                gyro_y_l
 .bss.gyro_y_h  0x00800249        0x1 Gyro.o
                0x00800249                gyro_y_h
 .bss.gyro_x    0x0080024a        0x2 Gyro.o
                0x0080024a                gyro_x
 .bss.gyro_x_l  0x0080024c        0x1 Gyro.o
                0x0080024c                gyro_x_l
 .bss.gyro_x_h  0x0080024d        0x1 Gyro.o
                0x0080024d                gyro_x_h
 .bss.mag_heading
                0x0080024e        0x2 Magnetometer.o
                0x0080024e                mag_heading
 .bss.mag_z_meas
                0x00800250        0x2 Magnetometer.o
                0x00800250                mag_z_meas
 .bss.mag_z_l   0x00800252        0x1 Magnetometer.o
                0x00800252                mag_z_l
 .bss.mag_z_h   0x00800253        0x1 Magnetometer.o
                0x00800253                mag_z_h
 .bss.max_y_geo_z
                0x00800254        0x2 Magnetometer.o
                0x00800254                max_y_geo_z
 .bss.mag_y_geo
                0x00800256        0x2 Magnetometer.o
                0x00800256                mag_y_geo
 .bss.mag_y_meas
                0x00800258        0x2 Magnetometer.o
                0x00800258                mag_y_meas
 .bss.mag_y_l   0x0080025a        0x1 Magnetometer.o
                0x0080025a                mag_y_l
 .bss.mag_y_h   0x0080025b        0x1 Magnetometer.o
                0x0080025b                mag_y_h
 .bss.max_x_geo_z
                0x0080025c        0x2 Magnetometer.o
                0x0080025c                max_x_geo_z
 .bss.mag_x_geo
                0x0080025e        0x2 Magnetometer.o
                0x0080025e                mag_x_geo
 .bss.mag_x_meas
                0x00800260        0x2 Magnetometer.o
                0x00800260                mag_x_meas
 .bss.mag_x_l   0x00800262        0x1 Magnetometer.o
                0x00800262                mag_x_l
 .bss.mag_x_h   0x00800263        0x1 Magnetometer.o
                0x00800263                mag_x_h
 .bss.first_pulse
                0x00800264        0x2 ServoControl.o
                0x00800264                first_pulse
 .bss.channel   0x00800266        0x1 ServoControl.o
                0x00800266                channel
 .bss.ctrl      0x00800267        0x1 ServoControl.o
                0x00800267                ctrl
 .bss.ctrl_out_DAMP
                0x00800268       0x1c ServoControl.o
                0x00800268                ctrl_out_DAMP
 .bss.ctrl_out_PID
                0x00800284       0x1c ServoControl.o
                0x00800284                ctrl_out_PID
 .bss.ctrl_in   0x008002a0       0x12 ServoControl.o
                0x008002a0                ctrl_in
 .bss.sample_time
                0x008002b2        0x4 SimpleTesting.o
                0x008002b2                sample_time
 .bss.comp_count
                0x008002b6        0x1 SimpleTesting.o
                0x008002b6                comp_count
 .bss.task_flag
                0x008002b7        0x1 SimpleTesting.o
                0x008002b7                task_flag
 .bss.cal_cnt   0x008002b8        0x1 SimpleTesting.o
                0x008002b8                cal_cnt
 .bss.flash_count
                0x008002b9        0x1 SimpleTesting.o
                0x008002b9                flash_count
 .bss.lights_enabled
                0x008002ba        0x1 SimpleTesting.o
                0x008002ba                lights_enabled
 .bss.GPS_home_set
                0x008002bb        0x1 SimpleTesting.o
                0x008002bb                GPS_home_set
 .bss.GPS_DIS_TO_GOAL
                0x008002bc        0x4 SimpleTesting.o
                0x008002bc                GPS_DIS_TO_GOAL
 .bss.GPS_POS_LAT_SEC
                0x008002c0        0x4 SimpleTesting.o
                0x008002c0                GPS_POS_LAT_SEC
 .bss.GPS_POS_LAT_MIN
                0x008002c4        0x1 SimpleTesting.o
                0x008002c4                GPS_POS_LAT_MIN
 .bss.GPS_POS_DIF_Y
                0x008002c5        0x4 SimpleTesting.o
                0x008002c5                GPS_POS_DIF_Y
 .bss.heading_error_sum
                0x008002c9        0x2 SimpleTesting.o
                0x008002c9                heading_error_sum
 .bss.heading_goal
                0x008002cb        0x2 SimpleTesting.o
                0x008002cb                heading_goal
 .bss.heading_GPS
                0x008002cd        0x2 SimpleTesting.o
                0x008002cd                heading_GPS
 .bss.K_1_Phi   0x008002cf        0x4 SimpleTesting.o
                0x008002cf                K_1_Phi
 .bss.P_11_Phi  0x008002d3        0x4 SimpleTesting.o
                0x008002d3                P_11_Phi
 .bss.p_bias    0x008002d7        0x4 SimpleTesting.o
                0x008002d7                p_bias
 .bss.K_1_Theta
                0x008002db        0x4 SimpleTesting.o
                0x008002db                K_1_Theta
 .bss.P_11_Theta
                0x008002df        0x4 SimpleTesting.o
                0x008002df                P_11_Theta
 .bss.q_bias    0x008002e3        0x4 SimpleTesting.o
                0x008002e3                q_bias
 .bss.Phi_acc   0x008002e7        0x4 SimpleTesting.o
                0x008002e7                Phi_acc
 .bss.Theta_acc
                0x008002eb        0x4 SimpleTesting.o
                0x008002eb                Theta_acc
 .bss.Phi_error_prev
                0x008002ef        0x4 SimpleTesting.o
                0x008002ef                Phi_error_prev
 .bss.Phi_error_sum
                0x008002f3        0x4 SimpleTesting.o
                0x008002f3                Phi_error_sum
 .bss.Phi_error
                0x008002f7        0x4 SimpleTesting.o
                0x008002f7                Phi_error
 .bss.Phi_hold_0
                0x008002fb        0x4 SimpleTesting.o
                0x008002fb                Phi_hold_0
 .bss.Phi       0x008002ff        0x4 SimpleTesting.o
                0x008002ff                Phi
 .bss.Theta_error_prev
                0x00800303        0x4 SimpleTesting.o
                0x00800303                Theta_error_prev
 .bss.r_filt_prev
                0x00800307        0x1 SimpleTesting.o
                0x00800307                r_filt_prev
 .bss.speed_cnt
                0x00800308        0x1 SimpleTesting.o
                0x00800308                speed_cnt
 .bss.speed_error_prev
                0x00800309        0x4 SimpleTesting.o
                0x00800309                speed_error_prev
 .bss.speed_cal
                0x0080030d        0x4 SimpleTesting.o
                0x0080030d                speed_cal
 .bss.alt_error_prev
                0x00800311        0x2 SimpleTesting.o
                0x00800311                alt_error_prev
 .bss.alt_error_sum
                0x00800313        0x2 SimpleTesting.o
                0x00800313                alt_error_sum
 .bss.alt_error
                0x00800315        0x2 SimpleTesting.o
                0x00800315                alt_error
 .bss.alt_hold_0
                0x00800317        0x2 SimpleTesting.o
                0x00800317                alt_hold_0
 .bss.trimmed_rudder
                0x00800319        0x4 SimpleTesting.o
                0x00800319                trimmed_rudder
 .bss.trimmed_aileron
                0x0080031d        0x4 SimpleTesting.o
                0x0080031d                trimmed_aileron
 .bss.trimmed_motor
                0x00800321        0x4 SimpleTesting.o
                0x00800321                trimmed_motor
 .bss.trimmed_elevator
                0x00800325        0x4 SimpleTesting.o
                0x00800325                trimmed_elevator
 .bss.knob_flag
                0x00800329        0x1 SimpleTesting.o
                0x00800329                knob_flag
 .bss.state_change
                0x0080032a        0x1 SimpleTesting.o
                0x0080032a                state_change
 .bss.Ctrl_Mode_prev
                0x0080032b        0x1 SimpleTesting.o
                0x0080032b                Ctrl_Mode_prev
 .bss.Ctrl_Mode
                0x0080032c        0x1 SimpleTesting.o
                0x0080032c                Ctrl_Mode
 .bss.serial_log
                0x0080032d        0x2 SimpleTesting.o
                0x0080032d                serial_log
 .bss.task_mag  0x0080032f        0x2 SimpleTesting.o
                0x0080032f                task_mag
 .bss.GPS_param
                0x00800331        0x1 uart.o
                0x00800331                GPS_param
 .bss.UART_READY_FLAG
                0x00800332        0x1 uart.o
                0x00800332                UART_READY_FLAG
 *(COMMON)
 COMMON         0x00800333      0x23e Accelerometer.o
                0x00800333                GPS_RMC
                0x008003e3                GPS_GGA
                0x00800493                uart_reading
                0x00800494                uart_reading_ascii
                0x00800496                GPS_string
                0x00800546                uart_word_reset
                0x00800547                uart_counter
                0x00800549                uart_word
 COMMON         0x00800571       0x24 OLED_display.o
                0x00800571                ctrl_in_prev
                0x00800583                ctrl_in_offset
 COMMON         0x00800595       0xb7 SimpleTesting.o
                0x00800595                K_0_Theta
                0x00800599                GPS_POS_DIF_X
                0x0080059d                GPS_POS_HOME_X
                0x008005a1                GPS_POS_GOAL_X
                0x008005a5                acc_y_filt
                0x008005a7                S_Theta
                0x008005ab                acc_z_filt
                0x008005ad                speed_raw
                0x008005af                heading_error
                0x008005b1                speed_filt
                0x008005b3                alt_hold
                0x008005b5                Phi_hold
                0x008005b9                speed_filt_1
                0x008005bb                P_00_Phi
                0x008005bf                Theta_error
                0x008005c3                P_00_Psi
                0x008005c7                GPS_POS_HOME_Y
                0x008005cb                P_01_Psi
                0x008005cf                speed_error
                0x008005d3                P_01_Theta
                0x008005d7                Theta_hold
                0x008005db                p_filt_prev
                0x008005dc                acc_x_filt
                0x008005de                acc_y_filt_prev
                0x008005e0                heading_error_prev
                0x008005e2                P_10_Theta
                0x008005e6                r_raw
                0x008005e7                GPS_POS_LAT_DEG
                0x008005e8                acc_x_raw
                0x008005ea                Theta_temp
                0x008005ee                GPS_POS_CURRENT_Y
                0x008005f2                speed_filt_4
                0x008005f4                p_raw
                0x008005f5                P_00_Theta
                0x008005f9                Psi_temp
                0x008005fd                acc_z_raw
                0x008005ff                GPS_POS_GOAL_Y
                0x00800603                q_filt
                0x00800604                Theta_error_sum
                0x00800608                altitude_filt
                0x0080060a                speed_filt_2
                0x0080060c                GPS_POS_CURRENT_X
                0x00800610                speed_error_sum
                0x00800614                altitude_raw
                0x00800616                S_Phi
                0x0080061a                p_filt
                0x0080061b                Theta
                0x0080061f                P_10_Phi
                0x00800623                P_01_Phi
                0x00800627                acc_x_filt_prev
                0x00800629                K_0_Psi
                0x0080062d                acc_y_raw
                0x0080062f                Phi_temp
                0x00800633                heading_hold
                0x00800635                q_raw
                0x00800636                r_filt
                0x00800637                K_0_Phi
                0x0080063b                speed_filt_3
                0x0080063d                speed_hold
                0x00800641                S_Psi
                0x00800645                P_10_Psi
                0x00800649                q_filt_prev
                0x0080064a                heading
 COMMON         0x0080064c        0x1 uart.o
                0x0080064c                GPS_char
                0x0080064d                PROVIDE (__bss_end, .)
                0x00004076                __data_load_start = LOADADDR (.data)
                0x0000422c                __data_load_end = (__data_load_start + SIZEOF (.data))

.noinit         0x0080064d        0x0
                0x0080064d                PROVIDE (__noinit_start, .)
 *(.noinit*)
                0x0080064d                PROVIDE (__noinit_end, .)
                0x0080064d                _end = .
                0x0080064d                PROVIDE (__heap_start, .)

.eeprom         0x00810000        0x0
 *(.eeprom*)
                0x00810000                __eeprom_end = .

.fuse
 *(.fuse)
 *(.lfuse)
 *(.hfuse)
 *(.efuse)

.lock
 *(.lock*)

.signature
 *(.signature*)

.user_signatures
 *(.user_signatures*)

.stab           0x00000000     0x37c8
 *(.stab)
 .stab          0x00000000      0x6cc c:/program files/atmel/atmel toolchain/avr8 gcc/native/3.4.2.1002/avr8-gnu-toolchain/bin/../lib/gcc/avr/4.7.2/../../../../avr/lib/avr5/crtm32.o
 .stab          0x000006cc       0x78 c:/program files/atmel/atmel toolchain/avr8 gcc/native/3.4.2.1002/avr8-gnu-toolchain/bin/../lib/gcc/avr/4.7.2/../../../../avr/lib/avr5\libm.a(addsf3.o)
                                 0x84 (size before relaxing)
 .stab          0x00000744      0x4bc c:/program files/atmel/atmel toolchain/avr8 gcc/native/3.4.2.1002/avr8-gnu-toolchain/bin/../lib/gcc/avr/4.7.2/../../../../avr/lib/avr5\libm.a(addsf3x.o)
                                0x4c8 (size before relaxing)
 .stab          0x00000c00      0x2f4 c:/program files/atmel/atmel toolchain/avr8 gcc/native/3.4.2.1002/avr8-gnu-toolchain/bin/../lib/gcc/avr/4.7.2/../../../../avr/lib/avr5\libm.a(atan2.o)
                                0x300 (size before relaxing)
 .stab          0x00000ef4      0x210 c:/program files/atmel/atmel toolchain/avr8 gcc/native/3.4.2.1002/avr8-gnu-toolchain/bin/../lib/gcc/avr/4.7.2/../../../../avr/lib/avr5\libm.a(atan.o)
                                0x21c (size before relaxing)
 .stab          0x00001104       0x90 c:/program files/atmel/atmel toolchain/avr8 gcc/native/3.4.2.1002/avr8-gnu-toolchain/bin/../lib/gcc/avr/4.7.2/../../../../avr/lib/avr5\libm.a(cmpsf2.o)
                                 0x9c (size before relaxing)
 .stab          0x00001194       0x54 c:/program files/atmel/atmel toolchain/avr8 gcc/native/3.4.2.1002/avr8-gnu-toolchain/bin/../lib/gcc/avr/4.7.2/../../../../avr/lib/avr5\libm.a(cos.o)
                                 0x60 (size before relaxing)
 .stab          0x000011e8       0x48 c:/program files/atmel/atmel toolchain/avr8 gcc/native/3.4.2.1002/avr8-gnu-toolchain/bin/../lib/gcc/avr/4.7.2/../../../../avr/lib/avr5\libm.a(divsf3.o)
                                 0x54 (size before relaxing)
 .stab          0x00001230      0x510 c:/program files/atmel/atmel toolchain/avr8 gcc/native/3.4.2.1002/avr8-gnu-toolchain/bin/../lib/gcc/avr/4.7.2/../../../../avr/lib/avr5\libm.a(divsf3x.o)
                                0x51c (size before relaxing)
 .stab          0x00001740       0x6c c:/program files/atmel/atmel toolchain/avr8 gcc/native/3.4.2.1002/avr8-gnu-toolchain/bin/../lib/gcc/avr/4.7.2/../../../../avr/lib/avr5\libm.a(fixsfsi.o)
                                 0x78 (size before relaxing)
 .stab          0x000017ac      0x240 c:/program files/atmel/atmel toolchain/avr8 gcc/native/3.4.2.1002/avr8-gnu-toolchain/bin/../lib/gcc/avr/4.7.2/../../../../avr/lib/avr5\libm.a(fixunssfsi.o)
                                0x24c (size before relaxing)
 .stab          0x000019ec      0x318 c:/program files/atmel/atmel toolchain/avr8 gcc/native/3.4.2.1002/avr8-gnu-toolchain/bin/../lib/gcc/avr/4.7.2/../../../../avr/lib/avr5\libm.a(floatsisf.o)
                                0x324 (size before relaxing)
 .stab          0x00001d04      0x1e0 c:/program files/atmel/atmel toolchain/avr8 gcc/native/3.4.2.1002/avr8-gnu-toolchain/bin/../lib/gcc/avr/4.7.2/../../../../avr/lib/avr5\libm.a(fp_cmp.o)
                                0x1ec (size before relaxing)
 .stab          0x00001ee4       0x78 c:/program files/atmel/atmel toolchain/avr8 gcc/native/3.4.2.1002/avr8-gnu-toolchain/bin/../lib/gcc/avr/4.7.2/../../../../avr/lib/avr5\libm.a(fp_inf.o)
                                 0x84 (size before relaxing)
 .stab          0x00001f5c       0x54 c:/program files/atmel/atmel toolchain/avr8 gcc/native/3.4.2.1002/avr8-gnu-toolchain/bin/../lib/gcc/avr/4.7.2/../../../../avr/lib/avr5\libm.a(fp_nan.o)
                                 0x60 (size before relaxing)
 .stab          0x00001fb0      0x1ec c:/program files/atmel/atmel toolchain/avr8 gcc/native/3.4.2.1002/avr8-gnu-toolchain/bin/../lib/gcc/avr/4.7.2/../../../../avr/lib/avr5\libm.a(fp_powser.o)
                                0x1f8 (size before relaxing)
 .stab          0x0000219c       0x84 c:/program files/atmel/atmel toolchain/avr8 gcc/native/3.4.2.1002/avr8-gnu-toolchain/bin/../lib/gcc/avr/4.7.2/../../../../avr/lib/avr5\libm.a(fp_pscA.o)
                                 0x90 (size before relaxing)
 .stab          0x00002220       0x84 c:/program files/atmel/atmel toolchain/avr8 gcc/native/3.4.2.1002/avr8-gnu-toolchain/bin/../lib/gcc/avr/4.7.2/../../../../avr/lib/avr5\libm.a(fp_pscB.o)
                                 0x90 (size before relaxing)
 .stab          0x000022a4      0x21c c:/program files/atmel/atmel toolchain/avr8 gcc/native/3.4.2.1002/avr8-gnu-toolchain/bin/../lib/gcc/avr/4.7.2/../../../../avr/lib/avr5\libm.a(fp_rempio2.o)
                                0x228 (size before relaxing)
 .stab          0x000024c0       0xfc c:/program files/atmel/atmel toolchain/avr8 gcc/native/3.4.2.1002/avr8-gnu-toolchain/bin/../lib/gcc/avr/4.7.2/../../../../avr/lib/avr5\libm.a(fp_round.o)
                                0x108 (size before relaxing)
 .stab          0x000025bc       0xfc c:/program files/atmel/atmel toolchain/avr8 gcc/native/3.4.2.1002/avr8-gnu-toolchain/bin/../lib/gcc/avr/4.7.2/../../../../avr/lib/avr5\libm.a(fp_sinus.o)
                                0x108 (size before relaxing)
 .stab          0x000026b8      0x1d4 c:/program files/atmel/atmel toolchain/avr8 gcc/native/3.4.2.1002/avr8-gnu-toolchain/bin/../lib/gcc/avr/4.7.2/../../../../avr/lib/avr5\libm.a(fp_split3.o)
                                0x1e0 (size before relaxing)
 .stab          0x0000288c       0x90 c:/program files/atmel/atmel toolchain/avr8 gcc/native/3.4.2.1002/avr8-gnu-toolchain/bin/../lib/gcc/avr/4.7.2/../../../../avr/lib/avr5\libm.a(fp_zero.o)
                                 0x9c (size before relaxing)
 .stab          0x0000291c       0x6c c:/program files/atmel/atmel toolchain/avr8 gcc/native/3.4.2.1002/avr8-gnu-toolchain/bin/../lib/gcc/avr/4.7.2/../../../../avr/lib/avr5\libm.a(gesf2.o)
                                 0x78 (size before relaxing)
 .stab          0x00002988       0x84 c:/program files/atmel/atmel toolchain/avr8 gcc/native/3.4.2.1002/avr8-gnu-toolchain/bin/../lib/gcc/avr/4.7.2/../../../../avr/lib/avr5\libm.a(inverse.o)
                                 0x90 (size before relaxing)
 .stab          0x00002a0c       0x48 c:/program files/atmel/atmel toolchain/avr8 gcc/native/3.4.2.1002/avr8-gnu-toolchain/bin/../lib/gcc/avr/4.7.2/../../../../avr/lib/avr5\libm.a(mulsf3.o)
                                 0x54 (size before relaxing)
 .stab          0x00002a54      0x4d4 c:/program files/atmel/atmel toolchain/avr8 gcc/native/3.4.2.1002/avr8-gnu-toolchain/bin/../lib/gcc/avr/4.7.2/../../../../avr/lib/avr5\libm.a(mulsf3x.o)
                                0x4e0 (size before relaxing)
 .stab          0x00002f28       0x78 c:/program files/atmel/atmel toolchain/avr8 gcc/native/3.4.2.1002/avr8-gnu-toolchain/bin/../lib/gcc/avr/4.7.2/../../../../avr/lib/avr5\libm.a(sin.o)
                                 0x84 (size before relaxing)
 .stab          0x00002fa0       0x54 c:/program files/atmel/atmel toolchain/avr8 gcc/native/3.4.2.1002/avr8-gnu-toolchain/bin/../lib/gcc/avr/4.7.2/../../../../avr/lib/avr5\libm.a(square.o)
                                 0x60 (size before relaxing)
 .stab          0x00002ff4       0xe4 c:/program files/atmel/atmel toolchain/avr8 gcc/native/3.4.2.1002/avr8-gnu-toolchain/bin/../lib/gcc/avr/4.7.2/../../../../avr/lib/avr5\libm.a(fp_mpack.o)
                                 0xf0 (size before relaxing)
 .stab          0x000030d8       0xfc c:/program files/atmel/atmel toolchain/avr8 gcc/native/3.4.2.1002/avr8-gnu-toolchain/bin/../lib/gcc/avr/4.7.2/../../../../avr/lib/avr5\libm.a(fp_powsodd.o)
                                0x108 (size before relaxing)
 .stab          0x000031d4      0x174 c:/program files/atmel/atmel toolchain/avr8 gcc/native/3.4.2.1002/avr8-gnu-toolchain/bin/../lib/gcc/avr/4.7.2/../../../../avr/lib/avr5\libc.a(atoi.o)
                                0x180 (size before relaxing)
 .stab          0x00003348       0x84 c:/program files/atmel/atmel toolchain/avr8 gcc/native/3.4.2.1002/avr8-gnu-toolchain/bin/../lib/gcc/avr/4.7.2/../../../../avr/lib/avr5\libc.a(strcmp.o)
                                 0x90 (size before relaxing)
 .stab          0x000033cc       0x18 c:/program files/atmel/atmel toolchain/avr8 gcc/native/3.4.2.1002/avr8-gnu-toolchain/bin/../lib/gcc/avr/4.7.2/../../../../avr/lib/avr5\libc.a(itoa.o)
                                0x1bc (size before relaxing)
 .stab          0x000033e4      0x294 c:/program files/atmel/atmel toolchain/avr8 gcc/native/3.4.2.1002/avr8-gnu-toolchain/bin/../lib/gcc/avr/4.7.2/../../../../avr/lib/avr5\libc.a(ltoa.o)
                                0x2a0 (size before relaxing)
 .stab          0x00003678       0x78 c:/program files/atmel/atmel toolchain/avr8 gcc/native/3.4.2.1002/avr8-gnu-toolchain/bin/../lib/gcc/avr/4.7.2/../../../../avr/lib/avr5\libc.a(mul10.o)
                                 0x84 (size before relaxing)
 .stab          0x000036f0       0xd8 c:/program files/atmel/atmel toolchain/avr8 gcc/native/3.4.2.1002/avr8-gnu-toolchain/bin/../lib/gcc/avr/4.7.2/../../../../avr/lib/avr5\libc.a(strrev.o)
                                 0xe4 (size before relaxing)

.stabstr        0x00000000     0x10e5
 *(.stabstr)
 .stabstr       0x00000000     0x10e5 c:/program files/atmel/atmel toolchain/avr8 gcc/native/3.4.2.1002/avr8-gnu-toolchain/bin/../lib/gcc/avr/4.7.2/../../../../avr/lib/avr5/crtm32.o

.stab.excl
 *(.stab.excl)

.stab.exclstr
 *(.stab.exclstr)

.stab.index
 *(.stab.index)

.stab.indexstr
 *(.stab.indexstr)

.comment        0x00000000       0x2f
 *(.comment)
 .comment       0x00000000       0x2f Accelerometer.o
                                 0x30 (size before relaxing)
 .comment       0x00000000       0x30 Barometer.o
 .comment       0x00000000       0x30 ADC_Reading.o
 .comment       0x00000000       0x30 Gyro.o
 .comment       0x00000000       0x30 OLED_display.o
 .comment       0x00000000       0x30 Magnetometer.o
 .comment       0x00000000       0x30 port.o
 .comment       0x00000000       0x30 ServoControl.o
 .comment       0x00000000       0x30 SimpleTesting.o
 .comment       0x00000000       0x30 uart.o

.debug
 *(.debug)

.line
 *(.line)

.debug_srcinfo
 *(.debug_srcinfo)

.debug_sfnames
 *(.debug_sfnames)

.debug_aranges  0x00000000      0x2c8
 *(.debug_aranges)
 .debug_aranges
                0x00000000       0x30 Accelerometer.o
 .debug_aranges
                0x00000030       0x38 Barometer.o
 .debug_aranges
                0x00000068       0x40 ADC_Reading.o
 .debug_aranges
                0x000000a8       0x48 Gyro.o
 .debug_aranges
                0x000000f0       0x30 OLED_display.o
 .debug_aranges
                0x00000120       0x30 Magnetometer.o
 .debug_aranges
                0x00000150       0x68 port.o
 .debug_aranges
                0x000001b8       0x38 ServoControl.o
 .debug_aranges
                0x000001f0       0x48 SimpleTesting.o
 .debug_aranges
                0x00000238       0x90 uart.o

.debug_pubnames
 *(.debug_pubnames)

.debug_info     0x00000000     0x4f78
 *(.debug_info)
 .debug_info    0x00000000      0x5d9 Accelerometer.o
 .debug_info    0x000005d9      0x748 Barometer.o
 .debug_info    0x00000d21      0x443 ADC_Reading.o
 .debug_info    0x00001164      0xa78 Gyro.o
 .debug_info    0x00001bdc      0x5f2 OLED_display.o
 .debug_info    0x000021ce      0x667 Magnetometer.o
 .debug_info    0x00002835      0x1d0 port.o
 .debug_info    0x00002a05      0x2a4 ServoControl.o
 .debug_info    0x00002ca9     0x1b2d SimpleTesting.o
 .debug_info    0x000047d6      0x7a2 uart.o
 *(.gnu.linkonce.wi.*)

.debug_abbrev   0x00000000      0xf63
 *(.debug_abbrev)
 .debug_abbrev  0x00000000      0x158 Accelerometer.o
 .debug_abbrev  0x00000158      0x14c Barometer.o
 .debug_abbrev  0x000002a4      0x1a6 ADC_Reading.o
 .debug_abbrev  0x0000044a      0x1f7 Gyro.o
 .debug_abbrev  0x00000641      0x1ed OLED_display.o
 .debug_abbrev  0x0000082e      0x149 Magnetometer.o
 .debug_abbrev  0x00000977       0xb0 port.o
 .debug_abbrev  0x00000a27       0xe9 ServoControl.o
 .debug_abbrev  0x00000b10      0x2d1 SimpleTesting.o
 .debug_abbrev  0x00000de1      0x182 uart.o

.debug_line     0x00000000     0x13ca
 *(.debug_line)
 .debug_line    0x00000000      0x132 Accelerometer.o
 .debug_line    0x00000132      0x153 Barometer.o
 .debug_line    0x00000285      0x208 ADC_Reading.o
 .debug_line    0x0000048d      0x21a Gyro.o
 .debug_line    0x000006a7      0x1d2 OLED_display.o
 .debug_line    0x00000879      0x12d Magnetometer.o
 .debug_line    0x000009a6      0x1b3 port.o
 .debug_line    0x00000b59      0x166 ServoControl.o
 .debug_line    0x00000cbf      0x4fe SimpleTesting.o
 .debug_line    0x000011bd      0x20d uart.o

.debug_frame    0x00000000      0x6c8
 *(.debug_frame)
 .debug_frame   0x00000000       0x64 Accelerometer.o
 .debug_frame   0x00000064       0x68 Barometer.o
 .debug_frame   0x000000cc       0x70 ADC_Reading.o
 .debug_frame   0x0000013c       0xd8 Gyro.o
 .debug_frame   0x00000214       0x50 OLED_display.o
 .debug_frame   0x00000264       0xb0 Magnetometer.o
 .debug_frame   0x00000314       0xb4 port.o
 .debug_frame   0x000003c8       0xc0 ServoControl.o
 .debug_frame   0x00000488       0xa0 SimpleTesting.o
 .debug_frame   0x00000528      0x1a0 uart.o

.debug_str      0x00000000     0x1201
 *(.debug_str)
 .debug_str     0x00000000      0x25d Accelerometer.o
                                0x2b3 (size before relaxing)
 .debug_str     0x0000025d       0xe9 Barometer.o
                                0x2f0 (size before relaxing)
 .debug_str     0x00000346       0xef ADC_Reading.o
                                0x273 (size before relaxing)
 .debug_str     0x00000435      0x142 Gyro.o
                                0x3c9 (size before relaxing)
 .debug_str     0x00000577       0xd7 OLED_display.o
                                0x2bc (size before relaxing)
 .debug_str     0x0000064e       0xe3 Magnetometer.o
                                0x2ef (size before relaxing)
 .debug_str     0x00000731       0x23 port.o
                                0x17f (size before relaxing)
 .debug_str     0x00000754       0x76 ServoControl.o
                                0x1f6 (size before relaxing)
 .debug_str     0x000007ca      0x986 SimpleTesting.o
                                0xd17 (size before relaxing)
 .debug_str     0x00001150       0xb1 uart.o
                                0x25d (size before relaxing)

.debug_loc      0x00000000     0x11bb
 *(.debug_loc)
 .debug_loc     0x00000000      0x1e8 Accelerometer.o
 .debug_loc     0x000001e8       0xd3 Barometer.o
 .debug_loc     0x000002bb       0x50 ADC_Reading.o
 .debug_loc     0x0000030b      0x342 Gyro.o
 .debug_loc     0x0000064d       0xe7 OLED_display.o
 .debug_loc     0x00000734      0x226 Magnetometer.o
 .debug_loc     0x0000095a       0x7c port.o
 .debug_loc     0x000009d6      0x150 ServoControl.o
 .debug_loc     0x00000b26      0x1d1 SimpleTesting.o
 .debug_loc     0x00000cf7      0x4c4 uart.o

.debug_macinfo
 *(.debug_macinfo)

.debug_pubtypes
 *(.debug_pubtypes)

.debug_ranges   0x00000000      0x228
 *(.debug_ranges)
 .debug_ranges  0x00000000       0x20 Accelerometer.o
 .debug_ranges  0x00000020       0x28 Barometer.o
 .debug_ranges  0x00000048       0x30 ADC_Reading.o
 .debug_ranges  0x00000078       0x38 Gyro.o
 .debug_ranges  0x000000b0       0x20 OLED_display.o
 .debug_ranges  0x000000d0       0x20 Magnetometer.o
 .debug_ranges  0x000000f0       0x58 port.o
 .debug_ranges  0x00000148       0x28 ServoControl.o
 .debug_ranges  0x00000170       0x38 SimpleTesting.o
 .debug_ranges  0x000001a8       0x80 uart.o

.debug_macro
 *(.debug_macro)
OUTPUT(SimpleTesting.elf elf32-avr)
LOAD linker stubs
